Archive member included to satisfy reference by file (symbol)

/opt/Atollic_TrueSTUDIO_for_STM32_x86_64_9.3.0/ARMTools/bin/../lib/gcc/arm-atollic-eabi/6.3.1/../../../../arm-atollic-eabi/lib/armv7-m/libc_nano.a(lib_a-errno.o)
                              Src/syscalls.o (__errno)
/opt/Atollic_TrueSTUDIO_for_STM32_x86_64_9.3.0/ARMTools/bin/../lib/gcc/arm-atollic-eabi/6.3.1/../../../../arm-atollic-eabi/lib/armv7-m/libc_nano.a(lib_a-impure.o)
                              /opt/Atollic_TrueSTUDIO_for_STM32_x86_64_9.3.0/ARMTools/bin/../lib/gcc/arm-atollic-eabi/6.3.1/../../../../arm-atollic-eabi/lib/armv7-m/libc_nano.a(lib_a-errno.o) (_impure_ptr)
/opt/Atollic_TrueSTUDIO_for_STM32_x86_64_9.3.0/ARMTools/bin/../lib/gcc/arm-atollic-eabi/6.3.1/../../../../arm-atollic-eabi/lib/armv7-m/libc_nano.a(lib_a-init.o)
                              startup/startup_stm32f103xb.o (__libc_init_array)
/opt/Atollic_TrueSTUDIO_for_STM32_x86_64_9.3.0/ARMTools/bin/../lib/gcc/arm-atollic-eabi/6.3.1/../../../../arm-atollic-eabi/lib/armv7-m/libc_nano.a(lib_a-memmove.o)
                              Src/ssd1306_tests.o (memmove)
/opt/Atollic_TrueSTUDIO_for_STM32_x86_64_9.3.0/ARMTools/bin/../lib/gcc/arm-atollic-eabi/6.3.1/../../../../arm-atollic-eabi/lib/armv7-m/libc_nano.a(lib_a-memset.o)
                              Drivers/STM32F1xx_HAL_Driver/Src/stm32f1xx_hal_rcc.o (memset)
/opt/Atollic_TrueSTUDIO_for_STM32_x86_64_9.3.0/ARMTools/bin/../lib/gcc/arm-atollic-eabi/6.3.1/../../../../arm-atollic-eabi/lib/armv7-m/libc_nano.a(lib_a-putchar.o)
                              Src/main.o (putchar)
/opt/Atollic_TrueSTUDIO_for_STM32_x86_64_9.3.0/ARMTools/bin/../lib/gcc/arm-atollic-eabi/6.3.1/../../../../arm-atollic-eabi/lib/armv7-m/libc_nano.a(lib_a-snprintf.o)
                              Src/main.o (snprintf)
/opt/Atollic_TrueSTUDIO_for_STM32_x86_64_9.3.0/ARMTools/bin/../lib/gcc/arm-atollic-eabi/6.3.1/../../../../arm-atollic-eabi/lib/armv7-m/libc_nano.a(lib_a-findfp.o)
                              /opt/Atollic_TrueSTUDIO_for_STM32_x86_64_9.3.0/ARMTools/bin/../lib/gcc/arm-atollic-eabi/6.3.1/../../../../arm-atollic-eabi/lib/armv7-m/libc_nano.a(lib_a-putchar.o) (__sinit)
/opt/Atollic_TrueSTUDIO_for_STM32_x86_64_9.3.0/ARMTools/bin/../lib/gcc/arm-atollic-eabi/6.3.1/../../../../arm-atollic-eabi/lib/armv7-m/libc_nano.a(lib_a-fwalk.o)
                              /opt/Atollic_TrueSTUDIO_for_STM32_x86_64_9.3.0/ARMTools/bin/../lib/gcc/arm-atollic-eabi/6.3.1/../../../../arm-atollic-eabi/lib/armv7-m/libc_nano.a(lib_a-findfp.o) (_fwalk)
/opt/Atollic_TrueSTUDIO_for_STM32_x86_64_9.3.0/ARMTools/bin/../lib/gcc/arm-atollic-eabi/6.3.1/../../../../arm-atollic-eabi/lib/armv7-m/libc_nano.a(lib_a-nano-mallocr.o)
                              /opt/Atollic_TrueSTUDIO_for_STM32_x86_64_9.3.0/ARMTools/bin/../lib/gcc/arm-atollic-eabi/6.3.1/../../../../arm-atollic-eabi/lib/armv7-m/libc_nano.a(lib_a-findfp.o) (_malloc_r)
/opt/Atollic_TrueSTUDIO_for_STM32_x86_64_9.3.0/ARMTools/bin/../lib/gcc/arm-atollic-eabi/6.3.1/../../../../arm-atollic-eabi/lib/armv7-m/libc_nano.a(lib_a-nano-svfprintf.o)
                              /opt/Atollic_TrueSTUDIO_for_STM32_x86_64_9.3.0/ARMTools/bin/../lib/gcc/arm-atollic-eabi/6.3.1/../../../../arm-atollic-eabi/lib/armv7-m/libc_nano.a(lib_a-snprintf.o) (_svfprintf_r)
/opt/Atollic_TrueSTUDIO_for_STM32_x86_64_9.3.0/ARMTools/bin/../lib/gcc/arm-atollic-eabi/6.3.1/../../../../arm-atollic-eabi/lib/armv7-m/libc_nano.a(lib_a-nano-vfprintf_i.o)
                              /opt/Atollic_TrueSTUDIO_for_STM32_x86_64_9.3.0/ARMTools/bin/../lib/gcc/arm-atollic-eabi/6.3.1/../../../../arm-atollic-eabi/lib/armv7-m/libc_nano.a(lib_a-nano-svfprintf.o) (_printf_i)
/opt/Atollic_TrueSTUDIO_for_STM32_x86_64_9.3.0/ARMTools/bin/../lib/gcc/arm-atollic-eabi/6.3.1/../../../../arm-atollic-eabi/lib/armv7-m/libc_nano.a(lib_a-putc.o)
                              /opt/Atollic_TrueSTUDIO_for_STM32_x86_64_9.3.0/ARMTools/bin/../lib/gcc/arm-atollic-eabi/6.3.1/../../../../arm-atollic-eabi/lib/armv7-m/libc_nano.a(lib_a-putchar.o) (_putc_r)
/opt/Atollic_TrueSTUDIO_for_STM32_x86_64_9.3.0/ARMTools/bin/../lib/gcc/arm-atollic-eabi/6.3.1/../../../../arm-atollic-eabi/lib/armv7-m/libc_nano.a(lib_a-sbrkr.o)
                              /opt/Atollic_TrueSTUDIO_for_STM32_x86_64_9.3.0/ARMTools/bin/../lib/gcc/arm-atollic-eabi/6.3.1/../../../../arm-atollic-eabi/lib/armv7-m/libc_nano.a(lib_a-nano-mallocr.o) (_sbrk_r)
/opt/Atollic_TrueSTUDIO_for_STM32_x86_64_9.3.0/ARMTools/bin/../lib/gcc/arm-atollic-eabi/6.3.1/../../../../arm-atollic-eabi/lib/armv7-m/libc_nano.a(lib_a-stdio.o)
                              /opt/Atollic_TrueSTUDIO_for_STM32_x86_64_9.3.0/ARMTools/bin/../lib/gcc/arm-atollic-eabi/6.3.1/../../../../arm-atollic-eabi/lib/armv7-m/libc_nano.a(lib_a-findfp.o) (__sread)
/opt/Atollic_TrueSTUDIO_for_STM32_x86_64_9.3.0/ARMTools/bin/../lib/gcc/arm-atollic-eabi/6.3.1/../../../../arm-atollic-eabi/lib/armv7-m/libc_nano.a(lib_a-wbuf.o)
[...]
Memory Configuration

Name             Origin             Length             Attributes
RAM              0x0000000020000000 0x0000000000005000 xrw
FLASH            0x0000000008000000 0x0000000000010000 xr
*default*        0x0000000000000000 0xffffffffffffffff

Linker script and memory map

LOAD /opt/Atollic_TrueSTUDIO_for_STM32_x86_64_9.3.0/ARMTools/bin/../lib/gcc/arm-atollic-eabi/6.3.1/armv7-m/crti.o
LOAD /opt/Atollic_TrueSTUDIO_for_STM32_x86_64_9.3.0/ARMTools/bin/../lib/gcc/arm-atollic-eabi/6.3.1/armv7-m/crtbegin.o
LOAD Drivers/STM32F1xx_HAL_Driver/Src/stm32f1xx_hal.o
LOAD Drivers/STM32F1xx_HAL_Driver/Src/stm32f1xx_hal_cortex.o
LOAD Drivers/STM32F1xx_HAL_Driver/Src/stm32f1xx_hal_dma.o
LOAD Drivers/STM32F1xx_HAL_Driver/Src/stm32f1xx_hal_flash.o
LOAD Drivers/STM32F1xx_HAL_Driver/Src/stm32f1xx_hal_flash_ex.o
LOAD Drivers/STM32F1xx_HAL_Driver/Src/stm32f1xx_hal_gpio.o
LOAD Drivers/STM32F1xx_HAL_Driver/Src/stm32f1xx_hal_gpio_ex.o
LOAD Drivers/STM32F1xx_HAL_Driver/Src/stm32f1xx_hal_i2c.o
LOAD Drivers/STM32F1xx_HAL_Driver/Src/stm32f1xx_hal_pwr.o
LOAD Drivers/STM32F1xx_HAL_Driver/Src/stm32f1xx_hal_rcc.o
LOAD Drivers/STM32F1xx_HAL_Driver/Src/stm32f1xx_hal_rcc_ex.o
LOAD Drivers/STM32F1xx_HAL_Driver/Src/stm32f1xx_hal_tim.o
LOAD Drivers/STM32F1xx_HAL_Driver/Src/stm32f1xx_hal_tim_ex.o
LOAD Drivers/STM32F1xx_HAL_Driver/Src/stm32f1xx_hal_uart.o
LOAD Src/IRremote.o
LOAD Src/irPronto.o
LOAD Src/irSend.o
LOAD Src/ir_Aiwa.o
LOAD Src/ir_Denon.o
LOAD Src/ir_Dish.o
LOAD Src/ir_JVC.o
LOAD Src/ir_LG.o
LOAD Src/ir_Mitsubishi.o
LOAD Src/ir_NEC.o
LOAD Src/ir_Panasonic.o
LOAD Src/ir_RC5_RC6.o
LOAD Src/ir_Samsung.o
LOAD Src/ir_Sanyo.o
LOAD Src/ir_Sharp.o
LOAD Src/ir_Sony.o
LOAD Src/ir_Template.o
LOAD Src/ir_Whynter.o
LOAD Src/main.o
LOAD Src/sd_hal_mpu6050.o
LOAD Src/ssd1306.o
LOAD Src/ssd1306_fonts.o
LOAD Src/ssd1306_tests.o
LOAD Src/stm32f1xx_hal_msp.o
LOAD Src/stm32f1xx_it.o
LOAD Src/syscalls.o
LOAD Src/system_stm32f1xx.o
LOAD startup/startup_stm32f103xb.o
                0x0000000000000080                malloc_getpagesize_P = 0x80
START GROUP
LOAD /opt/Atollic_TrueSTUDIO_for_STM32_x86_64_9.3.0/ARMTools/bin/../lib/gcc/arm-atollic-eabi/6.3.1/../../../../arm-atollic-eabi/lib/armv7-m/libc_nano.a
LOAD /opt/Atollic_TrueSTUDIO_for_STM32_x86_64_9.3.0/ARMTools/bin/../lib/gcc/arm-atollic-eabi/6.3.1/../../../../arm-atollic-eabi/lib/armv7-m/libm.a
END GROUP
START GROUP
LOAD /opt/Atollic_TrueSTUDIO_for_STM32_x86_64_9.3.0/ARMTools/bin/../lib/gcc/arm-atollic-eabi/6.3.1/armv7-m/libgcc.a
LOAD /opt/Atollic_TrueSTUDIO_for_STM32_x86_64_9.3.0/ARMTools/bin/../lib/gcc/arm-atollic-eabi/6.3.1/../../../../arm-atollic-eabi/lib/armv7-m/libc_nano.a
END GROUP
START GROUP
LOAD /opt/Atollic_TrueSTUDIO_for_STM32_x86_64_9.3.0/ARMTools/bin/../lib/gcc/arm-atollic-eabi/6.3.1/armv7-m/libgcc.a
LOAD /opt/Atollic_TrueSTUDIO_for_STM32_x86_64_9.3.0/ARMTools/bin/../lib/gcc/arm-atollic-eabi/6.3.1/../../../../arm-atollic-eabi/lib/armv7-m/libc_nano.a
LOAD /opt/Atollic_TrueSTUDIO_for_STM32_x86_64_9.3.0/ARMTools/bin/../lib/gcc/arm-atollic-eabi/6.3.1/../../../../arm-atollic-eabi/lib/armv7-m/libnosys.a
END GROUP
START GROUP
LOAD /opt/Atollic_TrueSTUDIO_for_STM32_x86_64_9.3.0/ARMTools/bin/../lib/gcc/arm-atollic-eabi/6.3.1/armv7-m/libgcc.a
LOAD /opt/Atollic_TrueSTUDIO_for_STM32_x86_64_9.3.0/ARMTools/bin/../lib/gcc/arm-atollic-eabi/6.3.1/../../../../arm-atollic-eabi/lib/armv7-m/libc_nano.a
LOAD /opt/Atollic_TrueSTUDIO_for_STM32_x86_64_9.3.0/ARMTools/bin/../lib/gcc/arm-atollic-eabi/6.3.1/../../../../arm-atollic-eabi/lib/armv7-m/libnosys.a
END GROUP
LOAD /opt/Atollic_TrueSTUDIO_for_STM32_x86_64_9.3.0/ARMTools/bin/../lib/gcc/arm-atollic-eabi/6.3.1/armv7-m/crtend.o
LOAD /opt/Atollic_TrueSTUDIO_for_STM32_x86_64_9.3.0/ARMTools/bin/../lib/gcc/arm-atollic-eabi/6.3.1/armv7-m/crtn.o
                0x0000000020005000                _estack = 0x20005000
                0x0000000000000200                _Min_Heap_Size = 0x200
                0x0000000000000400                _Min_Stack_Size = 0x400

.isr_vector     0x0000000008000000      0x10c
                0x0000000008000000                . = ALIGN (0x4)
 *(.isr_vector)
 .isr_vector    0x0000000008000000      0x10c startup/startup_stm32f103xb.o
                0x0000000008000000                g_pfnVectors
                0x000000000800010c                . = ALIGN (0x4)

.text           0x0000000008000110     0x641c
                0x0000000008000110                . = ALIGN (0x4)
 *(.text)
 .text          0x0000000008000110       0x40 /opt/Atollic_TrueSTUDIO_for_STM32_x86_64_9.3.0/ARMTools/bin/../lib/gcc/arm-atollic-eabi/6.3.1/armv7-m/crtbegin.o
 .text          0x0000000008000150      0x370 /opt/Atollic_TrueSTUDIO_for_STM32_x86_64_9.3.0/ARMTools/bin/../lib/gcc/arm-atollic-eabi/6.3.1/armv7-m/libgcc.a(_arm_addsubdf3.o)
                0x0000000008000150                __aeabi_drsub
                0x0000000008000158                __aeabi_dsub
                0x0000000008000158                __subdf3
                0x000000000800015c                __adddf3
                0x000000000800015c                __aeabi_dadd
                0x00000000080003d4                __aeabi_ui2d
                0x00000000080003d4                __floatunsidf
                0x00000000080003f4                __floatsidf
                0x00000000080003f4                __aeabi_i2d
                0x0000000008000418                __extendsfdf2
                0x0000000008000418                __aeabi_f2d
                0x0000000008000454                __aeabi_ul2d
                0x0000000008000454                __floatundidf
                0x0000000008000464                __floatdidf
                0x0000000008000464                __aeabi_l2d
 .text          0x00000000080004c0      0x424 /opt/Atollic_TrueSTUDIO_for_STM32_x86_64_9.3.0/ARMTools/bin/../lib/gcc/arm-atollic-eabi/6.3.1/armv7-m/libgcc.a(_arm_muldivdf3.o)
                0x00000000080004c0                __aeabi_dmul
                0x00000000080004c0                __muldf3
                0x0000000008000714                __aeabi_ddiv
                0x0000000008000714                __divdf3
 .text          0x00000000080008e4      0x110 /opt/Atollic_TrueSTUDIO_for_STM32_x86_64_9.3.0/ARMTools/bin/../lib/gcc/arm-atollic-eabi/6.3.1/armv7-m/libgcc.a(_arm_cmpdf2.o)
                0x00000000080008e4                __gtdf2
                0x00000000080008e4                __gedf2
                0x00000000080008ec                __ltdf2
                0x00000000080008ec                __ledf2
                0x00000000080008f4                __cmpdf2
                0x00000000080008f4                __eqdf2
                0x00000000080008f4                __nedf2
                0x0000000008000970                __aeabi_cdrcmple
                0x0000000008000980                __aeabi_cdcmple
                0x0000000008000980                __aeabi_cdcmpeq
                0x0000000008000990                __aeabi_dcmpeq
                0x00000000080009a4                __aeabi_dcmplt
                0x00000000080009b8                __aeabi_dcmple
                0x00000000080009cc                __aeabi_dcmpge
                0x00000000080009e0                __aeabi_dcmpgt
 .text          0x00000000080009f4       0x50 /opt/Atollic_TrueSTUDIO_for_STM32_x86_64_9.3.0/ARMTools/bin/../lib/gcc/arm-atollic-eabi/6.3.1/armv7-m/libgcc.a(_arm_fixdfsi.o)
                0x00000000080009f4                __fixdfsi
                0x00000000080009f4                __aeabi_d2iz
 .text          0x0000000008000a44      0x21c /opt/Atollic_TrueSTUDIO_for_STM32_x86_64_9.3.0/ARMTools/bin/../lib/gcc/arm-atollic-eabi/6.3.1/armv7-m/libgcc.a(_arm_addsubsf3.o)
                0x0000000008000a44                __aeabi_frsub
                0x0000000008000a4c                __subsf3
                0x0000000008000a4c                __aeabi_fsub
                0x0000000008000a50                __aeabi_fadd
                0x0000000008000a50                __addsf3
                0x0000000008000bb0                __aeabi_ui2f
                0x0000000008000bb0                __floatunsisf
                0x0000000008000bb8                __aeabi_i2f
                0x0000000008000bb8                __floatsisf
                0x0000000008000bd4                __floatundisf
                0x0000000008000bd4                __aeabi_ul2f
                0x0000000008000be4                __floatdisf
                0x0000000008000be4                __aeabi_l2f
 .text          0x0000000008000c60      0x2a0 /opt/Atollic_TrueSTUDIO_for_STM32_x86_64_9.3.0/ARMTools/bin/../lib/gcc/arm-atollic-eabi/6.3.1/armv7-m/libgcc.a(_arm_muldivsf3.o)
                0x0000000008000c60                __mulsf3
                0x0000000008000c60                __aeabi_fmul
                0x0000000008000dc8                __divsf3
                0x0000000008000dc8                __aeabi_fdiv
 .text          0x0000000008000f00       0x4c /opt/Atollic_TrueSTUDIO_for_STM32_x86_64_9.3.0/ARMTools/bin/../lib/gcc/arm-atollic-eabi/6.3.1/armv7-m/libgcc.a(_arm_fixsfsi.o)
                0x0000000008000f00                __fixsfsi
                0x0000000008000f00                __aeabi_f2iz
 *(.text*)
 .text.HAL_InitTick
                0x0000000008000f4c       0x48 Drivers/STM32F1xx_HAL_Driver/Src/stm32f1xx_hal.o
                0x0000000008000f4c                HAL_InitTick
 .text.HAL_Init
                0x0000000008000f94       0x24 Drivers/STM32F1xx_HAL_Driver/Src/stm32f1xx_hal.o
                0x0000000008000f94                HAL_Init
 .text.HAL_IncTick
                0x0000000008000fb8       0x18 Drivers/STM32F1xx_HAL_Driver/Src/stm32f1xx_hal.o
                0x0000000008000fb8                HAL_IncTick
 .text.HAL_GetTick
                0x0000000008000fd0        0xc Drivers/STM32F1xx_HAL_Driver/Src/stm32f1xx_hal.o
                0x0000000008000fd0                HAL_GetTick
 .text.HAL_Delay
                0x0000000008000fdc       0x24 Drivers/STM32F1xx_HAL_Driver/Src/stm32f1xx_hal.o
                0x0000000008000fdc                HAL_Delay
 .text.HAL_NVIC_SetPriorityGrouping
                0x0000000008001000       0x24 Drivers/STM32F1xx_HAL_Driver/Src/stm32f1xx_hal_cortex.o
                0x0000000008001000                HAL_NVIC_SetPriorityGrouping
 .text.HAL_NVIC_SetPriority
                0x0000000008001024       0x68 Drivers/STM32F1xx_HAL_Driver/Src/stm32f1xx_hal_cortex.o
                0x0000000008001024                HAL_NVIC_SetPriority
 .text.HAL_NVIC_EnableIRQ
                0x000000000800108c       0x18 Drivers/STM32F1xx_HAL_Driver/Src/stm32f1xx_hal_cortex.o
                0x000000000800108c                HAL_NVIC_EnableIRQ
 .text.HAL_NVIC_DisableIRQ
                0x00000000080010a4       0x1c Drivers/STM32F1xx_HAL_Driver/Src/stm32f1xx_hal_cortex.o
                0x00000000080010a4                HAL_NVIC_DisableIRQ
 .text.HAL_SYSTICK_Config
                0x00000000080010c0       0x2c Drivers/STM32F1xx_HAL_Driver/Src/stm32f1xx_hal_cortex.o
                0x00000000080010c0                HAL_SYSTICK_Config
 .text.HAL_GPIO_Init
                0x00000000080010ec      0x1c0 Drivers/STM32F1xx_HAL_Driver/Src/stm32f1xx_hal_gpio.o
                0x00000000080010ec                HAL_GPIO_Init
 .text.HAL_GPIO_ReadPin
                0x00000000080012ac        0xc Drivers/STM32F1xx_HAL_Driver/Src/stm32f1xx_hal_gpio.o
                0x00000000080012ac                HAL_GPIO_ReadPin
 .text.I2C_IsAcknowledgeFailed
                0x00000000080012b8       0x2a Drivers/STM32F1xx_HAL_Driver/Src/stm32f1xx_hal_i2c.o
 .text.I2C_WaitOnMasterAddressFlagUntilTimeout
                0x00000000080012e2       0x80 Drivers/STM32F1xx_HAL_Driver/Src/stm32f1xx_hal_i2c.o
 .text.I2C_WaitOnFlagUntilTimeout
                0x0000000008001362       0x5c Drivers/STM32F1xx_HAL_Driver/Src/stm32f1xx_hal_i2c.o
 .text.I2C_WaitOnTXEFlagUntilTimeout
                0x00000000080013be       0x4c Drivers/STM32F1xx_HAL_Driver/Src/stm32f1xx_hal_i2c.o
 *fill*         0x000000000800140a        0x2 
 .text.I2C_RequestMemoryWrite
                0x000000000800140c       0xa4 Drivers/STM32F1xx_HAL_Driver/Src/stm32f1xx_hal_i2c.o
 .text.I2C_RequestMemoryRead
                0x00000000080014b0       0xf4 Drivers/STM32F1xx_HAL_Driver/Src/stm32f1xx_hal_i2c.o
 .text.I2C_WaitOnRXNEFlagUntilTimeout
                0x00000000080015a4       0x5a Drivers/STM32F1xx_HAL_Driver/Src/stm32f1xx_hal_i2c.o
 .text.I2C_WaitOnBTFFlagUntilTimeout
                0x00000000080015fe       0x4c Drivers/STM32F1xx_HAL_Driver/Src/stm32f1xx_hal_i2c.o
 *fill*         0x000000000800164a        0x2 
 .text.HAL_I2C_Init
                0x000000000800164c      0x100 Drivers/STM32F1xx_HAL_Driver/Src/stm32f1xx_hal_i2c.o
                0x000000000800164c                HAL_I2C_Init
 .text.HAL_I2C_Master_Transmit
                0x000000000800174c      0x1ac Drivers/STM32F1xx_HAL_Driver/Src/stm32f1xx_hal_i2c.o
                0x000000000800174c                HAL_I2C_Master_Transmit
 .text.HAL_I2C_Master_Receive
                0x00000000080018f8      0x304 Drivers/STM32F1xx_HAL_Driver/Src/stm32f1xx_hal_i2c.o
                0x00000000080018f8                HAL_I2C_Master_Receive
 .text.HAL_I2C_Mem_Write
                0x0000000008001bfc      0x12c Drivers/STM32F1xx_HAL_Driver/Src/stm32f1xx_hal_i2c.o
                0x0000000008001bfc                HAL_I2C_Mem_Write
 .text.HAL_I2C_Mem_Read
                0x0000000008001d28      0x240 Drivers/STM32F1xx_HAL_Driver/Src/stm32f1xx_hal_i2c.o
                0x0000000008001d28                HAL_I2C_Mem_Read
 .text.HAL_I2C_IsDeviceReady
                0x0000000008001f68      0x160 Drivers/STM32F1xx_HAL_Driver/Src/stm32f1xx_hal_i2c.o
                0x0000000008001f68                HAL_I2C_IsDeviceReady
 .text.HAL_I2C_GetState
                0x00000000080020c8        0x6 Drivers/STM32F1xx_HAL_Driver/Src/stm32f1xx_hal_i2c.o
                0x00000000080020c8                HAL_I2C_GetState
 .text.HAL_I2C_GetError
                0x00000000080020ce        0x4 Drivers/STM32F1xx_HAL_Driver/Src/stm32f1xx_hal_i2c.o
                0x00000000080020ce                HAL_I2C_GetError
 *fill*         0x00000000080020d2        0x2 
 .text.HAL_RCC_OscConfig
                0x00000000080020d4      0x318 Drivers/STM32F1xx_HAL_Driver/Src/stm32f1xx_hal_rcc.o
                0x00000000080020d4                HAL_RCC_OscConfig
 .text.HAL_RCC_GetSysClockFreq
                0x00000000080023ec       0x78 Drivers/STM32F1xx_HAL_Driver/Src/stm32f1xx_hal_rcc.o
                0x00000000080023ec                HAL_RCC_GetSysClockFreq
 .text.HAL_RCC_ClockConfig
                0x0000000008002464      0x164 Drivers/STM32F1xx_HAL_Driver/Src/stm32f1xx_hal_rcc.o
                0x0000000008002464                HAL_RCC_ClockConfig
 .text.HAL_RCC_GetPCLK1Freq
                0x00000000080025c8       0x20 Drivers/STM32F1xx_HAL_Driver/Src/stm32f1xx_hal_rcc.o
                0x00000000080025c8                HAL_RCC_GetPCLK1Freq
 .text.TIM_OC1_SetConfig
                0x00000000080025e8       0x50 Drivers/STM32F1xx_HAL_Driver/Src/stm32f1xx_hal_tim.o
 .text.TIM_OC3_SetConfig
                0x0000000008002638       0x54 Drivers/STM32F1xx_HAL_Driver/Src/stm32f1xx_hal_tim.o
 .text.TIM_OC4_SetConfig
                0x000000000800268c       0x44 Drivers/STM32F1xx_HAL_Driver/Src/stm32f1xx_hal_tim.o
 .text.HAL_TIM_Base_DeInit
                0x00000000080026d0       0x3a Drivers/STM32F1xx_HAL_Driver/Src/stm32f1xx_hal_tim.o
                0x00000000080026d0                HAL_TIM_Base_DeInit
 .text.HAL_TIM_Base_Start_IT
                0x000000000800270a       0x16 Drivers/STM32F1xx_HAL_Driver/Src/stm32f1xx_hal_tim.o
                0x000000000800270a                HAL_TIM_Base_Start_IT
 .text.HAL_TIM_PWM_MspInit
                0x0000000008002720        0x2 Drivers/STM32F1xx_HAL_Driver/Src/stm32f1xx_hal_tim.o
                0x0000000008002720                HAL_TIM_PWM_MspInit
 .text.HAL_TIM_ConfigClockSource
                0x0000000008002722      0x172 Drivers/STM32F1xx_HAL_Driver/Src/stm32f1xx_hal_tim.o
                0x0000000008002722                HAL_TIM_ConfigClockSource
 .text.HAL_TIM_OC_DelayElapsedCallback
                0x0000000008002894        0x2 Drivers/STM32F1xx_HAL_Driver/Src/stm32f1xx_hal_tim.o
                0x0000000008002894                HAL_TIM_OC_DelayElapsedCallback
 .text.HAL_TIM_IC_CaptureCallback
                0x0000000008002896        0x2 Drivers/STM32F1xx_HAL_Driver/Src/stm32f1xx_hal_tim.o
                0x0000000008002896                HAL_TIM_IC_CaptureCallback
 .text.HAL_TIM_PWM_PulseFinishedCallback
                0x0000000008002898        0x2 Drivers/STM32F1xx_HAL_Driver/Src/stm32f1xx_hal_tim.o
                0x0000000008002898                HAL_TIM_PWM_PulseFinishedCallback
 .text.HAL_TIM_TriggerCallback
                0x000000000800289a        0x2 Drivers/STM32F1xx_HAL_Driver/Src/stm32f1xx_hal_tim.o
                0x000000000800289a                HAL_TIM_TriggerCallback
 .text.HAL_TIM_IRQHandler
                0x000000000800289c      0x144 Drivers/STM32F1xx_HAL_Driver/Src/stm32f1xx_hal_tim.o
                0x000000000800289c                HAL_TIM_IRQHandler
 .text.TIM_Base_SetConfig
                0x00000000080029e0       0x70 Drivers/STM32F1xx_HAL_Driver/Src/stm32f1xx_hal_tim.o
                0x00000000080029e0                TIM_Base_SetConfig
 .text.HAL_TIM_Base_Init
                0x0000000008002a50       0x34 Drivers/STM32F1xx_HAL_Driver/Src/stm32f1xx_hal_tim.o
                0x0000000008002a50                HAL_TIM_Base_Init
 .text.HAL_TIM_PWM_Init
                0x0000000008002a84       0x34 Drivers/STM32F1xx_HAL_Driver/Src/stm32f1xx_hal_tim.o
                0x0000000008002a84                HAL_TIM_PWM_Init
 .text.TIM_OC2_SetConfig
                0x0000000008002ab8       0x58 Drivers/STM32F1xx_HAL_Driver/Src/stm32f1xx_hal_tim.o
                0x0000000008002ab8                TIM_OC2_SetConfig
 .text.HAL_TIM_PWM_ConfigChannel
                0x0000000008002b10       0xc4 Drivers/STM32F1xx_HAL_Driver/Src/stm32f1xx_hal_tim.o
                0x0000000008002b10                HAL_TIM_PWM_ConfigChannel
 .text.TIM_CCxChannelCmd
                0x0000000008002bd4       0x18 Drivers/STM32F1xx_HAL_Driver/Src/stm32f1xx_hal_tim.o
                0x0000000008002bd4                TIM_CCxChannelCmd
 .text.HAL_TIM_PWM_Start
                0x0000000008002bec       0x2c Drivers/STM32F1xx_HAL_Driver/Src/stm32f1xx_hal_tim.o
                0x0000000008002bec                HAL_TIM_PWM_Start
 .text.HAL_TIM_PWM_Stop
                0x0000000008002c18       0x5c Drivers/STM32F1xx_HAL_Driver/Src/stm32f1xx_hal_tim.o
                0x0000000008002c18                HAL_TIM_PWM_Stop
 .text.HAL_TIM_PWM_Start_IT
                0x0000000008002c74       0x6c Drivers/STM32F1xx_HAL_Driver/Src/stm32f1xx_hal_tim.o
                0x0000000008002c74                HAL_TIM_PWM_Start_IT
 .text.HAL_TIMEx_MasterConfigSynchronization
                0x0000000008002ce0       0x44 Drivers/STM32F1xx_HAL_Driver/Src/stm32f1xx_hal_tim_ex.o
                0x0000000008002ce0                HAL_TIMEx_MasterConfigSynchronization
 .text.HAL_TIMEx_CommutationCallback
                0x0000000008002d24        0x2 Drivers/STM32F1xx_HAL_Driver/Src/stm32f1xx_hal_tim_ex.o
                0x0000000008002d24                HAL_TIMEx_CommutationCallback
 .text.HAL_TIMEx_BreakCallback
                0x0000000008002d26        0x2 Drivers/STM32F1xx_HAL_Driver/Src/stm32f1xx_hal_tim_ex.o
                0x0000000008002d26                HAL_TIMEx_BreakCallback
 .text.HAL_TIM_PeriodElapsedCallback
                0x0000000008002d28       0xac Src/IRremote.o
                0x0000000008002d28                HAL_TIM_PeriodElapsedCallback
 .text.MATCH    0x0000000008002dd4       0x64 Src/IRremote.o
                0x0000000008002dd4                MATCH
 .text.MATCH_MARK
                0x0000000008002e38       0x68 Src/IRremote.o
                0x0000000008002e38                MATCH_MARK
 .text.MATCH_SPACE
                0x0000000008002ea0       0x68 Src/IRremote.o
                0x0000000008002ea0                MATCH_SPACE
 .text.my_enableIRIn
                0x0000000008002f08       0x70 Src/IRremote.o
                0x0000000008002f08                my_enableIRIn
 .text.my_resume
                0x0000000008002f78       0x10 Src/IRremote.o
                0x0000000008002f78                my_resume
 .text.compare  0x0000000008002f88       0x60 Src/IRremote.o
                0x0000000008002f88                compare
 .text.decodeHash
                0x0000000008002fe8       0x5c Src/IRremote.o
                0x0000000008002fe8                decodeHash
 .text.my_decode
                0x0000000008003044       0xb8 Src/IRremote.o
                0x0000000008003044                my_decode
 .text.DWT_Init
                0x00000000080030fc       0x20 Src/irSend.o
                0x00000000080030fc                DWT_Init
 .text.enableIROut
                0x000000000800311c       0x9c Src/irSend.o
                0x000000000800311c                enableIROut
 .text.custom_delay_usec
                0x00000000080031b8       0x28 Src/irSend.o
                0x00000000080031b8                custom_delay_usec
 .text.mark     0x00000000080031e0       0x20 Src/irSend.o
                0x00000000080031e0                mark
 .text.space    0x0000000008003200       0x20 Src/irSend.o
                0x0000000008003200                space
 .text.decodeAiwaRCT501
                0x0000000008003220       0xb8 Src/ir_Aiwa.o
                0x0000000008003220                decodeAiwaRCT501
 .text.decodeDenon
                0x00000000080032d8       0x90 Src/ir_Denon.o
                0x00000000080032d8                decodeDenon
 .text.decodeJVC
                0x0000000008003368       0xe4 Src/ir_JVC.o
                0x0000000008003368                decodeJVC
 .text.decodeLG
                0x000000000800344c       0xa8 Src/ir_LG.o
                0x000000000800344c                decodeLG
 .text.decodeMitsubishi
                0x00000000080034f4       0xac Src/ir_Mitsubishi.o
                0x00000000080034f4                decodeMitsubishi
 .text.decodeNEC
                0x00000000080035a0       0xc0 Src/ir_NEC.o
                0x00000000080035a0                decodeNEC
 .text.decodePanasonic
                0x0000000008003660       0x96 Src/ir_Panasonic.o
                0x0000000008003660                decodePanasonic
 .text.getRClevel
                0x00000000080036f6       0x88 Src/ir_RC5_RC6.o
                0x00000000080036f6                getRClevel
 *fill*         0x000000000800377e        0x2 
 .text.decodeRC5
                0x0000000008003780       0xac Src/ir_RC5_RC6.o
                0x0000000008003780                decodeRC5
 .text.decodeRC6
                0x000000000800382c       0xf8 Src/ir_RC5_RC6.o
                0x000000000800382c                decodeRC6
 .text.sendSAMSUNG
                0x0000000008003924       0x54 Src/ir_Samsung.o
                0x0000000008003924                sendSAMSUNG
 .text.decodeSAMSUNG
                0x0000000008003978       0xc0 Src/ir_Samsung.o
                0x0000000008003978                decodeSAMSUNG
 .text.decodeSanyo
                0x0000000008003a38       0xd4 Src/ir_Sanyo.o
                0x0000000008003a38                decodeSanyo
 .text.decodeSony
                0x0000000008003b0c       0xc4 Src/ir_Sony.o
                0x0000000008003b0c                decodeSony
 .text.decodeWhynter
                0x0000000008003bd0       0xcc Src/ir_Whynter.o
                0x0000000008003bd0                decodeWhynter
 .text.EEPROM_write
                0x0000000008003c9c      0x17c Src/main.o
                0x0000000008003c9c                EEPROM_write
 .text.lcd_menu
                0x0000000008003e18      0x298 Src/main.o
                0x0000000008003e18                lcd_menu
 .text.EEPROM_read
                0x00000000080040b0       0x70 Src/main.o
                0x00000000080040b0                EEPROM_read
 .text.Min      0x0000000008004120       0x18 Src/main.o
                0x0000000008004120                Min
 .text.calc_DTW_score
                0x0000000008004138      0x1d0 Src/main.o
                0x0000000008004138                calc_DTW_score
 .text.TIM1_UP_IRQHandler
                0x0000000008004308       0x40 Src/main.o
                0x0000000008004308                TIM1_UP_IRQHandler
 .text.I2C_WriteBuffer
                0x0000000008004348       0x40 Src/main.o
                0x0000000008004348                I2C_WriteBuffer
 .text.I2C_ReadBuffer
                0x0000000008004388       0x54 Src/main.o
                0x0000000008004388                I2C_ReadBuffer
 .text.MPU6050_Init
                0x00000000080043dc       0x4a Src/main.o
                0x00000000080043dc                MPU6050_Init
 .text.MPU6050_GetAllData
                0x0000000008004426       0x5c Src/main.o
                0x0000000008004426                MPU6050_GetAllData
 *fill*         0x0000000008004482        0x2 
 .text.MPU6050_Calibrate
                0x0000000008004484       0x80 Src/main.o
                0x0000000008004484                MPU6050_Calibrate
 .text.SystemClock_Config
                0x0000000008004504       0x54 Src/main.o
                0x0000000008004504                SystemClock_Config
 .text.startup.main
                0x0000000008004558      0x9f0 Src/main.o
                0x0000000008004558                main
 .text.ssd1306_WriteCommand
                0x0000000008004f48       0x28 Src/ssd1306.o
                0x0000000008004f48                ssd1306_WriteCommand
 .text.ssd1306_WriteData
                0x0000000008004f70       0x24 Src/ssd1306.o
                0x0000000008004f70                ssd1306_WriteData
 .text.ssd1306_Fill
                0x0000000008004f94       0x1c Src/ssd1306.o
                0x0000000008004f94                ssd1306_Fill
 .text.ssd1306_UpdateScreen
                0x0000000008004fb0       0x34 Src/ssd1306.o
                0x0000000008004fb0                ssd1306_UpdateScreen
 .text.ssd1306_Init
                0x0000000008004fe4       0xcc Src/ssd1306.o
                0x0000000008004fe4                ssd1306_Init
 .text.ssd1306_DrawPixel
                0x00000000080050b0       0x48 Src/ssd1306.o
                0x00000000080050b0                ssd1306_DrawPixel
 .text.ssd1306_WriteChar
                0x00000000080050f8       0x98 Src/ssd1306.o
                0x00000000080050f8                ssd1306_WriteChar
 .text.ssd1306_WriteString
                0x0000000008005190       0x2a Src/ssd1306.o
                0x0000000008005190                ssd1306_WriteString
 *fill*         0x00000000080051ba        0x2 
 .text.ssd1306_SetCursor
                0x00000000080051bc        0xc Src/ssd1306.o
                0x00000000080051bc                ssd1306_SetCursor
 .text.HAL_MspInit
                0x00000000080051c8       0x44 Src/stm32f1xx_hal_msp.o
                0x00000000080051c8                HAL_MspInit
 .text.HAL_TIM_Base_MspInit
                0x000000000800520c       0x8c Src/stm32f1xx_hal_msp.o
                0x000000000800520c                HAL_TIM_Base_MspInit
 .text.HAL_I2C_MspInit
                0x0000000008005298       0x64 Src/stm32f1xx_hal_msp.o
                0x0000000008005298                HAL_I2C_MspInit
 .text.HAL_TIM_MspPostInit
                0x00000000080052fc       0x80 Src/stm32f1xx_hal_msp.o
                0x00000000080052fc                HAL_TIM_MspPostInit
 .text.HAL_TIM_Base_MspDeInit
                0x000000000800537c       0x54 Src/stm32f1xx_hal_msp.o
                0x000000000800537c                HAL_TIM_Base_MspDeInit
 .text.NMI_Handler
                0x00000000080053d0        0x2 Src/stm32f1xx_it.o
                0x00000000080053d0                NMI_Handler
 .text.HardFault_Handler
                0x00000000080053d2        0x2 Src/stm32f1xx_it.o
                0x00000000080053d2                HardFault_Handler
 .text.MemManage_Handler
                0x00000000080053d4        0x2 Src/stm32f1xx_it.o
                0x00000000080053d4                MemManage_Handler
 .text.BusFault_Handler
                0x00000000080053d6        0x2 Src/stm32f1xx_it.o
                0x00000000080053d6                BusFault_Handler
 .text.UsageFault_Handler
                0x00000000080053d8        0x2 Src/stm32f1xx_it.o
                0x00000000080053d8                UsageFault_Handler
 .text.SVC_Handler
                0x00000000080053da        0x2 Src/stm32f1xx_it.o
                0x00000000080053da                SVC_Handler
 .text.DebugMon_Handler
                0x00000000080053dc        0x2 Src/stm32f1xx_it.o
                0x00000000080053dc                DebugMon_Handler
 .text.PendSV_Handler
                0x00000000080053de        0x2 Src/stm32f1xx_it.o
                0x00000000080053de                PendSV_Handler
 .text.SysTick_Handler
                0x00000000080053e0        0x4 Src/stm32f1xx_it.o
                0x00000000080053e0                SysTick_Handler
 .text.TIM4_IRQHandler
                0x00000000080053e4        0xc Src/stm32f1xx_it.o
                0x00000000080053e4                TIM4_IRQHandler
 .text._read    0x00000000080053f0       0x1c Src/syscalls.o
                0x00000000080053f0                _read
 .text._write   0x000000000800540c       0x1c Src/syscalls.o
                0x000000000800540c                _write
 .text._sbrk    0x0000000008005428       0x34 Src/syscalls.o
                0x0000000008005428                _sbrk
 .text._close   0x000000000800545c        0x6 Src/syscalls.o
                0x000000000800545c                _close
 .text._fstat   0x0000000008005462        0xa Src/syscalls.o
                0x0000000008005462                _fstat
 .text._isatty  0x000000000800546c        0x4 Src/syscalls.o
                0x000000000800546c                _isatty
 .text._lseek   0x0000000008005470        0x4 Src/syscalls.o
                0x0000000008005470                _lseek
 .text.SystemInit
                0x0000000008005474       0x4c Src/system_stm32f1xx.o
                0x0000000008005474                SystemInit
 .text.Reset_Handler
                0x00000000080054c0       0x48 startup/startup_stm32f103xb.o
                0x00000000080054c0                Reset_Handler
 .text.Default_Handler
                0x0000000008005508        0x2 startup/startup_stm32f103xb.o
                0x0000000008005508                RTC_Alarm_IRQHandler
                0x0000000008005508                EXTI2_IRQHandler
                0x0000000008005508                TIM1_CC_IRQHandler
                0x0000000008005508                PVD_IRQHandler
                0x0000000008005508                EXTI3_IRQHandler
                0x0000000008005508                EXTI0_IRQHandler
                0x0000000008005508                I2C2_EV_IRQHandler
                0x0000000008005508                ADC1_2_IRQHandler
                0x0000000008005508                SPI1_IRQHandler
                0x0000000008005508                TAMPER_IRQHandler
                0x0000000008005508                DMA1_Channel4_IRQHandler
                0x0000000008005508                USART3_IRQHandler
                0x0000000008005508                RTC_IRQHandler
                0x0000000008005508                DMA1_Channel7_IRQHandler
                0x0000000008005508                CAN1_RX1_IRQHandler
                0x0000000008005508                I2C1_EV_IRQHandler
                0x0000000008005508                DMA1_Channel6_IRQHandler
                0x0000000008005508                TIM3_IRQHandler
                0x0000000008005508                RCC_IRQHandler
                0x0000000008005508                TIM1_TRG_COM_IRQHandler
                0x0000000008005508                DMA1_Channel1_IRQHandler
                0x0000000008005508                Default_Handler
                0x0000000008005508                EXTI15_10_IRQHandler
                0x0000000008005508                EXTI9_5_IRQHandler
                0x0000000008005508                SPI2_IRQHandler
                0x0000000008005508                DMA1_Channel5_IRQHandler
                0x0000000008005508                EXTI4_IRQHandler
                0x0000000008005508                USB_LP_CAN1_RX0_IRQHandler
                0x0000000008005508                USB_HP_CAN1_TX_IRQHandler
                0x0000000008005508                DMA1_Channel3_IRQHandler
                0x0000000008005508                WWDG_IRQHandler
                0x0000000008005508                TIM2_IRQHandler
                0x0000000008005508                TIM1_BRK_IRQHandler
                0x0000000008005508                EXTI1_IRQHandler
                0x0000000008005508                USART2_IRQHandler
                0x0000000008005508                I2C2_ER_IRQHandler
                0x0000000008005508                DMA1_Channel2_IRQHandler
                0x0000000008005508                CAN1_SCE_IRQHandler
                0x0000000008005508                FLASH_IRQHandler
                0x0000000008005508                USART1_IRQHandler
                0x0000000008005508                I2C1_ER_IRQHandler
                0x0000000008005508                USBWakeUp_IRQHandler
 *fill*         0x000000000800550a        0x2 
 .text.__errno  0x000000000800550c        0xc /opt/Atollic_TrueSTUDIO_for_STM32_x86_64_9.3.0/ARMTools/bin/../lib/gcc/arm-atollic-eabi/6.3.1/../../../../arm-atollic-eabi/lib/armv7-m/libc_nano.a(lib_a-errno.o)
                0x000000000800550c                __errno
 .text.__libc_init_array
                0x0000000008005518       0x48 /opt/Atollic_TrueSTUDIO_for_STM32_x86_64_9.3.0/ARMTools/bin/../lib/gcc/arm-atollic-eabi/6.3.1/../../../../arm-atollic-eabi/lib/armv7-m/libc_nano.a(lib_a-init.o)
                0x0000000008005518                __libc_init_array
 .text.memmove  0x0000000008005560       0x34 /opt/Atollic_TrueSTUDIO_for_STM32_x86_64_9.3.0/ARMTools/bin/../lib/gcc/arm-atollic-eabi/6.3.1/../../../../arm-atollic-eabi/lib/armv7-m/libc_nano.a(lib_a-memmove.o)
                0x0000000008005560                memmove
 .text.memset   0x0000000008005594       0x10 /opt/Atollic_TrueSTUDIO_for_STM32_x86_64_9.3.0/ARMTools/bin/../lib/gcc/arm-atollic-eabi/6.3.1/../../../../arm-atollic-eabi/lib/armv7-m/libc_nano.a(lib_a-memset.o)
                0x0000000008005594                memset
 .text.putchar  0x00000000080055a4       0x28 /opt/Atollic_TrueSTUDIO_for_STM32_x86_64_9.3.0/ARMTools/bin/../lib/gcc/arm-atollic-eabi/6.3.1/../../../../arm-atollic-eabi/lib/armv7-m/libc_nano.a(lib_a-putchar.o)
                0x00000000080055a4                putchar
 .text.snprintf
                0x00000000080055cc       0x68 /opt/Atollic_TrueSTUDIO_for_STM32_x86_64_9.3.0/ARMTools/bin/../lib/gcc/arm-atollic-eabi/6.3.1/../../../../arm-atollic-eabi/lib/armv7-m/libc_nano.a(lib_a-snprintf.o)
                0x00000000080055cc                snprintf
                0x00000000080055cc                sniprintf
 .text._cleanup_r
                0x0000000008005634        0xc /opt/Atollic_TrueSTUDIO_for_STM32_x86_64_9.3.0/ARMTools/bin/../lib/gcc/arm-atollic-eabi/6.3.1/../../../../arm-atollic-eabi/lib/armv7-m/libc_nano.a(lib_a-findfp.o)
                0x0000000008005634                _cleanup_r
 .text.std.isra.0
                0x0000000008005640       0x48 /opt/Atollic_TrueSTUDIO_for_STM32_x86_64_9.3.0/ARMTools/bin/../lib/gcc/arm-atollic-eabi/6.3.1/../../../../arm-atollic-eabi/lib/armv7-m/libc_nano.a(lib_a-findfp.o)
 .text.__sfmoreglue
                0x0000000008005688       0x2c /opt/Atollic_TrueSTUDIO_for_STM32_x86_64_9.3.0/ARMTools/bin/../lib/gcc/arm-atollic-eabi/6.3.1/../../../../arm-atollic-eabi/lib/armv7-m/libc_nano.a(lib_a-findfp.o)
                0x0000000008005688                __sfmoreglue
 .text.__sinit  0x00000000080056b4       0x60 /opt/Atollic_TrueSTUDIO_for_STM32_x86_64_9.3.0/ARMTools/bin/../lib/gcc/arm-atollic-eabi/6.3.1/../../../../arm-atollic-eabi/lib/armv7-m/libc_nano.a(lib_a-findfp.o)
                0x00000000080056b4                __sinit
 .text.__sfp    0x0000000008005714       0x78 /opt/Atollic_TrueSTUDIO_for_STM32_x86_64_9.3.0/ARMTools/bin/../lib/gcc/arm-atollic-eabi/6.3.1/../../../../arm-atollic-eabi/lib/armv7-m/libc_nano.a(lib_a-findfp.o)
                0x0000000008005714                __sfp
 .text._fwalk_reent
                0x000000000800578c       0x3c /opt/Atollic_TrueSTUDIO_for_STM32_x86_64_9.3.0/ARMTools/bin/../lib/gcc/arm-atollic-eabi/6.3.1/../../../../arm-atollic-eabi/lib/armv7-m/libc_nano.a(lib_a-fwalk.o)
                0x000000000800578c                _fwalk_reent
 .text._malloc_r
                0x00000000080057c8       0xbc /opt/Atollic_TrueSTUDIO_for_STM32_x86_64_9.3.0/ARMTools/bin/../lib/gcc/arm-atollic-eabi/6.3.1/../../../../arm-atollic-eabi/lib/armv7-m/libc_nano.a(lib_a-nano-mallocr.o)
                0x00000000080057c8                _malloc_r
 .text.__ssputs_r
                0x0000000008005884       0xb6 /opt/Atollic_TrueSTUDIO_for_STM32_x86_64_9.3.0/ARMTools/bin/../lib/gcc/arm-atollic-eabi/6.3.1/../../../../arm-atollic-eabi/lib/armv7-m/libc_nano.a(lib_a-nano-svfprintf.o)
                0x0000000008005884                __ssputs_r
 *fill*         0x000000000800593a        0x2 
 .text._svfprintf_r
                0x000000000800593c      0x1e8 /opt/Atollic_TrueSTUDIO_for_STM32_x86_64_9.3.0/ARMTools/bin/../lib/gcc/arm-atollic-eabi/6.3.1/../../../../arm-atollic-eabi/lib/armv7-m/libc_nano.a(lib_a-nano-svfprintf.o)
                0x000000000800593c                _svfprintf_r
                0x000000000800593c                _svfiprintf_r
 .text._printf_common
                0x0000000008005b24       0xee /opt/Atollic_TrueSTUDIO_for_STM32_x86_64_9.3.0/ARMTools/bin/../lib/gcc/arm-atollic-eabi/6.3.1/../../../../arm-atollic-eabi/lib/armv7-m/libc_nano.a(lib_a-nano-vfprintf_i.o)
                0x0000000008005b24                _printf_common
 *fill*         0x0000000008005c12        0x2 
 .text._printf_i
                0x0000000008005c14      0x240 /opt/Atollic_TrueSTUDIO_for_STM32_x86_64_9.3.0/ARMTools/bin/../lib/gcc/arm-atollic-eabi/6.3.1/../../../../arm-atollic-eabi/lib/armv7-m/libc_nano.a(lib_a-nano-vfprintf_i.o)
                0x0000000008005c14                _printf_i
 .text._putc_r  0x0000000008005e54       0x6c /opt/Atollic_TrueSTUDIO_for_STM32_x86_64_9.3.0/ARMTools/bin/../lib/gcc/arm-atollic-eabi/6.3.1/../../../../arm-atollic-eabi/lib/armv7-m/libc_nano.a(lib_a-putc.o)
                0x0000000008005e54                _putc_r
 .text._sbrk_r  0x0000000008005ec0       0x20 /opt/Atollic_TrueSTUDIO_for_STM32_x86_64_9.3.0/ARMTools/bin/../lib/gcc/arm-atollic-eabi/6.3.1/../../../../arm-atollic-eabi/lib/armv7-m/libc_nano.a(lib_a-sbrkr.o)
                0x0000000008005ec0                _sbrk_r
 .text.__sread  0x0000000008005ee0       0x22 /opt/Atollic_TrueSTUDIO_for_STM32_x86_64_9.3.0/ARMTools/bin/../lib/gcc/arm-atollic-eabi/6.3.1/../../../../arm-atollic-eabi/lib/armv7-m/libc_nano.a(lib_a-stdio.o)
                0x0000000008005ee0                __sread
 .text.__swrite
                0x0000000008005f02       0x38 /opt/Atollic_TrueSTUDIO_for_STM32_x86_64_9.3.0/ARMTools/bin/../lib/gcc/arm-atollic-eabi/6.3.1/../../../../arm-atollic-eabi/lib/armv7-m/libc_nano.a(lib_a-stdio.o)
                0x0000000008005f02                __swrite
 .text.__sseek  0x0000000008005f3a       0x24 /opt/Atollic_TrueSTUDIO_for_STM32_x86_64_9.3.0/ARMTools/bin/../lib/gcc/arm-atollic-eabi/6.3.1/../../../../arm-atollic-eabi/lib/armv7-m/libc_nano.a(lib_a-stdio.o)
                0x0000000008005f3a                __sseek
 .text.__sclose
                0x0000000008005f5e        0x8 /opt/Atollic_TrueSTUDIO_for_STM32_x86_64_9.3.0/ARMTools/bin/../lib/gcc/arm-atollic-eabi/6.3.1/../../../../arm-atollic-eabi/lib/armv7-m/libc_nano.a(lib_a-stdio.o)
                0x0000000008005f5e                __sclose
 *fill*         0x0000000008005f66        0x2 
 .text.__swbuf_r
                0x0000000008005f68       0xa4 /opt/Atollic_TrueSTUDIO_for_STM32_x86_64_9.3.0/ARMTools/bin/../lib/gcc/arm-atollic-eabi/6.3.1/../../../../arm-atollic-eabi/lib/armv7-m/libc_nano.a(lib_a-wbuf.o)
                0x0000000008005f68                __swbuf_r
 .text._write_r
                0x000000000800600c       0x24 /opt/Atollic_TrueSTUDIO_for_STM32_x86_64_9.3.0/ARMTools/bin/../lib/gcc/arm-atollic-eabi/6.3.1/../../../../arm-atollic-eabi/lib/armv7-m/libc_nano.a(lib_a-writer.o)
                0x000000000800600c                _write_r
 .text.__swsetup_r
                0x0000000008006030       0xdc /opt/Atollic_TrueSTUDIO_for_STM32_x86_64_9.3.0/ARMTools/bin/../lib/gcc/arm-atollic-eabi/6.3.1/../../../../arm-atollic-eabi/lib/armv7-m/libc_nano.a(lib_a-wsetup.o)
                0x0000000008006030                __swsetup_r
 .text._close_r
                0x000000000800610c       0x20 /opt/Atollic_TrueSTUDIO_for_STM32_x86_64_9.3.0/ARMTools/bin/../lib/gcc/arm-atollic-eabi/6.3.1/../../../../arm-atollic-eabi/lib/armv7-m/libc_nano.a(lib_a-closer.o)
                0x000000000800610c                _close_r
 .text.__sflush_r
                0x000000000800612c      0x110 /opt/Atollic_TrueSTUDIO_for_STM32_x86_64_9.3.0/ARMTools/bin/../lib/gcc/arm-atollic-eabi/6.3.1/../../../../arm-atollic-eabi/lib/armv7-m/libc_nano.a(lib_a-fflush.o)
                0x000000000800612c                __sflush_r
 .text._fflush_r
                0x000000000800623c       0x54 /opt/Atollic_TrueSTUDIO_for_STM32_x86_64_9.3.0/ARMTools/bin/../lib/gcc/arm-atollic-eabi/6.3.1/../../../../arm-atollic-eabi/lib/armv7-m/libc_nano.a(lib_a-fflush.o)
                0x000000000800623c                _fflush_r
 .text._lseek_r
                0x0000000008006290       0x24 /opt/Atollic_TrueSTUDIO_for_STM32_x86_64_9.3.0/ARMTools/bin/../lib/gcc/arm-atollic-eabi/6.3.1/../../../../arm-atollic-eabi/lib/armv7-m/libc_nano.a(lib_a-lseekr.o)
                0x0000000008006290                _lseek_r
 .text.__swhatbuf_r
                0x00000000080062b4       0x48 /opt/Atollic_TrueSTUDIO_for_STM32_x86_64_9.3.0/ARMTools/bin/../lib/gcc/arm-atollic-eabi/6.3.1/../../../../arm-atollic-eabi/lib/armv7-m/libc_nano.a(lib_a-makebuf.o)
                0x00000000080062b4                __swhatbuf_r
 .text.__smakebuf_r
                0x00000000080062fc       0x80 /opt/Atollic_TrueSTUDIO_for_STM32_x86_64_9.3.0/ARMTools/bin/../lib/gcc/arm-atollic-eabi/6.3.1/../../../../arm-atollic-eabi/lib/armv7-m/libc_nano.a(lib_a-makebuf.o)
                0x00000000080062fc                __smakebuf_r
 .text.memchr   0x000000000800637c       0x1c /opt/Atollic_TrueSTUDIO_for_STM32_x86_64_9.3.0/ARMTools/bin/../lib/gcc/arm-atollic-eabi/6.3.1/../../../../arm-atollic-eabi/lib/armv7-m/libc_nano.a(lib_a-memchr-stub.o)
                0x000000000800637c                memchr
 .text.memcpy   0x0000000008006398       0x16 /opt/Atollic_TrueSTUDIO_for_STM32_x86_64_9.3.0/ARMTools/bin/../lib/gcc/arm-atollic-eabi/6.3.1/../../../../arm-atollic-eabi/lib/armv7-m/libc_nano.a(lib_a-memcpy-stub.o)
                0x0000000008006398                memcpy
 .text.__malloc_lock
                0x00000000080063ae        0x2 /opt/Atollic_TrueSTUDIO_for_STM32_x86_64_9.3.0/ARMTools/bin/../lib/gcc/arm-atollic-eabi/6.3.1/../../../../arm-atollic-eabi/lib/armv7-m/libc_nano.a(lib_a-mlock.o)
                0x00000000080063ae                __malloc_lock
 .text.__malloc_unlock
                0x00000000080063b0        0x2 /opt/Atollic_TrueSTUDIO_for_STM32_x86_64_9.3.0/ARMTools/bin/../lib/gcc/arm-atollic-eabi/6.3.1/../../../../arm-atollic-eabi/lib/armv7-m/libc_nano.a(lib_a-mlock.o)
                0x00000000080063b0                __malloc_unlock
 *fill*         0x00000000080063b2        0x2 
 .text._free_r  0x00000000080063b4       0x98 /opt/Atollic_TrueSTUDIO_for_STM32_x86_64_9.3.0/ARMTools/bin/../lib/gcc/arm-atollic-eabi/6.3.1/../../../../arm-atollic-eabi/lib/armv7-m/libc_nano.a(lib_a-nano-freer.o)
                0x00000000080063b4                _free_r
 .text._realloc_r
                0x000000000800644c       0x4c /opt/Atollic_TrueSTUDIO_for_STM32_x86_64_9.3.0/ARMTools/bin/../lib/gcc/arm-atollic-eabi/6.3.1/../../../../arm-atollic-eabi/lib/armv7-m/libc_nano.a(lib_a-nano-reallocr.o)
                0x000000000800644c                _realloc_r
 .text._read_r  0x0000000008006498       0x24 /opt/Atollic_TrueSTUDIO_for_STM32_x86_64_9.3.0/ARMTools/bin/../lib/gcc/arm-atollic-eabi/6.3.1/../../../../arm-atollic-eabi/lib/armv7-m/libc_nano.a(lib_a-readr.o)
                0x0000000008006498                _read_r
 .text._fstat_r
                0x00000000080064bc       0x24 /opt/Atollic_TrueSTUDIO_for_STM32_x86_64_9.3.0/ARMTools/bin/../lib/gcc/arm-atollic-eabi/6.3.1/../../../../arm-atollic-eabi/lib/armv7-m/libc_nano.a(lib_a-fstatr.o)
                0x00000000080064bc                _fstat_r
 .text._isatty_r
                0x00000000080064e0       0x20 /opt/Atollic_TrueSTUDIO_for_STM32_x86_64_9.3.0/ARMTools/bin/../lib/gcc/arm-atollic-eabi/6.3.1/../../../../arm-atollic-eabi/lib/armv7-m/libc_nano.a(lib_a-isattyr.o)
                0x00000000080064e0                _isatty_r
 .text._malloc_usable_size_r
                0x0000000008006500       0x12 /opt/Atollic_TrueSTUDIO_for_STM32_x86_64_9.3.0/ARMTools/bin/../lib/gcc/arm-atollic-eabi/6.3.1/../../../../arm-atollic-eabi/lib/armv7-m/libc_nano.a(lib_a-nano-msizer.o)
                0x0000000008006500                _malloc_usable_size_r
 *(.glue_7)
 .glue_7        0x0000000008006512        0x0 linker stubs
 *(.glue_7t)
 .glue_7t       0x0000000008006512        0x0 linker stubs
 *(.eh_frame)
 *fill*         0x0000000008006512        0x2 
 .eh_frame      0x0000000008006514        0x0 /opt/Atollic_TrueSTUDIO_for_STM32_x86_64_9.3.0/ARMTools/bin/../lib/gcc/arm-atollic-eabi/6.3.1/armv7-m/crtbegin.o
 *(.init)
 .init          0x0000000008006514        0x4 /opt/Atollic_TrueSTUDIO_for_STM32_x86_64_9.3.0/ARMTools/bin/../lib/gcc/arm-atollic-eabi/6.3.1/armv7-m/crti.o
                0x0000000008006514                _init
 .init          0x0000000008006518        0x8 /opt/Atollic_TrueSTUDIO_for_STM32_x86_64_9.3.0/ARMTools/bin/../lib/gcc/arm-atollic-eabi/6.3.1/armv7-m/crtn.o
 *(.fini)
 .fini          0x0000000008006520        0x4 /opt/Atollic_TrueSTUDIO_for_STM32_x86_64_9.3.0/ARMTools/bin/../lib/gcc/arm-atollic-eabi/6.3.1/armv7-m/crti.o
                0x0000000008006520                _fini
 .fini          0x0000000008006524        0x8 /opt/Atollic_TrueSTUDIO_for_STM32_x86_64_9.3.0/ARMTools/bin/../lib/gcc/arm-atollic-eabi/6.3.1/armv7-m/crtn.o
                0x000000000800652c                . = ALIGN (0x4)
                0x000000000800652c                _etext = .

.vfp11_veneer   0x000000000800652c        0x0
 .vfp11_veneer  0x000000000800652c        0x0 linker stubs

.v4_bx          0x000000000800652c        0x0
 .v4_bx         0x000000000800652c        0x0 linker stubs

.iplt           0x000000000800652c        0x0
 .iplt          0x000000000800652c        0x0 /opt/Atollic_TrueSTUDIO_for_STM32_x86_64_9.3.0/ARMTools/bin/../lib/gcc/arm-atollic-eabi/6.3.1/armv7-m/crtbegin.o

.rodata         0x000000000800652c      0xa64
                0x000000000800652c                . = ALIGN (0x4)
 *(.rodata)
 .rodata        0x000000000800652c       0x10 Drivers/STM32F1xx_HAL_Driver/Src/stm32f1xx_hal_rcc.o
 *(.rodata*)
 .rodata.EEPROM_write.str1.1
                0x000000000800653c       0x32 Src/main.o
 *fill*         0x000000000800656e        0x2 
 .rodata.decode_str.8542
                0x0000000008006570       0x48 Src/main.o
 .rodata.lcd_menu.str1.1
                0x00000000080065b8       0x6a Src/main.o
                                         0x6c (size before relaxing)
 .rodata.main.str1.1
                0x0000000008006622       0xd8 Src/main.o
                                         0xe5 (size before relaxing)
 .rodata.str1.1
                0x00000000080066fa       0x77 Src/main.o
 *fill*         0x0000000008006771        0x1 
 .rodata.Font7x10
                0x0000000008006772      0x76c Src/ssd1306_fonts.o
 .rodata.AHBPrescTable
                0x0000000008006ede       0x10 Src/system_stm32f1xx.o
                0x0000000008006ede                AHBPrescTable
 .rodata.APBPrescTable
                0x0000000008006eee        0x8 Src/system_stm32f1xx.o
                0x0000000008006eee                APBPrescTable
 *fill*         0x0000000008006ef6        0x2 
 .rodata._global_impure_ptr
                0x0000000008006ef8        0x4 /opt/Atollic_TrueSTUDIO_for_STM32_x86_64_9.3.0/ARMTools/bin/../lib/gcc/arm-atollic-eabi/6.3.1/../../../../arm-atollic-eabi/lib/armv7-m/libc_nano.a(lib_a-impure.o)
                0x0000000008006ef8                _global_impure_ptr
 .rodata.__sf_fake_stderr
                0x0000000008006efc       0x20 /opt/Atollic_TrueSTUDIO_for_STM32_x86_64_9.3.0/ARMTools/bin/../lib/gcc/arm-atollic-eabi/6.3.1/../../../../arm-atollic-eabi/lib/armv7-m/libc_nano.a(lib_a-findfp.o)
                0x0000000008006efc                __sf_fake_stderr
 .rodata.__sf_fake_stdin
                0x0000000008006f1c       0x20 /opt/Atollic_TrueSTUDIO_for_STM32_x86_64_9.3.0/ARMTools/bin/../lib/gcc/arm-atollic-eabi/6.3.1/../../../../arm-atollic-eabi/lib/armv7-m/libc_nano.a(lib_a-findfp.o)
                0x0000000008006f1c                __sf_fake_stdin
 .rodata.__sf_fake_stdout
                0x0000000008006f3c       0x20 /opt/Atollic_TrueSTUDIO_for_STM32_x86_64_9.3.0/ARMTools/bin/../lib/gcc/arm-atollic-eabi/6.3.1/../../../../arm-atollic-eabi/lib/armv7-m/libc_nano.a(lib_a-findfp.o)
                0x0000000008006f3c                __sf_fake_stdout
 .rodata._svfprintf_r.str1.1
                0x0000000008006f5c       0x11 /opt/Atollic_TrueSTUDIO_for_STM32_x86_64_9.3.0/ARMTools/bin/../lib/gcc/arm-atollic-eabi/6.3.1/../../../../arm-atollic-eabi/lib/armv7-m/libc_nano.a(lib_a-nano-svfprintf.o)
 .rodata._printf_i.str1.1
                0x0000000008006f6d       0x22 /opt/Atollic_TrueSTUDIO_for_STM32_x86_64_9.3.0/ARMTools/bin/../lib/gcc/arm-atollic-eabi/6.3.1/../../../../arm-atollic-eabi/lib/armv7-m/libc_nano.a(lib_a-nano-vfprintf_i.o)
                0x0000000008006f90                . = ALIGN (0x4)
 *fill*         0x0000000008006f8f        0x1 

.rel.dyn        0x0000000008006f90        0x0
 .rel.iplt      0x0000000008006f90        0x0 /opt/Atollic_TrueSTUDIO_for_STM32_x86_64_9.3.0/ARMTools/bin/../lib/gcc/arm-atollic-eabi/6.3.1/armv7-m/crtbegin.o

.ARM.extab
 *(.ARM.extab* .gnu.linkonce.armextab.*)

.ARM            0x0000000008006f90        0x0
                0x0000000008006f90                __exidx_start = .
 *(.ARM.exidx*)
                0x0000000008006f90                __exidx_end = .

.preinit_array  0x0000000008006f90        0x0
                0x0000000008006f90                PROVIDE (__preinit_array_start, .)
 *(.preinit_array*)
                0x0000000008006f90                PROVIDE (__preinit_array_end, .)

.init_array     0x0000000008006f90        0x4
                0x0000000008006f90                PROVIDE (__init_array_start, .)
 *(SORT(.init_array.*))
 *(.init_array*)
 .init_array    0x0000000008006f90        0x4 /opt/Atollic_TrueSTUDIO_for_STM32_x86_64_9.3.0/ARMTools/bin/../lib/gcc/arm-atollic-eabi/6.3.1/armv7-m/crtbegin.o
                0x0000000008006f94                PROVIDE (__init_array_end, .)

.fini_array     0x0000000008006f94        0x4
                [!provide]                        PROVIDE (__fini_array_start, .)
 *(SORT(.fini_array.*))
 *(.fini_array*)
 .fini_array    0x0000000008006f94        0x4 /opt/Atollic_TrueSTUDIO_for_STM32_x86_64_9.3.0/ARMTools/bin/../lib/gcc/arm-atollic-eabi/6.3.1/armv7-m/crtbegin.o
                [!provide]                        PROVIDE (__fini_array_end, .)
                0x0000000008006f98                _sidata = LOADADDR (.data)

.data           0x0000000020000000       0x88 load address 0x0000000008006f98
                0x0000000020000000                . = ALIGN (0x4)
                0x0000000020000000                _sdata = .
 *(.data)
 *(.data*)
 .data.uwTickFreq
                0x0000000020000000        0x1 Drivers/STM32F1xx_HAL_Driver/Src/stm32f1xx_hal.o
                0x0000000020000000                uwTickFreq
 *fill*         0x0000000020000001        0x3 
 .data.uwTickPrio
                0x0000000020000004        0x4 Drivers/STM32F1xx_HAL_Driver/Src/stm32f1xx_hal.o
                0x0000000020000004                uwTickPrio
 .data.DEMCR    0x0000000020000008        0x4 Src/main.o
                0x0000000020000008                DEMCR
 .data.DWT_CONTROL
                0x000000002000000c        0x4 Src/main.o
                0x000000002000000c                DWT_CONTROL
 .data.DWT_CYCCNT
                0x0000000020000010        0x4 Src/main.o
                0x0000000020000010                DWT_CYCCNT
 .data.devAddr  0x0000000020000014        0x2 Src/main.o
                0x0000000020000014                devAddr
 *fill*         0x0000000020000016        0x2 
 .data.Font_7x10
                0x0000000020000018        0x8 Src/ssd1306_fonts.o
                0x0000000020000018                Font_7x10
 .data.SystemCoreClock
                0x0000000020000020        0x4 Src/system_stm32f1xx.o
                0x0000000020000020                SystemCoreClock
 .data._impure_ptr
                0x0000000020000024        0x4 /opt/Atollic_TrueSTUDIO_for_STM32_x86_64_9.3.0/ARMTools/bin/../lib/gcc/arm-atollic-eabi/6.3.1/../../../../arm-atollic-eabi/lib/armv7-m/libc_nano.a(lib_a-impure.o)
                0x0000000020000024                _impure_ptr
 .data.impure_data
                0x0000000020000028       0x60 /opt/Atollic_TrueSTUDIO_for_STM32_x86_64_9.3.0/ARMTools/bin/../lib/gcc/arm-atollic-eabi/6.3.1/../../../../arm-atollic-eabi/lib/armv7-m/libc_nano.a(lib_a-impure.o)
                0x0000000020000088                . = ALIGN (0x4)
                0x0000000020000088                _edata = .

.igot.plt       0x0000000020000088        0x0 load address 0x0000000008007020
 .igot.plt      0x0000000020000088        0x0 /opt/Atollic_TrueSTUDIO_for_STM32_x86_64_9.3.0/ARMTools/bin/../lib/gcc/arm-atollic-eabi/6.3.1/armv7-m/crtbegin.o
                0x0000000020000088                . = ALIGN (0x4)

.bss            0x0000000020000088     0x18e8 load address 0x0000000008007020
                0x0000000020000088                _sbss = .
                0x0000000020000088                __bss_start__ = _sbss
 *(.bss)
 .bss           0x0000000020000088       0x1c /opt/Atollic_TrueSTUDIO_for_STM32_x86_64_9.3.0/ARMTools/bin/../lib/gcc/arm-atollic-eabi/6.3.1/armv7-m/crtbegin.o
 *(.bss*)
 .bss.Diod_Pulse
                0x00000000200000a4        0x2 Src/main.o
                0x00000000200000a4                Diod_Pulse
 .bss.Diod_Pulse1
                0x00000000200000a6        0x2 Src/main.o
                0x00000000200000a6                Diod_Pulse1
 .bss.Diod_Pulse2
                0x00000000200000a8        0x2 Src/main.o
                0x00000000200000a8                Diod_Pulse2
 *fill*         0x00000000200000aa        0x2 
 .bss.Giro_Pulse
                0x00000000200000ac        0x4 Src/main.o
                0x00000000200000ac                Giro_Pulse
 .bss.Menupos   0x00000000200000b0        0x1 Src/main.o
                0x00000000200000b0                Menupos
 .bss.Menupos2  0x00000000200000b1        0x1 Src/main.o
                0x00000000200000b1                Menupos2
 .bss.Start     0x00000000200000b2        0x1 Src/main.o
                0x00000000200000b2                Start
 *fill*         0x00000000200000b3        0x1 
 .bss.TIM_Pulse
                0x00000000200000b4        0x4 Src/main.o
                0x00000000200000b4                TIM_Pulse
 .bss.cod_but   0x00000000200000b8        0x4 Src/main.o
                0x00000000200000b8                cod_but
 .bss.debug     0x00000000200000bc        0x1 Src/main.o
                0x00000000200000bc                debug
 .bss.giro_step
                0x00000000200000bd        0x1 Src/main.o
                0x00000000200000bd                giro_step
 .bss.trans_str
                0x00000000200000be       0x60 Src/main.o
                0x00000000200000be                trans_str
 .bss.SSD1306   0x000000002000011e        0x6 Src/ssd1306.o
 .bss.SSD1306_Buffer
                0x0000000020000124      0x400 Src/ssd1306.o
 .bss.heap_end.5887
                0x0000000020000524        0x4 Src/syscalls.o
 .bss.__malloc_free_list
                0x0000000020000528        0x4 /opt/Atollic_TrueSTUDIO_for_STM32_x86_64_9.3.0/ARMTools/bin/../lib/gcc/arm-atollic-eabi/6.3.1/../../../../arm-atollic-eabi/lib/armv7-m/libc_nano.a(lib_a-nano-mallocr.o)
                0x0000000020000528                __malloc_free_list
 .bss.__malloc_sbrk_start
                0x000000002000052c        0x4 /opt/Atollic_TrueSTUDIO_for_STM32_x86_64_9.3.0/ARMTools/bin/../lib/gcc/arm-atollic-eabi/6.3.1/../../../../arm-atollic-eabi/lib/armv7-m/libc_nano.a(lib_a-nano-mallocr.o)
                0x000000002000052c                __malloc_sbrk_start
 *(COMMON)
 COMMON         0x0000000020000530        0x4 Drivers/STM32F1xx_HAL_Driver/Src/stm32f1xx_hal.o
                0x0000000020000530                uwTick
 COMMON         0x0000000020000534      0x21c Src/IRremote.o
                0x0000000020000534                irparams
                0x000000002000073c                results
 COMMON         0x0000000020000750     0x121c Src/main.o
                0x0000000020000750                location
                0x0000000020000754                HMC5983_Data
                0x0000000020000760                htim4
                0x00000000200007a0                fAY
                0x00000000200007a4                hi2c2
                0x00000000200007f8                temp_values
                0x0000000020000924                i2cBuff
                0x000000002000092c                calcforw
                0x0000000020000930                op_time
                0x0000000020000934                fAY_Cal
                0x0000000020000938                az
                0x000000002000093c                fGZ_Cal
                0x0000000020000940                redyread
                0x0000000020000944                fGX_Cal
                0x0000000020000948                MPU6050_Data
                0x0000000020000954                fAZ_Cal
                0x0000000020000958                min_score
                0x000000002000095c                fGY_Cal
                0x0000000020000960                ax
                0x0000000020000964                CODE_TO_SEND
                0x0000000020000968                i
                0x000000002000096a                reading
                0x0000000020000a98                htim1
                0x0000000020000ad8                fAX
                0x0000000020000adc                fAZ
                0x0000000020000ae0                count
                0x0000000020000ae4                redywait
                0x0000000020000ae8                Mcounter
                0x0000000020000aec                var
                0x0000000020000af0                DTW_score
                0x0000000020000b08                htim2
                0x0000000020000b48                startmov
                0x0000000020000b49                calcup
                0x0000000020000b4c                CODE_TO_REC
                0x0000000020000b50                calcdown
                0x0000000020000b52                ay
                0x0000000020000b54                take_reading_master_guesture
                0x0000000020000b55                status
                0x0000000020000b58                fAX_Cal
                0x0000000020000b5c                master
 COMMON         0x000000002000196c        0x4 /opt/Atollic_TrueSTUDIO_for_STM32_x86_64_9.3.0/ARMTools/bin/../lib/gcc/arm-atollic-eabi/6.3.1/../../../../arm-atollic-eabi/lib/armv7-m/libc_nano.a(lib_a-reent.o)
                0x000000002000196c                errno
                0x0000000020001970                . = ALIGN (0x4)
                0x0000000020001970                _ebss = .
                0x0000000020001970                __bss_end__ = _ebss

._user_heap_stack
                0x0000000020001970      0x600 load address 0x0000000008007020
                0x0000000020001970                . = ALIGN (0x4)
                0x0000000020001970                PROVIDE (end, .)
                [!provide]                        PROVIDE (_end, .)
                0x0000000020001b70                . = (. + _Min_Heap_Size)
 *fill*         0x0000000020001970      0x200 
                0x0000000020001f70                . = (. + _Min_Stack_Size)
 *fill*         0x0000000020001b70      0x400 
                0x0000000020001f70                . = ALIGN (0x4)

/DISCARD/
 libc.a(*)
 libm.a(*)
 libgcc.a(*)

.ARM.attributes
                0x0000000000000000       0x29
 *(.ARM.attributes)
 .ARM.attributes
                0x0000000000000000       0x1d /opt/Atollic_TrueSTUDIO_for_STM32_x86_64_9.3.0/ARMTools/bin/../lib/gcc/arm-atollic-eabi/6.3.1/armv7-m/crti.o
 .ARM.attributes
                0x000000000000001d       0x2d /opt/Atollic_TrueSTUDIO_for_STM32_x86_64_9.3.0/ARMTools/bin/../lib/gcc/arm-atollic-eabi/6.3.1/armv7-m/crtbegin.o
 .ARM.attributes
                0x000000000000004a       0x33 Drivers/STM32F1xx_HAL_Driver/Src/stm32f1xx_hal.o
 .ARM.attributes
                0x000000000000007d       0x33 Drivers/STM32F1xx_HAL_Driver/Src/stm32f1xx_hal_cortex.o
 .ARM.attributes
                0x00000000000000b0       0x33 Drivers/STM32F1xx_HAL_Driver/Src/stm32f1xx_hal_gpio.o
 .ARM.attributes
                0x00000000000000e3       0x33 Drivers/STM32F1xx_HAL_Driver/Src/stm32f1xx_hal_i2c.o
 .ARM.attributes
                0x0000000000000116       0x33 Drivers/STM32F1xx_HAL_Driver/Src/stm32f1xx_hal_rcc.o
 .ARM.attributes
                0x0000000000000149       0x33 Drivers/STM32F1xx_HAL_Driver/Src/stm32f1xx_hal_tim.o
 .ARM.attributes
                0x000000000000017c       0x33 Drivers/STM32F1xx_HAL_Driver/Src/stm32f1xx_hal_tim_ex.o
 .ARM.attributes
                0x00000000000001af       0x33 Src/IRremote.o
 .ARM.attributes
                0x00000000000001e2       0x33 Src/irSend.o
 .ARM.attributes
                0x0000000000000215       0x33 Src/ir_Aiwa.o
 .ARM.attributes
                0x0000000000000248       0x33 Src/ir_Denon.o
 .ARM.attributes
                0x000000000000027b       0x33 Src/ir_JVC.o
 .ARM.attributes
                0x00000000000002ae       0x33 Src/ir_LG.o
 .ARM.attributes
                0x00000000000002e1       0x33 Src/ir_Mitsubishi.o
 .ARM.attributes
                0x0000000000000314       0x33 Src/ir_NEC.o
 .ARM.attributes
                0x0000000000000347       0x33 Src/ir_Panasonic.o
 .ARM.attributes
                0x000000000000037a       0x33 Src/ir_RC5_RC6.o
 .ARM.attributes
                0x00000000000003ad       0x33 Src/ir_Samsung.o
 .ARM.attributes
                0x00000000000003e0       0x33 Src/ir_Sanyo.o
 .ARM.attributes
                0x0000000000000413       0x33 Src/ir_Sony.o
 .ARM.attributes
                0x0000000000000446       0x33 Src/ir_Whynter.o
 .ARM.attributes
                0x0000000000000479       0x33 Src/main.o
 .ARM.attributes
                0x00000000000004ac       0x33 Src/ssd1306.o
 .ARM.attributes
                0x00000000000004df       0x33 Src/ssd1306_fonts.o
 .ARM.attributes
                0x0000000000000512       0x33 Src/stm32f1xx_hal_msp.o
 .ARM.attributes
                0x0000000000000545       0x33 Src/stm32f1xx_it.o
 .ARM.attributes
                0x0000000000000578       0x33 Src/syscalls.o
 .ARM.attributes
                0x00000000000005ab       0x33 Src/system_stm32f1xx.o
 .ARM.attributes
                0x00000000000005de       0x21 startup/startup_stm32f103xb.o
 .ARM.attributes
                0x00000000000005ff       0x2d /opt/Atollic_TrueSTUDIO_for_STM32_x86_64_9.3.0/ARMTools/bin/../lib/gcc/arm-atollic-eabi/6.3.1/../../../../arm-atollic-eabi/lib/armv7-m/libc_nano.a(lib_a-errno.o)
 .ARM.attributes
                0x000000000000062c       0x2d /opt/Atollic_TrueSTUDIO_for_STM32_x86_64_9.3.0/ARMTools/bin/../lib/gcc/arm-atollic-eabi/6.3.1/../../../../arm-atollic-eabi/lib/armv7-m/libc_nano.a(lib_a-impure.o)
 .ARM.attributes
                0x0000000000000659       0x2d /opt/Atollic_TrueSTUDIO_for_STM32_x86_64_9.3.0/ARMTools/bin/../lib/gcc/arm-atollic-eabi/6.3.1/../../../../arm-atollic-eabi/lib/armv7-m/libc_nano.a(lib_a-init.o)
 .ARM.attributes
                0x0000000000000686       0x2d /opt/Atollic_TrueSTUDIO_for_STM32_x86_64_9.3.0/ARMTools/bin/../lib/gcc/arm-atollic-eabi/6.3.1/../../../../arm-atollic-eabi/lib/armv7-m/libc_nano.a(lib_a-memmove.o)
 .ARM.attributes
                0x00000000000006b3       0x2d /opt/Atollic_TrueSTUDIO_for_STM32_x86_64_9.3.0/ARMTools/bin/../lib/gcc/arm-atollic-eabi/6.3.1/../../../../arm-atollic-eabi/lib/armv7-m/libc_nano.a(lib_a-memset.o)
 .ARM.attributes
                0x00000000000006e0       0x2d /opt/Atollic_TrueSTUDIO_for_STM32_x86_64_9.3.0/ARMTools/bin/../lib/gcc/arm-atollic-eabi/6.3.1/../../../../arm-atollic-eabi/lib/armv7-m/libc_nano.a(lib_a-putchar.o)
 .ARM.attributes
                0x000000000000070d       0x2d /opt/Atollic_TrueSTUDIO_for_STM32_x86_64_9.3.0/ARMTools/bin/../lib/gcc/arm-atollic-eabi/6.3.1/../../../../arm-atollic-eabi/lib/armv7-m/libc_nano.a(lib_a-snprintf.o)
 .ARM.attributes
                0x000000000000073a       0x2d /opt/Atollic_TrueSTUDIO_for_STM32_x86_64_9.3.0/ARMTools/bin/../lib/gcc/arm-atollic-eabi/6.3.1/../../../../arm-atollic-eabi/lib/armv7-m/libc_nano.a(lib_a-findfp.o)
 .ARM.attributes
                0x0000000000000767       0x2d /opt/Atollic_TrueSTUDIO_for_STM32_x86_64_9.3.0/ARMTools/bin/../lib/gcc/arm-atollic-eabi/6.3.1/../../../../arm-atollic-eabi/lib/armv7-m/libc_nano.a(lib_a-fwalk.o)
 .ARM.attributes
                0x0000000000000794       0x2d /opt/Atollic_TrueSTUDIO_for_STM32_x86_64_9.3.0/ARMTools/bin/../lib/gcc/arm-atollic-eabi/6.3.1/../../../../arm-atollic-eabi/lib/armv7-m/libc_nano.a(lib_a-nano-mallocr.o)
 .ARM.attributes
                0x00000000000007c1       0x2d /opt/Atollic_TrueSTUDIO_for_STM32_x86_64_9.3.0/ARMTools/bin/../lib/gcc/arm-atollic-eabi/6.3.1/../../../../arm-atollic-eabi/lib/armv7-m/libc_nano.a(lib_a-nano-svfprintf.o)
 .ARM.attributes
                0x00000000000007ee       0x2d /opt/Atollic_TrueSTUDIO_for_STM32_x86_64_9.3.0/ARMTools/bin/../lib/gcc/arm-atollic-eabi/6.3.1/../../../../arm-atollic-eabi/lib/armv7-m/libc_nano.a(lib_a-nano-vfprintf_i.o)
 .ARM.attributes
                0x000000000000081b       0x2d /opt/Atollic_TrueSTUDIO_for_STM32_x86_64_9.3.0/ARMTools/bin/../lib/gcc/arm-atollic-eabi/6.3.1/../../../../arm-atollic-eabi/lib/armv7-m/libc_nano.a(lib_a-putc.o)
 .ARM.attributes
                0x0000000000000848       0x2d /opt/Atollic_TrueSTUDIO_for_STM32_x86_64_9.3.0/ARMTools/bin/../lib/gcc/arm-atollic-eabi/6.3.1/../../../../arm-atollic-eabi/lib/armv7-m/libc_nano.a(lib_a-sbrkr.o)
 .ARM.attributes
                0x0000000000000875       0x2d /opt/Atollic_TrueSTUDIO_for_STM32_x86_64_9.3.0/ARMTools/bin/../lib/gcc/arm-atollic-eabi/6.3.1/../../../../arm-atollic-eabi/lib/armv7-m/libc_nano.a(lib_a-stdio.o)
 .ARM.attributes
                0x00000000000008a2       0x2d /opt/Atollic_TrueSTUDIO_for_STM32_x86_64_9.3.0/ARMTools/bin/../lib/gcc/arm-atollic-eabi/6.3.1/../../../../arm-atollic-eabi/lib/armv7-m/libc_nano.a(lib_a-wbuf.o)
 .ARM.attributes
                0x00000000000008cf       0x2d /opt/Atollic_TrueSTUDIO_for_STM32_x86_64_9.3.0/ARMTools/bin/../lib/gcc/arm-atollic-eabi/6.3.1/../../../../arm-atollic-eabi/lib/armv7-m/libc_nano.a(lib_a-writer.o)
 .ARM.attributes
                0x00000000000008fc       0x2d /opt/Atollic_TrueSTUDIO_for_STM32_x86_64_9.3.0/ARMTools/bin/../lib/gcc/arm-atollic-eabi/6.3.1/../../../../arm-atollic-eabi/lib/armv7-m/libc_nano.a(lib_a-wsetup.o)
 .ARM.attributes
                0x0000000000000929       0x2d /opt/Atollic_TrueSTUDIO_for_STM32_x86_64_9.3.0/ARMTools/bin/../lib/gcc/arm-atollic-eabi/6.3.1/../../../../arm-atollic-eabi/lib/armv7-m/libc_nano.a(lib_a-closer.o)
 .ARM.attributes
                0x0000000000000956       0x2d /opt/Atollic_TrueSTUDIO_for_STM32_x86_64_9.3.0/ARMTools/bin/../lib/gcc/arm-atollic-eabi/6.3.1/../../../../arm-atollic-eabi/lib/armv7-m/libc_nano.a(lib_a-fflush.o)
 .ARM.attributes
                0x0000000000000983       0x2d /opt/Atollic_TrueSTUDIO_for_STM32_x86_64_9.3.0/ARMTools/bin/../lib/gcc/arm-atollic-eabi/6.3.1/../../../../arm-atollic-eabi/lib/armv7-m/libc_nano.a(lib_a-lseekr.o)
 .ARM.attributes
                0x00000000000009b0       0x2d /opt/Atollic_TrueSTUDIO_for_STM32_x86_64_9.3.0/ARMTools/bin/../lib/gcc/arm-atollic-eabi/6.3.1/../../../../arm-atollic-eabi/lib/armv7-m/libc_nano.a(lib_a-makebuf.o)
 .ARM.attributes
                0x00000000000009dd       0x2d /opt/Atollic_TrueSTUDIO_for_STM32_x86_64_9.3.0/ARMTools/bin/../lib/gcc/arm-atollic-eabi/6.3.1/../../../../arm-atollic-eabi/lib/armv7-m/libc_nano.a(lib_a-memchr-stub.o)
 .ARM.attributes
                0x0000000000000a0a       0x2d /opt/Atollic_TrueSTUDIO_for_STM32_x86_64_9.3.0/ARMTools/bin/../lib/gcc/arm-atollic-eabi/6.3.1/../../../../arm-atollic-eabi/lib/armv7-m/libc_nano.a(lib_a-memcpy-stub.o)
 .ARM.attributes
                0x0000000000000a37       0x2d /opt/Atollic_TrueSTUDIO_for_STM32_x86_64_9.3.0/ARMTools/bin/../lib/gcc/arm-atollic-eabi/6.3.1/../../../../arm-atollic-eabi/lib/armv7-m/libc_nano.a(lib_a-mlock.o)
 .ARM.attributes
                0x0000000000000a64       0x2d /opt/Atollic_TrueSTUDIO_for_STM32_x86_64_9.3.0/ARMTools/bin/../lib/gcc/arm-atollic-eabi/6.3.1/../../../../arm-atollic-eabi/lib/armv7-m/libc_nano.a(lib_a-nano-freer.o)
 .ARM.attributes
                0x0000000000000a91       0x2d /opt/Atollic_TrueSTUDIO_for_STM32_x86_64_9.3.0/ARMTools/bin/../lib/gcc/arm-atollic-eabi/6.3.1/../../../../arm-atollic-eabi/lib/armv7-m/libc_nano.a(lib_a-nano-reallocr.o)
 .ARM.attributes
                0x0000000000000abe       0x2d /opt/Atollic_TrueSTUDIO_for_STM32_x86_64_9.3.0/ARMTools/bin/../lib/gcc/arm-atollic-eabi/6.3.1/../../../../arm-atollic-eabi/lib/armv7-m/libc_nano.a(lib_a-readr.o)
 .ARM.attributes
                0x0000000000000aeb       0x2d /opt/Atollic_TrueSTUDIO_for_STM32_x86_64_9.3.0/ARMTools/bin/../lib/gcc/arm-atollic-eabi/6.3.1/../../../../arm-atollic-eabi/lib/armv7-m/libc_nano.a(lib_a-reent.o)
 .ARM.attributes
                0x0000000000000b18       0x2d /opt/Atollic_TrueSTUDIO_for_STM32_x86_64_9.3.0/ARMTools/bin/../lib/gcc/arm-atollic-eabi/6.3.1/../../../../arm-atollic-eabi/lib/armv7-m/libc_nano.a(lib_a-fstatr.o)
 .ARM.attributes
                0x0000000000000b45       0x2d /opt/Atollic_TrueSTUDIO_for_STM32_x86_64_9.3.0/ARMTools/bin/../lib/gcc/arm-atollic-eabi/6.3.1/../../../../arm-atollic-eabi/lib/armv7-m/libc_nano.a(lib_a-isattyr.o)
 .ARM.attributes
                0x0000000000000b72       0x2d /opt/Atollic_TrueSTUDIO_for_STM32_x86_64_9.3.0/ARMTools/bin/../lib/gcc/arm-atollic-eabi/6.3.1/../../../../arm-atollic-eabi/lib/armv7-m/libc_nano.a(lib_a-nano-msizer.o)
 .ARM.attributes
                0x0000000000000b9f       0x1d /opt/Atollic_TrueSTUDIO_for_STM32_x86_64_9.3.0/ARMTools/bin/../lib/gcc/arm-atollic-eabi/6.3.1/armv7-m/libgcc.a(_arm_addsubdf3.o)
 .ARM.attributes
                0x0000000000000bbc       0x1d /opt/Atollic_TrueSTUDIO_for_STM32_x86_64_9.3.0/ARMTools/bin/../lib/gcc/arm-atollic-eabi/6.3.1/armv7-m/libgcc.a(_arm_muldivdf3.o)
 .ARM.attributes
                0x0000000000000bd9       0x1d /opt/Atollic_TrueSTUDIO_for_STM32_x86_64_9.3.0/ARMTools/bin/../lib/gcc/arm-atollic-eabi/6.3.1/armv7-m/libgcc.a(_arm_cmpdf2.o)
 .ARM.attributes
                0x0000000000000bf6       0x1d /opt/Atollic_TrueSTUDIO_for_STM32_x86_64_9.3.0/ARMTools/bin/../lib/gcc/arm-atollic-eabi/6.3.1/armv7-m/libgcc.a(_arm_fixdfsi.o)
 .ARM.attributes
                0x0000000000000c13       0x1d /opt/Atollic_TrueSTUDIO_for_STM32_x86_64_9.3.0/ARMTools/bin/../lib/gcc/arm-atollic-eabi/6.3.1/armv7-m/libgcc.a(_arm_addsubsf3.o)
 .ARM.attributes
                0x0000000000000c30       0x1d /opt/Atollic_TrueSTUDIO_for_STM32_x86_64_9.3.0/ARMTools/bin/../lib/gcc/arm-atollic-eabi/6.3.1/armv7-m/libgcc.a(_arm_muldivsf3.o)
 .ARM.attributes
                0x0000000000000c4d       0x1d /opt/Atollic_TrueSTUDIO_for_STM32_x86_64_9.3.0/ARMTools/bin/../lib/gcc/arm-atollic-eabi/6.3.1/armv7-m/libgcc.a(_arm_fixsfsi.o)
 .ARM.attributes
                0x0000000000000c6a       0x1d /opt/Atollic_TrueSTUDIO_for_STM32_x86_64_9.3.0/ARMTools/bin/../lib/gcc/arm-atollic-eabi/6.3.1/armv7-m/crtn.o
OUTPUT(magic.elf elf32-littlearm)

.debug_info     0x0000000000000000    0x26ce2
 .debug_info    0x0000000000000000      0xfc8 Drivers/STM32F1xx_HAL_Driver/Src/stm32f1xx_hal.o
 .debug_info    0x0000000000000fc8     0x14a9 Drivers/STM32F1xx_HAL_Driver/Src/stm32f1xx_hal_cortex.o
 .debug_info    0x0000000000002471      0xec2 Drivers/STM32F1xx_HAL_Driver/Src/stm32f1xx_hal_gpio.o
 .debug_info    0x0000000000003333     0x38ea Drivers/STM32F1xx_HAL_Driver/Src/stm32f1xx_hal_i2c.o
 .debug_info    0x0000000000006c1d     0x123c Drivers/STM32F1xx_HAL_Driver/Src/stm32f1xx_hal_rcc.o
 .debug_info    0x0000000000007e59     0x3bb7 Drivers/STM32F1xx_HAL_Driver/Src/stm32f1xx_hal_tim.o
 .debug_info    0x000000000000ba10     0x1988 Drivers/STM32F1xx_HAL_Driver/Src/stm32f1xx_hal_tim_ex.o
 .debug_info    0x000000000000d398     0x154e Src/IRremote.o
 .debug_info    0x000000000000e8e6     0x14f2 Src/irSend.o
 .debug_info    0x000000000000fdd8     0x11bd Src/ir_Aiwa.o
 .debug_info    0x0000000000010f95     0x1162 Src/ir_Denon.o
 .debug_info    0x00000000000120f7     0x11b0 Src/ir_JVC.o
 .debug_info    0x00000000000132a7     0x1176 Src/ir_LG.o
 .debug_info    0x000000000001441d     0x1059 Src/ir_Mitsubishi.o
 .debug_info    0x0000000000015476     0x118c Src/ir_NEC.o
 .debug_info    0x0000000000016602     0x11a4 Src/ir_Panasonic.o
 .debug_info    0x00000000000177a6     0x15af Src/ir_RC5_RC6.o
 .debug_info    0x0000000000018d55     0x118c Src/ir_Samsung.o
 .debug_info    0x0000000000019ee1     0x106e Src/ir_Sanyo.o
 .debug_info    0x000000000001af4f     0x1119 Src/ir_Sony.o
 .debug_info    0x000000000001c068     0x11d3 Src/ir_Whynter.o
 .debug_info    0x000000000001d23b     0x3ea3 Src/main.o
 .debug_info    0x00000000000210de     0x1555 Src/ssd1306.o
 .debug_info    0x0000000000022633      0x19f Src/ssd1306_fonts.o
 .debug_info    0x00000000000227d2     0x19c3 Src/stm32f1xx_hal_msp.o
 .debug_info    0x0000000000024195      0xec1 Src/stm32f1xx_it.o
 .debug_info    0x0000000000025056      0xfe1 Src/syscalls.o
 .debug_info    0x0000000000026037      0xc4d Src/system_stm32f1xx.o
 .debug_info    0x0000000000026c84       0x5e startup/startup_stm32f103xb.o

.debug_abbrev   0x0000000000000000     0x4ca4
 .debug_abbrev  0x0000000000000000      0x315 Drivers/STM32F1xx_HAL_Driver/Src/stm32f1xx_hal.o
 .debug_abbrev  0x0000000000000315      0x399 Drivers/STM32F1xx_HAL_Driver/Src/stm32f1xx_hal_cortex.o
 .debug_abbrev  0x00000000000006ae      0x268 Drivers/STM32F1xx_HAL_Driver/Src/stm32f1xx_hal_gpio.o
 .debug_abbrev  0x0000000000000916      0x3c1 Drivers/STM32F1xx_HAL_Driver/Src/stm32f1xx_hal_i2c.o
 .debug_abbrev  0x0000000000000cd7      0x367 Drivers/STM32F1xx_HAL_Driver/Src/stm32f1xx_hal_rcc.o
 .debug_abbrev  0x000000000000103e      0x3bb Drivers/STM32F1xx_HAL_Driver/Src/stm32f1xx_hal_tim.o
 .debug_abbrev  0x00000000000013f9      0x30d Drivers/STM32F1xx_HAL_Driver/Src/stm32f1xx_hal_tim_ex.o
 .debug_abbrev  0x0000000000001706      0x2fd Src/IRremote.o
 .debug_abbrev  0x0000000000001a03      0x2b4 Src/irSend.o
 .debug_abbrev  0x0000000000001cb7      0x28f Src/ir_Aiwa.o
 .debug_abbrev  0x0000000000001f46      0x27c Src/ir_Denon.o
 .debug_abbrev  0x00000000000021c2      0x27c Src/ir_JVC.o
 .debug_abbrev  0x000000000000243e      0x27c Src/ir_LG.o
 .debug_abbrev  0x00000000000026ba      0x233 Src/ir_Mitsubishi.o
 .debug_abbrev  0x00000000000028ed      0x27c Src/ir_NEC.o
 .debug_abbrev  0x0000000000002b69      0x287 Src/ir_Panasonic.o
 .debug_abbrev  0x0000000000002df0      0x2bb Src/ir_RC5_RC6.o
 .debug_abbrev  0x00000000000030ab      0x27c Src/ir_Samsung.o
 .debug_abbrev  0x0000000000003327      0x233 Src/ir_Sanyo.o
 .debug_abbrev  0x000000000000355a      0x270 Src/ir_Sony.o
 .debug_abbrev  0x00000000000037ca      0x27c Src/ir_Whynter.o
 .debug_abbrev  0x0000000000003a46      0x577 Src/main.o
 .debug_abbrev  0x0000000000003fbd      0x2d5 Src/ssd1306.o
 .debug_abbrev  0x0000000000004292       0x9e Src/ssd1306_fonts.o
 .debug_abbrev  0x0000000000004330      0x289 Src/stm32f1xx_hal_msp.o
 .debug_abbrev  0x00000000000045b9      0x215 Src/stm32f1xx_it.o
 .debug_abbrev  0x00000000000047ce      0x2d9 Src/syscalls.o
 .debug_abbrev  0x0000000000004aa7      0x1eb Src/system_stm32f1xx.o
 .debug_abbrev  0x0000000000004c92       0x12 startup/startup_stm32f103xb.o

.debug_loc      0x0000000000000000     0x990f
 .debug_loc     0x0000000000000000      0x11b Drivers/STM32F1xx_HAL_Driver/Src/stm32f1xx_hal.o
 .debug_loc     0x000000000000011b      0x46b Drivers/STM32F1xx_HAL_Driver/Src/stm32f1xx_hal_cortex.o
 .debug_loc     0x0000000000000586      0x36a Drivers/STM32F1xx_HAL_Driver/Src/stm32f1xx_hal_gpio.o
 .debug_loc     0x00000000000008f0     0x2bdf Drivers/STM32F1xx_HAL_Driver/Src/stm32f1xx_hal_i2c.o
 .debug_loc     0x00000000000034cf      0x4c3 Drivers/STM32F1xx_HAL_Driver/Src/stm32f1xx_hal_rcc.o
 .debug_loc     0x0000000000003992     0x300c Drivers/STM32F1xx_HAL_Driver/Src/stm32f1xx_hal_tim.o
 .debug_loc     0x000000000000699e      0x822 Drivers/STM32F1xx_HAL_Driver/Src/stm32f1xx_hal_tim_ex.o
 .debug_loc     0x00000000000071c0      0x266 Src/IRremote.o
 .debug_loc     0x0000000000007426      0x205 Src/irSend.o
 .debug_loc     0x000000000000762b      0x156 Src/ir_Aiwa.o
 .debug_loc     0x0000000000007781      0x13b Src/ir_Denon.o
 .debug_loc     0x00000000000078bc      0x183 Src/ir_JVC.o
 .debug_loc     0x0000000000007a3f      0x160 Src/ir_LG.o
 .debug_loc     0x0000000000007b9f       0xb7 Src/ir_Mitsubishi.o
 .debug_loc     0x0000000000007c56      0x125 Src/ir_NEC.o
 .debug_loc     0x0000000000007d7b      0x132 Src/ir_Panasonic.o
 .debug_loc     0x0000000000007ead      0x3e3 Src/ir_RC5_RC6.o
 .debug_loc     0x0000000000008290      0x131 Src/ir_Samsung.o
 .debug_loc     0x00000000000083c1       0xf2 Src/ir_Sanyo.o
 .debug_loc     0x00000000000084b3      0x13d Src/ir_Sony.o
 .debug_loc     0x00000000000085f0      0x16d Src/ir_Whynter.o
 .debug_loc     0x000000000000875d      0x97c Src/main.o
 .debug_loc     0x00000000000090d9      0x246 Src/ssd1306.o
 .debug_loc     0x000000000000931f      0x134 Src/stm32f1xx_hal_msp.o
 .debug_loc     0x0000000000009453      0x3ef Src/syscalls.o
 .debug_loc     0x0000000000009842       0xcd Src/system_stm32f1xx.o

.debug_aranges  0x0000000000000000      0xc58
 .debug_aranges
                0x0000000000000000       0xc8 Drivers/STM32F1xx_HAL_Driver/Src/stm32f1xx_hal.o
 .debug_aranges
                0x00000000000000c8       0x90 Drivers/STM32F1xx_HAL_Driver/Src/stm32f1xx_hal_cortex.o
 .debug_aranges
                0x0000000000000158       0x58 Drivers/STM32F1xx_HAL_Driver/Src/stm32f1xx_hal_gpio.o
 .debug_aranges
                0x00000000000001b0      0x190 Drivers/STM32F1xx_HAL_Driver/Src/stm32f1xx_hal_i2c.o
 .debug_aranges
                0x0000000000000340       0x88 Drivers/STM32F1xx_HAL_Driver/Src/stm32f1xx_hal_rcc.o
 .debug_aranges
                0x00000000000003c8      0x250 Drivers/STM32F1xx_HAL_Driver/Src/stm32f1xx_hal_tim.o
 .debug_aranges
                0x0000000000000618       0xe8 Drivers/STM32F1xx_HAL_Driver/Src/stm32f1xx_hal_tim_ex.o
 .debug_aranges
                0x0000000000000700       0x68 Src/IRremote.o
 .debug_aranges
                0x0000000000000768       0x48 Src/irSend.o
 .debug_aranges
                0x00000000000007b0       0x28 Src/ir_Aiwa.o
 .debug_aranges
                0x00000000000007d8       0x28 Src/ir_Denon.o
 .debug_aranges
                0x0000000000000800       0x28 Src/ir_JVC.o
 .debug_aranges
                0x0000000000000828       0x28 Src/ir_LG.o
 .debug_aranges
                0x0000000000000850       0x20 Src/ir_Mitsubishi.o
 .debug_aranges
                0x0000000000000870       0x28 Src/ir_NEC.o
 .debug_aranges
                0x0000000000000898       0x28 Src/ir_Panasonic.o
 .debug_aranges
                0x00000000000008c0       0x40 Src/ir_RC5_RC6.o
 .debug_aranges
                0x0000000000000900       0x28 Src/ir_Samsung.o
 .debug_aranges
                0x0000000000000928       0x20 Src/ir_Sanyo.o
 .debug_aranges
                0x0000000000000948       0x28 Src/ir_Sony.o
 .debug_aranges
                0x0000000000000970       0x28 Src/ir_Whynter.o
 .debug_aranges
                0x0000000000000998       0x98 Src/main.o
 .debug_aranges
                0x0000000000000a30       0x68 Src/ssd1306.o
 .debug_aranges
                0x0000000000000a98       0x18 Src/ssd1306_fonts.o
 .debug_aranges
                0x0000000000000ab0       0x58 Src/stm32f1xx_hal_msp.o
 .debug_aranges
                0x0000000000000b08       0x50 Src/stm32f1xx_it.o
 .debug_aranges
                0x0000000000000b58       0xb0 Src/syscalls.o
 .debug_aranges
                0x0000000000000c08       0x28 Src/system_stm32f1xx.o
 .debug_aranges
                0x0000000000000c30       0x28 startup/startup_stm32f103xb.o

.debug_ranges   0x0000000000000000     0x14b0
 .debug_ranges  0x0000000000000000       0xb8 Drivers/STM32F1xx_HAL_Driver/Src/stm32f1xx_hal.o
 .debug_ranges  0x00000000000000b8      0x128 Drivers/STM32F1xx_HAL_Driver/Src/stm32f1xx_hal_cortex.o
 .debug_ranges  0x00000000000001e0       0x60 Drivers/STM32F1xx_HAL_Driver/Src/stm32f1xx_hal_gpio.o
 .debug_ranges  0x0000000000000240      0x438 Drivers/STM32F1xx_HAL_Driver/Src/stm32f1xx_hal_i2c.o
 .debug_ranges  0x0000000000000678       0xa0 Drivers/STM32F1xx_HAL_Driver/Src/stm32f1xx_hal_rcc.o
 .debug_ranges  0x0000000000000718      0x340 Drivers/STM32F1xx_HAL_Driver/Src/stm32f1xx_hal_tim.o
 .debug_ranges  0x0000000000000a58       0xd8 Drivers/STM32F1xx_HAL_Driver/Src/stm32f1xx_hal_tim_ex.o
 .debug_ranges  0x0000000000000b30       0xa0 Src/IRremote.o
 .debug_ranges  0x0000000000000bd0       0x58 Src/irSend.o
 .debug_ranges  0x0000000000000c28       0x18 Src/ir_Aiwa.o
 .debug_ranges  0x0000000000000c40       0x48 Src/ir_Denon.o
 .debug_ranges  0x0000000000000c88       0x48 Src/ir_JVC.o
 .debug_ranges  0x0000000000000cd0       0x48 Src/ir_LG.o
 .debug_ranges  0x0000000000000d18       0x10 Src/ir_Mitsubishi.o
 .debug_ranges  0x0000000000000d28       0x48 Src/ir_NEC.o
 .debug_ranges  0x0000000000000d70       0x30 Src/ir_Panasonic.o
 .debug_ranges  0x0000000000000da0       0x98 Src/ir_RC5_RC6.o
 .debug_ranges  0x0000000000000e38       0x48 Src/ir_Samsung.o
 .debug_ranges  0x0000000000000e80       0x10 Src/ir_Sanyo.o
 .debug_ranges  0x0000000000000e90       0x30 Src/ir_Sony.o
 .debug_ranges  0x0000000000000ec0       0x48 Src/ir_Whynter.o
 .debug_ranges  0x0000000000000f08      0x2c0 Src/main.o
 .debug_ranges  0x00000000000011c8       0x70 Src/ssd1306.o
 .debug_ranges  0x0000000000001238      0x160 Src/stm32f1xx_hal_msp.o
 .debug_ranges  0x0000000000001398       0x40 Src/stm32f1xx_it.o
 .debug_ranges  0x00000000000013d8       0xa0 Src/syscalls.o
 .debug_ranges  0x0000000000001478       0x18 Src/system_stm32f1xx.o
 .debug_ranges  0x0000000000001490       0x20 startup/startup_stm32f103xb.o

.debug_line     0x0000000000000000     0x8e13
 .debug_line    0x0000000000000000      0x43e Drivers/STM32F1xx_HAL_Driver/Src/stm32f1xx_hal.o
 .debug_line    0x000000000000043e      0x448 Drivers/STM32F1xx_HAL_Driver/Src/stm32f1xx_hal_cortex.o
 .debug_line    0x0000000000000886      0x43d Drivers/STM32F1xx_HAL_Driver/Src/stm32f1xx_hal_gpio.o
 .debug_line    0x0000000000000cc3     0x1a6a Drivers/STM32F1xx_HAL_Driver/Src/stm32f1xx_hal_i2c.o
 .debug_line    0x000000000000272d      0x5ee Drivers/STM32F1xx_HAL_Driver/Src/stm32f1xx_hal_rcc.o
 .debug_line    0x0000000000002d1b     0x1144 Drivers/STM32F1xx_HAL_Driver/Src/stm32f1xx_hal_tim.o
 .debug_line    0x0000000000003e5f      0x6e0 Drivers/STM32F1xx_HAL_Driver/Src/stm32f1xx_hal_tim_ex.o
 .debug_line    0x000000000000453f      0x42c Src/IRremote.o
 .debug_line    0x000000000000496b      0x36b Src/irSend.o
 .debug_line    0x0000000000004cd6      0x2f3 Src/ir_Aiwa.o
 .debug_line    0x0000000000004fc9      0x2f3 Src/ir_Denon.o
 .debug_line    0x00000000000052bc      0x304 Src/ir_JVC.o
 .debug_line    0x00000000000055c0      0x2f1 Src/ir_LG.o
 .debug_line    0x00000000000058b1      0x2d5 Src/ir_Mitsubishi.o
 .debug_line    0x0000000000005b86      0x303 Src/ir_NEC.o
 .debug_line    0x0000000000005e89      0x2f3 Src/ir_Panasonic.o
 .debug_line    0x000000000000617c      0x3cb Src/ir_RC5_RC6.o
 .debug_line    0x0000000000006547      0x309 Src/ir_Samsung.o
 .debug_line    0x0000000000006850      0x2cf Src/ir_Sanyo.o
 .debug_line    0x0000000000006b1f      0x2fe Src/ir_Sony.o
 .debug_line    0x0000000000006e1d      0x2fe Src/ir_Whynter.o
 .debug_line    0x000000000000711b      0xa61 Src/main.o
 .debug_line    0x0000000000007b7c      0x3d0 Src/ssd1306.o
 .debug_line    0x0000000000007f4c      0x119 Src/ssd1306_fonts.o
 .debug_line    0x0000000000008065      0x405 Src/stm32f1xx_hal_msp.o
 .debug_line    0x000000000000846a      0x2fa Src/stm32f1xx_it.o
 .debug_line    0x0000000000008764      0x394 Src/syscalls.o
 .debug_line    0x0000000000008af8      0x29e Src/system_stm32f1xx.o
 .debug_line    0x0000000000008d96       0x7d startup/startup_stm32f103xb.o

.debug_str      0x0000000000000000     0x43a6
 .debug_str     0x0000000000000000      0xb7e Drivers/STM32F1xx_HAL_Driver/Src/stm32f1xx_hal.o
                                        0xc54 (size before relaxing)
 .debug_str     0x0000000000000b7e      0x2db Drivers/STM32F1xx_HAL_Driver/Src/stm32f1xx_hal_cortex.o
                                        0xd7c (size before relaxing)
 .debug_str     0x0000000000000e59      0x1d0 Drivers/STM32F1xx_HAL_Driver/Src/stm32f1xx_hal_gpio.o
                                        0x8e9 (size before relaxing)
 .debug_str     0x0000000000001029      0xc39 Drivers/STM32F1xx_HAL_Driver/Src/stm32f1xx_hal_i2c.o
                                       0x137f (size before relaxing)
 .debug_str     0x0000000000001c62      0x306 Drivers/STM32F1xx_HAL_Driver/Src/stm32f1xx_hal_rcc.o
                                        0xac7 (size before relaxing)
 .debug_str     0x0000000000001f68      0xf15 Drivers/STM32F1xx_HAL_Driver/Src/stm32f1xx_hal_tim.o
                                       0x1818 (size before relaxing)
 .debug_str     0x0000000000002e7d      0x4f1 Drivers/STM32F1xx_HAL_Driver/Src/stm32f1xx_hal_tim_ex.o
                                       0x10ba (size before relaxing)
 .debug_str     0x000000000000336e      0x22d Src/IRremote.o
                                        0xdf7 (size before relaxing)
 .debug_str     0x000000000000359b      0x115 Src/irSend.o
                                        0xe24 (size before relaxing)
 .debug_str     0x00000000000036b0       0x25 Src/ir_Aiwa.o
                                        0xb97 (size before relaxing)
 .debug_str     0x00000000000036d5       0x22 Src/ir_Denon.o
                                        0xb8f (size before relaxing)
 .debug_str     0x00000000000036f7       0x1f Src/ir_JVC.o
                                        0xb90 (size before relaxing)
 .debug_str     0x0000000000003716       0x16 Src/ir_LG.o
                                        0xb86 (size before relaxing)
 .debug_str     0x000000000000372c       0x17 Src/ir_Mitsubishi.o
                                        0xb6d (size before relaxing)
 .debug_str     0x0000000000003743       0x18 Src/ir_NEC.o
                                        0xb89 (size before relaxing)
 .debug_str     0x000000000000375b       0x24 Src/ir_Panasonic.o
                                        0xb95 (size before relaxing)
 .debug_str     0x000000000000377f       0x59 Src/ir_RC5_RC6.o
                                        0xbda (size before relaxing)
 .debug_str     0x00000000000037d8       0x20 Src/ir_Samsung.o
                                        0xb95 (size before relaxing)
 .debug_str     0x00000000000037f8       0x12 Src/ir_Sanyo.o
                                        0xb63 (size before relaxing)
 .debug_str     0x000000000000380a       0x1a Src/ir_Sony.o
                                        0xb8c (size before relaxing)
 .debug_str     0x0000000000003824       0x20 Src/ir_Whynter.o
                                        0xb95 (size before relaxing)
 .debug_str     0x0000000000003844      0x529 Src/main.o
                                       0x1bcd (size before relaxing)
 .debug_str     0x0000000000003d6d       0xda Src/ssd1306.o
                                        0xc79 (size before relaxing)
 .debug_str     0x0000000000003e47       0x34 Src/ssd1306_fonts.o
                                        0x1e6 (size before relaxing)
 .debug_str     0x0000000000003e7b      0x1dc Src/stm32f1xx_hal_msp.o
                                       0x12e8 (size before relaxing)
 .debug_str     0x0000000000004057       0xb6 Src/stm32f1xx_it.o
                                        0xaef (size before relaxing)
 .debug_str     0x000000000000410d      0x24c Src/syscalls.o
                                        0x83d (size before relaxing)
 .debug_str     0x0000000000004359       0x4d Src/system_stm32f1xx.o
                                        0x752 (size before relaxing)

.comment        0x0000000000000000       0x7c
 .comment       0x0000000000000000       0x7c Drivers/STM32F1xx_HAL_Driver/Src/stm32f1xx_hal.o
                                         0x7d (size before relaxing)
 .comment       0x000000000000007c       0x7d Drivers/STM32F1xx_HAL_Driver/Src/stm32f1xx_hal_cortex.o
 .comment       0x000000000000007c       0x7d Drivers/STM32F1xx_HAL_Driver/Src/stm32f1xx_hal_gpio.o
 .comment       0x000000000000007c       0x7d Drivers/STM32F1xx_HAL_Driver/Src/stm32f1xx_hal_i2c.o
 .comment       0x000000000000007c       0x7d Drivers/STM32F1xx_HAL_Driver/Src/stm32f1xx_hal_rcc.o
 .comment       0x000000000000007c       0x7d Drivers/STM32F1xx_HAL_Driver/Src/stm32f1xx_hal_tim.o
 .comment       0x000000000000007c       0x7d Drivers/STM32F1xx_HAL_Driver/Src/stm32f1xx_hal_tim_ex.o
 .comment       0x000000000000007c       0x7d Src/IRremote.o
 .comment       0x000000000000007c       0x7d Src/irSend.o
 .comment       0x000000000000007c       0x7d Src/ir_Aiwa.o
 .comment       0x000000000000007c       0x7d Src/ir_Denon.o
 .comment       0x000000000000007c       0x7d Src/ir_JVC.o
 .comment       0x000000000000007c       0x7d Src/ir_LG.o
 .comment       0x000000000000007c       0x7d Src/ir_Mitsubishi.o
 .comment       0x000000000000007c       0x7d Src/ir_NEC.o
 .comment       0x000000000000007c       0x7d Src/ir_Panasonic.o
 .comment       0x000000000000007c       0x7d Src/ir_RC5_RC6.o
 .comment       0x000000000000007c       0x7d Src/ir_Samsung.o
 .comment       0x000000000000007c       0x7d Src/ir_Sanyo.o
 .comment       0x000000000000007c       0x7d Src/ir_Sony.o
 .comment       0x000000000000007c       0x7d Src/ir_Whynter.o
 .comment       0x000000000000007c       0x7d Src/main.o
 .comment       0x000000000000007c       0x7d Src/ssd1306.o
 .comment       0x000000000000007c       0x7d Src/ssd1306_fonts.o
 .comment       0x000000000000007c       0x7d Src/stm32f1xx_hal_msp.o
 .comment       0x000000000000007c       0x7d Src/stm32f1xx_it.o
 .comment       0x000000000000007c       0x7d Src/syscalls.o
 .comment       0x000000000000007c       0x7d Src/system_stm32f1xx.o

.debug_frame    0x0000000000000000     0x2ed0
 .debug_frame   0x0000000000000000      0x1b0 Drivers/STM32F1xx_HAL_Driver/Src/stm32f1xx_hal.o
 .debug_frame   0x00000000000001b0      0x120 Drivers/STM32F1xx_HAL_Driver/Src/stm32f1xx_hal_cortex.o
 .debug_frame   0x00000000000002d0       0xd4 Drivers/STM32F1xx_HAL_Driver/Src/stm32f1xx_hal_gpio.o
 .debug_frame   0x00000000000003a4      0x684 Drivers/STM32F1xx_HAL_Driver/Src/stm32f1xx_hal_i2c.o
 .debug_frame   0x0000000000000a28      0x150 Drivers/STM32F1xx_HAL_Driver/Src/stm32f1xx_hal_rcc.o
 .debug_frame   0x0000000000000b78      0x854 Drivers/STM32F1xx_HAL_Driver/Src/stm32f1xx_hal_tim.o
 .debug_frame   0x00000000000013cc      0x320 Drivers/STM32F1xx_HAL_Driver/Src/stm32f1xx_hal_tim_ex.o
 .debug_frame   0x00000000000016ec      0x114 Src/IRremote.o
 .debug_frame   0x0000000000001800       0xbc Src/irSend.o
 .debug_frame   0x00000000000018bc       0x60 Src/ir_Aiwa.o
 .debug_frame   0x000000000000191c       0x58 Src/ir_Denon.o
 .debug_frame   0x0000000000001974       0x58 Src/ir_JVC.o
 .debug_frame   0x00000000000019cc       0x58 Src/ir_LG.o
 .debug_frame   0x0000000000001a24       0x34 Src/ir_Mitsubishi.o
 .debug_frame   0x0000000000001a58       0x58 Src/ir_NEC.o
 .debug_frame   0x0000000000001ab0       0x58 Src/ir_Panasonic.o
 .debug_frame   0x0000000000001b08       0xd8 Src/ir_RC5_RC6.o
 .debug_frame   0x0000000000001be0       0x58 Src/ir_Samsung.o
 .debug_frame   0x0000000000001c38       0x34 Src/ir_Sanyo.o
 .debug_frame   0x0000000000001c6c       0x50 Src/ir_Sony.o
 .debug_frame   0x0000000000001cbc       0x58 Src/ir_Whynter.o
 .debug_frame   0x0000000000001d14      0x22c Src/main.o
 .debug_frame   0x0000000000001f40      0x10c Src/ssd1306.o
 .debug_frame   0x000000000000204c       0xdc Src/stm32f1xx_hal_msp.o
 .debug_frame   0x0000000000002128       0xb0 Src/stm32f1xx_it.o
 .debug_frame   0x00000000000021d8      0x1a8 Src/syscalls.o
 .debug_frame   0x0000000000002380       0x30 Src/system_stm32f1xx.o
 .debug_frame   0x00000000000023b0       0x20 /opt/Atollic_TrueSTUDIO_for_STM32_x86_64_9.3.0/ARMTools/bin/../lib/gcc/arm-atollic-eabi/6.3.1/../../../../arm-atollic-eabi/lib/armv7-m/libc_nano.a(lib_a-errno.o)
 .debug_frame   0x00000000000023d0       0x2c /opt/Atollic_TrueSTUDIO_for_STM32_x86_64_9.3.0/ARMTools/bin/../lib/gcc/arm-atollic-eabi/6.3.1/../../../../arm-atollic-eabi/lib/armv7-m/libc_nano.a(lib_a-init.o)
 .debug_frame   0x00000000000023fc       0x28 /opt/Atollic_TrueSTUDIO_for_STM32_x86_64_9.3.0/ARMTools/bin/../lib/gcc/arm-atollic-eabi/6.3.1/../../../../arm-atollic-eabi/lib/armv7-m/libc_nano.a(lib_a-memmove.o)
 .debug_frame   0x0000000000002424       0x20 /opt/Atollic_TrueSTUDIO_for_STM32_x86_64_9.3.0/ARMTools/bin/../lib/gcc/arm-atollic-eabi/6.3.1/../../../../arm-atollic-eabi/lib/armv7-m/libc_nano.a(lib_a-memset.o)