stm32f1xx_hal.c:214:13:HAL_MspInit	0	static
stm32f1xx_hal.c:224:13:HAL_MspDeInit	0	static
stm32f1xx_hal.c:190:19:HAL_DeInit	8	static
stm32f1xx_hal.c:246:26:HAL_InitTick	16	static
stm32f1xx_hal.c:158:19:HAL_Init	8	static
stm32f1xx_hal.c:300:13:HAL_IncTick	0	static
stm32f1xx_hal.c:310:17:HAL_GetTick	0	static
stm32f1xx_hal.c:318:10:HAL_GetTickPrio	0	static
stm32f1xx_hal.c:326:19:HAL_SetTickFreq	8	static
stm32f1xx_hal.c:344:21:HAL_GetTickFreq	0	static
stm32f1xx_hal.c:359:13:HAL_Delay	16	static
stm32f1xx_hal.c:382:13:HAL_SuspendTick	0	static
stm32f1xx_hal.c:397:13:HAL_ResumeTick	0	static
stm32f1xx_hal.c:406:10:HAL_GetHalVersion	0	static
stm32f1xx_hal.c:421:10:HAL_GetREVID	0	static
stm32f1xx_hal.c:436:10:HAL_GetDEVID	0	static
stm32f1xx_hal.c:444:6:HAL_DBGMCU_EnableDBGSleepMode	0	static
stm32f1xx_hal.c:459:6:HAL_DBGMCU_DisableDBGSleepMode	0	static
stm32f1xx_hal.c:488:6:HAL_DBGMCU_EnableDBGStopMode	0	static
stm32f1xx_hal.c:503:6:HAL_DBGMCU_DisableDBGStopMode	0	static
stm32f1xx_hal.c:518:6:HAL_DBGMCU_EnableDBGStandbyMode	0	static
stm32f1xx_hal.c:533:6:HAL_DBGMCU_DisableDBGStandbyMode	0	static
stm32f1xx_hal.c:542:6:HAL_GetUID	0	static
