stm32f1xx_hal_pwr.c:132:13:PWR_OverloadWfe	0	static
stm32f1xx_hal_pwr.c:169:6:HAL_PWR_DeInit	0	static
stm32f1xx_hal_pwr.c:181:6:HAL_PWR_EnableBkUpAccess	0	static
stm32f1xx_hal_pwr.c:193:6:HAL_PWR_DisableBkUpAccess	0	static
stm32f1xx_hal_pwr.c:326:6:HAL_PWR_ConfigPVD	0	static
stm32f1xx_hal_pwr.c:364:6:HAL_PWR_EnablePVD	0	static
stm32f1xx_hal_pwr.c:373:6:HAL_PWR_DisablePVD	0	static
stm32f1xx_hal_pwr.c:385:6:HAL_PWR_EnableWakeUpPin	0	static
stm32f1xx_hal_pwr.c:399:6:HAL_PWR_DisableWakeUpPin	0	static
stm32f1xx_hal_pwr.c:418:6:HAL_PWR_EnterSLEEPMode	0	static
stm32f1xx_hal_pwr.c:460:6:HAL_PWR_EnterSTOPMode	8	static
stm32f1xx_hal_pwr.c:496:6:HAL_PWR_EnterSTANDBYMode	0	static
stm32f1xx_hal_pwr.c:519:6:HAL_PWR_EnableSleepOnExit	0	static
stm32f1xx_hal_pwr.c:530:6:HAL_PWR_DisableSleepOnExit	0	static
stm32f1xx_hal_pwr.c:541:6:HAL_PWR_EnableSEVOnPend	0	static
stm32f1xx_hal_pwr.c:552:6:HAL_PWR_DisableSEVOnPend	0	static
stm32f1xx_hal_pwr.c:577:13:HAL_PWR_PVDCallback	0	static
stm32f1xx_hal_pwr.c:562:6:HAL_PWR_PVD_IRQHandler	8	static
