stm32f1xx_hal_tim.c:4330:13:TIM_OC1_SetConfig	16	static
stm32f1xx_hal_tim.c:4474:13:TIM_OC3_SetConfig	16	static
stm32f1xx_hal_tim.c:4545:13:TIM_OC4_SetConfig	12	static
stm32f1xx_hal_tim.c:4602:13:TIM_SlaveTimer_SetConfig	12	static
stm32f1xx_hal_tim.c:273:13:HAL_TIM_Base_MspInit	0	static
stm32f1xx_hal_tim.c:286:13:HAL_TIM_Base_MspDeInit	0	static
stm32f1xx_hal_tim.c:247:19:HAL_TIM_Base_DeInit	8	static
stm32f1xx_hal_tim.c:299:19:HAL_TIM_Base_Start	0	static
stm32f1xx_hal_tim.c:321:19:HAL_TIM_Base_Stop	0	static
stm32f1xx_hal_tim.c:343:19:HAL_TIM_Base_Start_IT	0	static
stm32f1xx_hal_tim.c:362:19:HAL_TIM_Base_Stop_IT	0	static
stm32f1xx_hal_tim.c:382:19:HAL_TIM_Base_Start_DMA	8	static
stm32f1xx_hal_tim.c:421:19:HAL_TIM_Base_Stop_DMA	0	static
stm32f1xx_hal_tim.c:536:13:HAL_TIM_OC_MspInit	0	static
stm32f1xx_hal_tim.c:549:13:HAL_TIM_OC_MspDeInit	0	static
stm32f1xx_hal_tim.c:510:19:HAL_TIM_OC_DeInit	8	static
stm32f1xx_hal_tim.c:1006:13:HAL_TIM_PWM_MspInit	0	static
stm32f1xx_hal_tim.c:1019:13:HAL_TIM_PWM_MspDeInit	0	static
stm32f1xx_hal_tim.c:980:19:HAL_TIM_PWM_DeInit	8	static
stm32f1xx_hal_tim.c:1481:13:HAL_TIM_IC_MspInit	0	static
stm32f1xx_hal_tim.c:1494:13:HAL_TIM_IC_MspDeInit	0	static
stm32f1xx_hal_tim.c:1455:19:HAL_TIM_IC_DeInit	8	static
stm32f1xx_hal_tim.c:1934:13:HAL_TIM_OnePulse_MspInit	0	static
stm32f1xx_hal_tim.c:1947:13:HAL_TIM_OnePulse_MspDeInit	0	static
stm32f1xx_hal_tim.c:1908:19:HAL_TIM_OnePulse_DeInit	8	static
stm32f1xx_hal_tim.c:1964:19:HAL_TIM_OnePulse_Start	0	static
stm32f1xx_hal_tim.c:1999:19:HAL_TIM_OnePulse_Stop	0	static
stm32f1xx_hal_tim.c:2034:19:HAL_TIM_OnePulse_Start_IT	0	static
stm32f1xx_hal_tim.c:2075:19:HAL_TIM_OnePulse_Stop_IT	0	static
stm32f1xx_hal_tim.c:2257:13:HAL_TIM_Encoder_MspInit	0	static
stm32f1xx_hal_tim.c:2270:13:HAL_TIM_Encoder_MspDeInit	0	static
stm32f1xx_hal_tim.c:2231:19:HAL_TIM_Encoder_DeInit	8	static
stm32f1xx_hal_tim.c:2288:19:HAL_TIM_Encoder_Start	0	static
stm32f1xx_hal_tim.c:2326:19:HAL_TIM_Encoder_Stop	0	static
stm32f1xx_hal_tim.c:2366:19:HAL_TIM_Encoder_Start_IT	0	static
stm32f1xx_hal_tim.c:2410:19:HAL_TIM_Encoder_Stop_IT	0	static
stm32f1xx_hal_tim.c:2459:19:HAL_TIM_Encoder_Start_DMA	24	static
stm32f1xx_hal_tim.c:2570:19:HAL_TIM_Encoder_Stop_DMA	0	static
stm32f1xx_hal_tim.c:3133:19:HAL_TIM_DMABurst_WriteStart	24	static
stm32f1xx_hal_tim.c:3344:19:HAL_TIM_DMABurst_ReadStart	24	static
stm32f1xx_hal_tim.c:3478:19:HAL_TIM_DMABurst_ReadStop	16	static
stm32f1xx_hal_tim.c:3260:19:HAL_TIM_DMABurst_WriteStop	0	static
stm32f1xx_hal_tim.c:3542:19:HAL_TIM_GenerateEvent	0	static
stm32f1xx_hal_tim.c:3579:19:HAL_TIM_ConfigOCrefClear	16	static
stm32f1xx_hal_tim.c:3683:19:HAL_TIM_ConfigClockSource	16	static
stm32f1xx_hal_tim.c:3844:19:HAL_TIM_ConfigTI1Input	0	static
stm32f1xx_hal_tim.c:3876:19:HAL_TIM_SlaveConfigSynchronization	16	static
stm32f1xx_hal_tim.c:3911:19:HAL_TIM_SlaveConfigSynchronization_IT	16	static
stm32f1xx_hal_tim.c:3948:10:HAL_TIM_ReadCapturedValue	0	static
stm32f1xx_hal_tim.c:4029:13:HAL_TIM_PeriodElapsedCallback	0	static
stm32f1xx_hal_tim.c:4256:13:TIM_DMAPeriodElapsedCplt	8	static
stm32f1xx_hal_tim.c:4042:13:HAL_TIM_OC_DelayElapsedCallback	0	static
stm32f1xx_hal_tim.c:4054:13:HAL_TIM_IC_CaptureCallback	0	static
stm32f1xx_hal_tim.c:4230:6:TIM_DMACaptureCplt	8	static
stm32f1xx_hal_tim.c:4067:13:HAL_TIM_PWM_PulseFinishedCallback	0	static
stm32f1xx_hal_tim.c:4205:6:TIM_DMADelayPulseCplt	8	static
stm32f1xx_hal_tim.c:4080:13:HAL_TIM_TriggerCallback	0	static
stm32f1xx_hal_tim.c:2627:6:HAL_TIM_IRQHandler	8	static
stm32f1xx_hal_tim.c:4270:13:TIM_DMATriggerCplt	8	static
stm32f1xx_hal_tim.c:4093:13:HAL_TIM_ErrorCallback	0	static
stm32f1xx_hal_tim.c:4191:6:TIM_DMAError	8	static
stm32f1xx_hal_tim.c:4125:22:HAL_TIM_Base_GetState	0	static
stm32f1xx_hal_tim.c:4134:22:HAL_TIM_OC_GetState	0	static
stm32f1xx_hal_tim.c:4143:22:HAL_TIM_PWM_GetState	0	static
stm32f1xx_hal_tim.c:4152:22:HAL_TIM_IC_GetState	0	static
stm32f1xx_hal_tim.c:4161:22:HAL_TIM_OnePulse_GetState	0	static
stm32f1xx_hal_tim.c:4170:22:HAL_TIM_Encoder_GetState	0	static
stm32f1xx_hal_tim.c:4285:6:TIM_Base_SetConfig	0	static
stm32f1xx_hal_tim.c:210:19:HAL_TIM_Base_Init	8	static
stm32f1xx_hal_tim.c:473:19:HAL_TIM_OC_Init	8	static
stm32f1xx_hal_tim.c:943:19:HAL_TIM_PWM_Init	8	static
stm32f1xx_hal_tim.c:1418:19:HAL_TIM_IC_Init	8	static
stm32f1xx_hal_tim.c:1863:19:HAL_TIM_OnePulse_Init	16	static
stm32f1xx_hal_tim.c:2141:19:HAL_TIM_Encoder_Init	24	static
stm32f1xx_hal_tim.c:4401:6:TIM_OC2_SetConfig	16	static
stm32f1xx_hal_tim.c:2765:19:HAL_TIM_OC_ConfigChannel	16	static
stm32f1xx_hal_tim.c:2910:19:HAL_TIM_PWM_ConfigChannel	16	static
stm32f1xx_hal_tim.c:4732:6:TIM_TI1_SetConfig	16	static
stm32f1xx_hal_tim.c:2829:19:HAL_TIM_IC_ConfigChannel	24	static
stm32f1xx_hal_tim.c:3005:19:HAL_TIM_OnePulse_ConfigChannel	48	static
stm32f1xx_hal_tim.c:5046:6:TIM_CCxChannelCmd	8	static
stm32f1xx_hal_tim.c:598:19:HAL_TIM_OC_Stop	8	static
stm32f1xx_hal_tim.c:1038:19:HAL_TIM_PWM_Start	8	static
stm32f1xx_hal_tim.c:568:19:HAL_TIM_OC_Start	0	static
stm32f1xx_hal_tim.c:1068:19:HAL_TIM_PWM_Stop	8	static
stm32f1xx_hal_tim.c:1101:19:HAL_TIM_PWM_Start_IT	8	static
stm32f1xx_hal_tim.c:628:19:HAL_TIM_OC_Start_IT	0	static
stm32f1xx_hal_tim.c:1161:19:HAL_TIM_PWM_Stop_IT	8	static
stm32f1xx_hal_tim.c:687:19:HAL_TIM_OC_Stop_IT	0	static
stm32f1xx_hal_tim.c:1222:19:HAL_TIM_PWM_Start_DMA	16	static
stm32f1xx_hal_tim.c:748:19:HAL_TIM_OC_Start_DMA	0	static
stm32f1xx_hal_tim.c:1331:19:HAL_TIM_PWM_Stop_DMA	8	static
stm32f1xx_hal_tim.c:857:19:HAL_TIM_OC_Stop_DMA	0	static
stm32f1xx_hal_tim.c:1513:19:HAL_TIM_IC_Start	8	static
stm32f1xx_hal_tim.c:1538:19:HAL_TIM_IC_Stop	8	static
stm32f1xx_hal_tim.c:1563:19:HAL_TIM_IC_Start_IT	8	static
stm32f1xx_hal_tim.c:1616:19:HAL_TIM_IC_Stop_IT	8	static
stm32f1xx_hal_tim.c:1672:19:HAL_TIM_IC_Start_DMA	16	static
stm32f1xx_hal_tim.c:1778:19:HAL_TIM_IC_Stop_DMA	8	static
