Archive member included to satisfy reference by file (symbol)

c:/program files (x86)/atollic/truestudio for stm32 9.3.0/armtools/bin/../lib/gcc/arm-atollic-eabi/6.3.1/../../../../arm-atollic-eabi/lib/armv7-m\libc_nano.a(lib_a-errno.o)
                              Src\syscalls.o (__errno)
c:/program files (x86)/atollic/truestudio for stm32 9.3.0/armtools/bin/../lib/gcc/arm-atollic-eabi/6.3.1/../../../../arm-atollic-eabi/lib/armv7-m\libc_nano.a(lib_a-impure.o)
                              c:/program files (x86)/atollic/truestudio for stm32 9.3.0/armtools/bin/../lib/gcc/arm-atollic-eabi/6.3.1/../../../../arm-atollic-eabi/lib/armv7-m\libc_nano.a(lib_a-errno.o) (_impure_ptr)
c:/program files (x86)/atollic/truestudio for stm32 9.3.0/armtools/bin/../lib/gcc/arm-atollic-eabi/6.3.1/../../../../arm-atollic-eabi/lib/armv7-m\libc_nano.a(lib_a-init.o)
                              startup\startup_stm32f103xb.o (__libc_init_array)
c:/program files (x86)/atollic/truestudio for stm32 9.3.0/armtools/bin/../lib/gcc/arm-atollic-eabi/6.3.1/../../../../arm-atollic-eabi/lib/armv7-m\libc_nano.a(lib_a-memset.o)
                              Drivers\STM32F1xx_HAL_Driver\Src\stm32f1xx_hal_rcc.o (memset)
c:/program files (x86)/atollic/truestudio for stm32 9.3.0/armtools/bin/../lib/gcc/arm-atollic-eabi/6.3.1/../../../../arm-atollic-eabi/lib/armv7-m\libc_nano.a(lib_a-snprintf.o)
                              Src\main.o (snprintf)
c:/program files (x86)/atollic/truestudio for stm32 9.3.0/armtools/bin/../lib/gcc/arm-atollic-eabi/6.3.1/../../../../arm-atollic-eabi/lib/armv7-m\libc_nano.a(lib_a-sprintf.o)
                              Src\main.o (sprintf)
c:/program files (x86)/atollic/truestudio for stm32 9.3.0/armtools/bin/../lib/gcc/arm-atollic-eabi/6.3.1/../../../../arm-atollic-eabi/lib/armv7-m\libc_nano.a(lib_a-strcpy.o)
                              Src\main.o (strcpy)
c:/program files (x86)/atollic/truestudio for stm32 9.3.0/armtools/bin/../lib/gcc/arm-atollic-eabi/6.3.1/../../../../arm-atollic-eabi/lib/armv7-m\libc_nano.a(lib_a-strlen.o)
                              Src\main.o (strlen)
c:/program files (x86)/atollic/truestudio for stm32 9.3.0/armtools/bin/../lib/gcc/arm-atollic-eabi/6.3.1/../../../../arm-atollic-eabi/lib/armv7-m\libc_nano.a(lib_a-nano-svfprintf.o)
                              c:/program files (x86)/atollic/truestudio for stm32 9.3.0/armtools/bin/../lib/gcc/arm-atollic-eabi/6.3.1/../../../../arm-atollic-eabi/lib/armv7-m\libc_nano.a(lib_a-snprintf.o) (_svfprintf_r)
c:/program files (x86)/atollic/truestudio for stm32 9.3.0/armtools/bin/../lib/gcc/arm-atollic-eabi/6.3.1/../../../../arm-atollic-eabi/lib/armv7-m\libc_nano.a(lib_a-nano-vfprintf_i.o)
                              c:/program files (x86)/atollic/truestudio for stm32 9.3.0/armtools/bin/../lib/gcc/arm-atollic-eabi/6.3.1/../../../../arm-atollic-eabi/lib/armv7-m\libc_nano.a(lib_a-nano-svfprintf.o) (_printf_i)
c:/program files (x86)/atollic/truestudio for stm32 9.3.0/armtools/bin/../lib/gcc/arm-atollic-eabi/6.3.1/../../../../arm-atollic-eabi/lib/armv7-m\libc_nano.a(lib_a-memchr-stub.o)
                              c:/program files (x86)/atollic/truestudio for stm32 9.3.0/armtools/bin/../lib/gcc/arm-atollic-eabi/6.3.1/../../../../arm-atollic-eabi/lib/armv7-m\libc_nano.a(lib_a-nano-svfprintf.o) (memchr)
c:/program files (x86)/atollic/truestudio for stm32 9.3.0/armtools/bin/../lib/gcc/arm-atollic-eabi/6.3.1/../../../../arm-atollic-eabi/lib/armv7-m\libc_nano.a(lib_a-memcpy-stub.o)
                              c:/program files (x86)/atollic/truestudio for stm32 9.3.0/armtools/bin/../lib/gcc/arm-atollic-eabi/6.3.1/../../../../arm-atollic-eabi/lib/armv7-m\libc_nano.a(lib_a-nano-svfprintf.o) (memcpy)
c:/program files (x86)/atollic/truestudio for stm32 9.3.0/armtools/bin/../lib/gcc/arm-atollic-eabi/6.3.1/../../../../arm-atollic-eabi/lib/armv7-m\libc_nano.a(lib_a-memmove.o)
                              c:/program files (x86)/atollic/truestudio for stm32 9.3.0/armtools/bin/../lib/gcc/arm-atollic-eabi/6.3.1/../../../../arm-atollic-eabi/lib/armv7-m\libc_nano.a(lib_a-nano-svfprintf.o) (memmove)
c:/program files (x86)/atollic/truestudio for stm32 9.3.0/armtools/bin/../lib/gcc/arm-atollic-eabi/6.3.1/../../../../arm-atollic-eabi/lib/armv7-m\libc_nano.a(lib_a-nano-freer.o)
                              c:/program files (x86)/atollic/truestudio for stm32 9.3.0/armtools/bin/../lib/gcc/arm-atollic-eabi/6.3.1/../../../../arm-atollic-eabi/lib/armv7-m\libc_nano.a(lib_a-nano-svfprintf.o) (_free_r)
c:/program files (x86)/atollic/truestudio for stm32 9.3.0/armtools/bin/../lib/gcc/arm-atollic-eabi/6.3.1/../../../../arm-atollic-eabi/lib/armv7-m\libc_nano.a(lib_a-nano-mallocr.o)
                              c:/program files (x86)/atollic/truestudio for stm32 9.3.0/armtools/bin/../lib/gcc/arm-atollic-eabi/6.3.1/../../../../arm-atollic-eabi/lib/armv7-m\libc_nano.a(lib_a-nano-svfprintf.o) (_malloc_r)
[...]
Memory Configuration

Name             Origin             Length             Attributes
RAM              0x20000000         0x00005000         xrw
FLASH            0x08000000         0x00010000         xr
*default*        0x00000000         0xffffffff

Linker script and memory map

LOAD c:/program files (x86)/atollic/truestudio for stm32 9.3.0/armtools/bin/../lib/gcc/arm-atollic-eabi/6.3.1/armv7-m/crti.o
LOAD c:/program files (x86)/atollic/truestudio for stm32 9.3.0/armtools/bin/../lib/gcc/arm-atollic-eabi/6.3.1/armv7-m/crtbegin.o
LOAD Drivers\STM32F1xx_HAL_Driver\Src\stm32f1xx_hal.o
LOAD Drivers\STM32F1xx_HAL_Driver\Src\stm32f1xx_hal_cortex.o
LOAD Drivers\STM32F1xx_HAL_Driver\Src\stm32f1xx_hal_dma.o
LOAD Drivers\STM32F1xx_HAL_Driver\Src\stm32f1xx_hal_flash.o
LOAD Drivers\STM32F1xx_HAL_Driver\Src\stm32f1xx_hal_flash_ex.o
LOAD Drivers\STM32F1xx_HAL_Driver\Src\stm32f1xx_hal_gpio.o
LOAD Drivers\STM32F1xx_HAL_Driver\Src\stm32f1xx_hal_gpio_ex.o
LOAD Drivers\STM32F1xx_HAL_Driver\Src\stm32f1xx_hal_i2c.o
LOAD Drivers\STM32F1xx_HAL_Driver\Src\stm32f1xx_hal_pwr.o
LOAD Drivers\STM32F1xx_HAL_Driver\Src\stm32f1xx_hal_rcc.o
LOAD Drivers\STM32F1xx_HAL_Driver\Src\stm32f1xx_hal_rcc_ex.o
LOAD Drivers\STM32F1xx_HAL_Driver\Src\stm32f1xx_hal_tim.o
LOAD Drivers\STM32F1xx_HAL_Driver\Src\stm32f1xx_hal_tim_ex.o
LOAD Drivers\STM32F1xx_HAL_Driver\Src\stm32f1xx_hal_uart.o
LOAD Src\IRremote.o
LOAD Src\irPronto.o
LOAD Src\irSend.o
LOAD Src\ir_Aiwa.o
LOAD Src\ir_Denon.o
LOAD Src\ir_Dish.o
LOAD Src\ir_JVC.o
LOAD Src\ir_LG.o
LOAD Src\ir_Mitsubishi.o
LOAD Src\ir_NEC.o
LOAD Src\ir_Panasonic.o
LOAD Src\ir_RC5_RC6.o
LOAD Src\ir_Samsung.o
LOAD Src\ir_Sanyo.o
LOAD Src\ir_Sharp.o
LOAD Src\ir_Sony.o
LOAD Src\ir_Template.o
LOAD Src\ir_Whynter.o
LOAD Src\main.o
LOAD Src\sd_hal_mpu6050.o
LOAD Src\stm32f1xx_hal_msp.o
LOAD Src\stm32f1xx_it.o
LOAD Src\syscalls.o
LOAD Src\system_stm32f1xx.o
LOAD startup\startup_stm32f103xb.o
                0x00000080                malloc_getpagesize_P = 0x80
START GROUP
LOAD c:/program files (x86)/atollic/truestudio for stm32 9.3.0/armtools/bin/../lib/gcc/arm-atollic-eabi/6.3.1/../../../../arm-atollic-eabi/lib/armv7-m\libc_nano.a
LOAD c:/program files (x86)/atollic/truestudio for stm32 9.3.0/armtools/bin/../lib/gcc/arm-atollic-eabi/6.3.1/../../../../arm-atollic-eabi/lib/armv7-m\libm.a
END GROUP
START GROUP
LOAD c:/program files (x86)/atollic/truestudio for stm32 9.3.0/armtools/bin/../lib/gcc/arm-atollic-eabi/6.3.1/armv7-m\libgcc.a
LOAD c:/program files (x86)/atollic/truestudio for stm32 9.3.0/armtools/bin/../lib/gcc/arm-atollic-eabi/6.3.1/../../../../arm-atollic-eabi/lib/armv7-m\libc_nano.a
END GROUP
START GROUP
LOAD c:/program files (x86)/atollic/truestudio for stm32 9.3.0/armtools/bin/../lib/gcc/arm-atollic-eabi/6.3.1/armv7-m\libgcc.a
LOAD c:/program files (x86)/atollic/truestudio for stm32 9.3.0/armtools/bin/../lib/gcc/arm-atollic-eabi/6.3.1/../../../../arm-atollic-eabi/lib/armv7-m\libc_nano.a
LOAD c:/program files (x86)/atollic/truestudio for stm32 9.3.0/armtools/bin/../lib/gcc/arm-atollic-eabi/6.3.1/../../../../arm-atollic-eabi/lib/armv7-m\libnosys.a
END GROUP
START GROUP
LOAD c:/program files (x86)/atollic/truestudio for stm32 9.3.0/armtools/bin/../lib/gcc/arm-atollic-eabi/6.3.1/armv7-m\libgcc.a
LOAD c:/program files (x86)/atollic/truestudio for stm32 9.3.0/armtools/bin/../lib/gcc/arm-atollic-eabi/6.3.1/../../../../arm-atollic-eabi/lib/armv7-m\libc_nano.a
LOAD c:/program files (x86)/atollic/truestudio for stm32 9.3.0/armtools/bin/../lib/gcc/arm-atollic-eabi/6.3.1/../../../../arm-atollic-eabi/lib/armv7-m\libnosys.a
END GROUP
LOAD c:/program files (x86)/atollic/truestudio for stm32 9.3.0/armtools/bin/../lib/gcc/arm-atollic-eabi/6.3.1/armv7-m/crtend.o
LOAD c:/program files (x86)/atollic/truestudio for stm32 9.3.0/armtools/bin/../lib/gcc/arm-atollic-eabi/6.3.1/armv7-m/crtn.o
                0x20005000                _estack = 0x20005000
                0x00000200                _Min_Heap_Size = 0x200
                0x00000400                _Min_Stack_Size = 0x400

.isr_vector     0x08000000      0x10c
                0x08000000                . = ALIGN (0x4)
 *(.isr_vector)
 .isr_vector    0x08000000      0x10c startup\startup_stm32f103xb.o
                0x08000000                g_pfnVectors
                0x0800010c                . = ALIGN (0x4)

.text           0x08000110     0x4728
                0x08000110                . = ALIGN (0x4)
 *(.text)
 .text          0x08000110       0x40 c:/program files (x86)/atollic/truestudio for stm32 9.3.0/armtools/bin/../lib/gcc/arm-atollic-eabi/6.3.1/armv7-m/crtbegin.o
 .text          0x08000150       0x10 c:/program files (x86)/atollic/truestudio for stm32 9.3.0/armtools/bin/../lib/gcc/arm-atollic-eabi/6.3.1/../../../../arm-atollic-eabi/lib/armv7-m\libc_nano.a(lib_a-strlen.o)
                0x08000150                strlen
 .text          0x08000160      0x370 c:/program files (x86)/atollic/truestudio for stm32 9.3.0/armtools/bin/../lib/gcc/arm-atollic-eabi/6.3.1/armv7-m\libgcc.a(_arm_addsubdf3.o)
                0x08000160                __aeabi_drsub
                0x08000168                __aeabi_dsub
                0x08000168                __subdf3
                0x0800016c                __aeabi_dadd
                0x0800016c                __adddf3
                0x080003e4                __floatunsidf
                0x080003e4                __aeabi_ui2d
                0x08000404                __floatsidf
                0x08000404                __aeabi_i2d
                0x08000428                __aeabi_f2d
                0x08000428                __extendsfdf2
                0x08000464                __floatundidf
                0x08000464                __aeabi_ul2d
                0x08000474                __floatdidf
                0x08000474                __aeabi_l2d
 .text          0x080004d0      0x424 c:/program files (x86)/atollic/truestudio for stm32 9.3.0/armtools/bin/../lib/gcc/arm-atollic-eabi/6.3.1/armv7-m\libgcc.a(_arm_muldivdf3.o)
                0x080004d0                __aeabi_dmul
                0x080004d0                __muldf3
                0x08000724                __divdf3
                0x08000724                __aeabi_ddiv
 .text          0x080008f4      0x110 c:/program files (x86)/atollic/truestudio for stm32 9.3.0/armtools/bin/../lib/gcc/arm-atollic-eabi/6.3.1/armv7-m\libgcc.a(_arm_cmpdf2.o)
                0x080008f4                __gtdf2
                0x080008f4                __gedf2
                0x080008fc                __ltdf2
                0x080008fc                __ledf2
                0x08000904                __nedf2
                0x08000904                __eqdf2
                0x08000904                __cmpdf2
                0x08000980                __aeabi_cdrcmple
                0x08000990                __aeabi_cdcmpeq
                0x08000990                __aeabi_cdcmple
                0x080009a0                __aeabi_dcmpeq
                0x080009b4                __aeabi_dcmplt
                0x080009c8                __aeabi_dcmple
                0x080009dc                __aeabi_dcmpge
                0x080009f0                __aeabi_dcmpgt
 .text          0x08000a04       0x50 c:/program files (x86)/atollic/truestudio for stm32 9.3.0/armtools/bin/../lib/gcc/arm-atollic-eabi/6.3.1/armv7-m\libgcc.a(_arm_fixdfsi.o)
                0x08000a04                __aeabi_d2iz
                0x08000a04                __fixdfsi
 .text          0x08000a54      0x21c c:/program files (x86)/atollic/truestudio for stm32 9.3.0/armtools/bin/../lib/gcc/arm-atollic-eabi/6.3.1/armv7-m\libgcc.a(_arm_addsubsf3.o)
                0x08000a54                __aeabi_frsub
                0x08000a5c                __subsf3
                0x08000a5c                __aeabi_fsub
                0x08000a60                __aeabi_fadd
                0x08000a60                __addsf3
                0x08000bc0                __aeabi_ui2f
                0x08000bc0                __floatunsisf
                0x08000bc8                __aeabi_i2f
                0x08000bc8                __floatsisf
                0x08000be4                __aeabi_ul2f
                0x08000be4                __floatundisf
                0x08000bf4                __aeabi_l2f
                0x08000bf4                __floatdisf
 .text          0x08000c70      0x2a0 c:/program files (x86)/atollic/truestudio for stm32 9.3.0/armtools/bin/../lib/gcc/arm-atollic-eabi/6.3.1/armv7-m\libgcc.a(_arm_muldivsf3.o)
                0x08000c70                __mulsf3
                0x08000c70                __aeabi_fmul
                0x08000dd8                __aeabi_fdiv
                0x08000dd8                __divsf3
 *(.text*)
 .text.HAL_InitTick
                0x08000f10       0x48 Drivers\STM32F1xx_HAL_Driver\Src\stm32f1xx_hal.o
                0x08000f10                HAL_InitTick
 .text.HAL_Init
                0x08000f58       0x24 Drivers\STM32F1xx_HAL_Driver\Src\stm32f1xx_hal.o
                0x08000f58                HAL_Init
 .text.HAL_IncTick
                0x08000f7c       0x18 Drivers\STM32F1xx_HAL_Driver\Src\stm32f1xx_hal.o
                0x08000f7c                HAL_IncTick
 .text.HAL_GetTick
                0x08000f94        0xc Drivers\STM32F1xx_HAL_Driver\Src\stm32f1xx_hal.o
                0x08000f94                HAL_GetTick
 .text.HAL_Delay
                0x08000fa0       0x24 Drivers\STM32F1xx_HAL_Driver\Src\stm32f1xx_hal.o
                0x08000fa0                HAL_Delay
 .text.HAL_NVIC_SetPriorityGrouping
                0x08000fc4       0x24 Drivers\STM32F1xx_HAL_Driver\Src\stm32f1xx_hal_cortex.o
                0x08000fc4                HAL_NVIC_SetPriorityGrouping
 .text.HAL_NVIC_SetPriority
                0x08000fe8       0x68 Drivers\STM32F1xx_HAL_Driver\Src\stm32f1xx_hal_cortex.o
                0x08000fe8                HAL_NVIC_SetPriority
 .text.HAL_NVIC_EnableIRQ
                0x08001050       0x18 Drivers\STM32F1xx_HAL_Driver\Src\stm32f1xx_hal_cortex.o
                0x08001050                HAL_NVIC_EnableIRQ
 .text.HAL_NVIC_DisableIRQ
                0x08001068       0x1c Drivers\STM32F1xx_HAL_Driver\Src\stm32f1xx_hal_cortex.o
                0x08001068                HAL_NVIC_DisableIRQ
 .text.HAL_SYSTICK_Config
                0x08001084       0x2c Drivers\STM32F1xx_HAL_Driver\Src\stm32f1xx_hal_cortex.o
                0x08001084                HAL_SYSTICK_Config
 .text.HAL_GPIO_Init
                0x080010b0      0x1c0 Drivers\STM32F1xx_HAL_Driver\Src\stm32f1xx_hal_gpio.o
                0x080010b0                HAL_GPIO_Init
 .text.HAL_GPIO_ReadPin
                0x08001270        0xc Drivers\STM32F1xx_HAL_Driver\Src\stm32f1xx_hal_gpio.o
                0x08001270                HAL_GPIO_ReadPin
 .text.I2C_IsAcknowledgeFailed
                0x0800127c       0x2a Drivers\STM32F1xx_HAL_Driver\Src\stm32f1xx_hal_i2c.o
 .text.I2C_WaitOnMasterAddressFlagUntilTimeout
                0x080012a6       0x80 Drivers\STM32F1xx_HAL_Driver\Src\stm32f1xx_hal_i2c.o
 .text.I2C_WaitOnFlagUntilTimeout
                0x08001326       0x5c Drivers\STM32F1xx_HAL_Driver\Src\stm32f1xx_hal_i2c.o
 .text.I2C_WaitOnTXEFlagUntilTimeout
                0x08001382       0x4c Drivers\STM32F1xx_HAL_Driver\Src\stm32f1xx_hal_i2c.o
 .text.I2C_WaitOnRXNEFlagUntilTimeout
                0x080013ce       0x5a Drivers\STM32F1xx_HAL_Driver\Src\stm32f1xx_hal_i2c.o
 .text.I2C_WaitOnBTFFlagUntilTimeout
                0x08001428       0x4c Drivers\STM32F1xx_HAL_Driver\Src\stm32f1xx_hal_i2c.o
 .text.HAL_I2C_Init
                0x08001474      0x100 Drivers\STM32F1xx_HAL_Driver\Src\stm32f1xx_hal_i2c.o
                0x08001474                HAL_I2C_Init
 .text.HAL_I2C_Master_Transmit
                0x08001574      0x1ac Drivers\STM32F1xx_HAL_Driver\Src\stm32f1xx_hal_i2c.o
                0x08001574                HAL_I2C_Master_Transmit
 .text.HAL_I2C_Master_Receive
                0x08001720      0x304 Drivers\STM32F1xx_HAL_Driver\Src\stm32f1xx_hal_i2c.o
                0x08001720                HAL_I2C_Master_Receive
 .text.HAL_I2C_GetState
                0x08001a24        0x6 Drivers\STM32F1xx_HAL_Driver\Src\stm32f1xx_hal_i2c.o
                0x08001a24                HAL_I2C_GetState
 .text.HAL_I2C_GetError
                0x08001a2a        0x4 Drivers\STM32F1xx_HAL_Driver\Src\stm32f1xx_hal_i2c.o
                0x08001a2a                HAL_I2C_GetError
 *fill*         0x08001a2e        0x2 
 .text.HAL_RCC_OscConfig
                0x08001a30      0x318 Drivers\STM32F1xx_HAL_Driver\Src\stm32f1xx_hal_rcc.o
                0x08001a30                HAL_RCC_OscConfig
 .text.HAL_RCC_GetSysClockFreq
                0x08001d48       0x78 Drivers\STM32F1xx_HAL_Driver\Src\stm32f1xx_hal_rcc.o
                0x08001d48                HAL_RCC_GetSysClockFreq
 .text.HAL_RCC_ClockConfig
                0x08001dc0      0x164 Drivers\STM32F1xx_HAL_Driver\Src\stm32f1xx_hal_rcc.o
                0x08001dc0                HAL_RCC_ClockConfig
 .text.HAL_RCC_GetPCLK1Freq
                0x08001f24       0x20 Drivers\STM32F1xx_HAL_Driver\Src\stm32f1xx_hal_rcc.o
                0x08001f24                HAL_RCC_GetPCLK1Freq
 .text.HAL_RCC_GetPCLK2Freq
                0x08001f44       0x20 Drivers\STM32F1xx_HAL_Driver\Src\stm32f1xx_hal_rcc.o
                0x08001f44                HAL_RCC_GetPCLK2Freq
 .text.TIM_OC1_SetConfig
                0x08001f64       0x50 Drivers\STM32F1xx_HAL_Driver\Src\stm32f1xx_hal_tim.o
 .text.TIM_OC3_SetConfig
                0x08001fb4       0x54 Drivers\STM32F1xx_HAL_Driver\Src\stm32f1xx_hal_tim.o
 .text.TIM_OC4_SetConfig
                0x08002008       0x44 Drivers\STM32F1xx_HAL_Driver\Src\stm32f1xx_hal_tim.o
 .text.HAL_TIM_Base_DeInit
                0x0800204c       0x3a Drivers\STM32F1xx_HAL_Driver\Src\stm32f1xx_hal_tim.o
                0x0800204c                HAL_TIM_Base_DeInit
 .text.HAL_TIM_Base_Start_IT
                0x08002086       0x16 Drivers\STM32F1xx_HAL_Driver\Src\stm32f1xx_hal_tim.o
                0x08002086                HAL_TIM_Base_Start_IT
 .text.HAL_TIM_PWM_MspInit
                0x0800209c        0x2 Drivers\STM32F1xx_HAL_Driver\Src\stm32f1xx_hal_tim.o
                0x0800209c                HAL_TIM_PWM_MspInit
 .text.HAL_TIM_ConfigClockSource
                0x0800209e      0x172 Drivers\STM32F1xx_HAL_Driver\Src\stm32f1xx_hal_tim.o
                0x0800209e                HAL_TIM_ConfigClockSource
 .text.HAL_TIM_OC_DelayElapsedCallback
                0x08002210        0x2 Drivers\STM32F1xx_HAL_Driver\Src\stm32f1xx_hal_tim.o
                0x08002210                HAL_TIM_OC_DelayElapsedCallback
 .text.HAL_TIM_IC_CaptureCallback
                0x08002212        0x2 Drivers\STM32F1xx_HAL_Driver\Src\stm32f1xx_hal_tim.o
                0x08002212                HAL_TIM_IC_CaptureCallback
 .text.HAL_TIM_PWM_PulseFinishedCallback
                0x08002214        0x2 Drivers\STM32F1xx_HAL_Driver\Src\stm32f1xx_hal_tim.o
                0x08002214                HAL_TIM_PWM_PulseFinishedCallback
 .text.HAL_TIM_TriggerCallback
                0x08002216        0x2 Drivers\STM32F1xx_HAL_Driver\Src\stm32f1xx_hal_tim.o
                0x08002216                HAL_TIM_TriggerCallback
 .text.HAL_TIM_IRQHandler
                0x08002218      0x144 Drivers\STM32F1xx_HAL_Driver\Src\stm32f1xx_hal_tim.o
                0x08002218                HAL_TIM_IRQHandler
 .text.TIM_Base_SetConfig
                0x0800235c       0x70 Drivers\STM32F1xx_HAL_Driver\Src\stm32f1xx_hal_tim.o
                0x0800235c                TIM_Base_SetConfig
 .text.HAL_TIM_Base_Init
                0x080023cc       0x34 Drivers\STM32F1xx_HAL_Driver\Src\stm32f1xx_hal_tim.o
                0x080023cc                HAL_TIM_Base_Init
 .text.HAL_TIM_PWM_Init
                0x08002400       0x34 Drivers\STM32F1xx_HAL_Driver\Src\stm32f1xx_hal_tim.o
                0x08002400                HAL_TIM_PWM_Init
 .text.TIM_OC2_SetConfig
                0x08002434       0x58 Drivers\STM32F1xx_HAL_Driver\Src\stm32f1xx_hal_tim.o
                0x08002434                TIM_OC2_SetConfig
 .text.HAL_TIM_PWM_ConfigChannel
                0x0800248c       0xc4 Drivers\STM32F1xx_HAL_Driver\Src\stm32f1xx_hal_tim.o
                0x0800248c                HAL_TIM_PWM_ConfigChannel
 .text.HAL_TIMEx_MasterConfigSynchronization
                0x08002550       0x44 Drivers\STM32F1xx_HAL_Driver\Src\stm32f1xx_hal_tim_ex.o
                0x08002550                HAL_TIMEx_MasterConfigSynchronization
 .text.HAL_TIMEx_CommutationCallback
                0x08002594        0x2 Drivers\STM32F1xx_HAL_Driver\Src\stm32f1xx_hal_tim_ex.o
                0x08002594                HAL_TIMEx_CommutationCallback
 .text.HAL_TIMEx_BreakCallback
                0x08002596        0x2 Drivers\STM32F1xx_HAL_Driver\Src\stm32f1xx_hal_tim_ex.o
                0x08002596                HAL_TIMEx_BreakCallback
 .text.UART_SetConfig
                0x08002598      0x13c Drivers\STM32F1xx_HAL_Driver\Src\stm32f1xx_hal_uart.o
 .text.UART_WaitOnFlagUntilTimeout.constprop.3
                0x080026d4       0x50 Drivers\STM32F1xx_HAL_Driver\Src\stm32f1xx_hal_uart.o
 .text.HAL_UART_Init
                0x08002724       0x5c Drivers\STM32F1xx_HAL_Driver\Src\stm32f1xx_hal_uart.o
                0x08002724                HAL_UART_Init
 .text.HAL_UART_Transmit
                0x08002780       0xb8 Drivers\STM32F1xx_HAL_Driver\Src\stm32f1xx_hal_uart.o
                0x08002780                HAL_UART_Transmit
 .text.HAL_TIM_PeriodElapsedCallback
                0x08002838       0xac Src\IRremote.o
                0x08002838                HAL_TIM_PeriodElapsedCallback
 .text.MATCH    0x080028e4       0x64 Src\IRremote.o
                0x080028e4                MATCH
 .text.MATCH_MARK
                0x08002948       0x68 Src\IRremote.o
                0x08002948                MATCH_MARK
 .text.MATCH_SPACE
                0x080029b0       0x68 Src\IRremote.o
                0x080029b0                MATCH_SPACE
 .text.my_enableIRIn
                0x08002a18       0x70 Src\IRremote.o
                0x08002a18                my_enableIRIn
 .text.my_resume
                0x08002a88       0x10 Src\IRremote.o
                0x08002a88                my_resume
 .text.compare  0x08002a98       0x60 Src\IRremote.o
                0x08002a98                compare
 .text.decodeHash
                0x08002af8       0x5c Src\IRremote.o
                0x08002af8                decodeHash
 .text.my_decode
                0x08002b54       0xb8 Src\IRremote.o
                0x08002b54                my_decode
 .text.DWT_Init
                0x08002c0c       0x20 Src\irSend.o
                0x08002c0c                DWT_Init
 .text.decodeAiwaRCT501
                0x08002c2c       0xb8 Src\ir_Aiwa.o
                0x08002c2c                decodeAiwaRCT501
 .text.decodeDenon
                0x08002ce4       0x90 Src\ir_Denon.o
                0x08002ce4                decodeDenon
 .text.decodeJVC
                0x08002d74       0xe4 Src\ir_JVC.o
                0x08002d74                decodeJVC
 .text.decodeLG
                0x08002e58       0xa8 Src\ir_LG.o
                0x08002e58                decodeLG
 .text.decodeMitsubishi
                0x08002f00       0xac Src\ir_Mitsubishi.o
                0x08002f00                decodeMitsubishi
 .text.decodeNEC
                0x08002fac       0xc0 Src\ir_NEC.o
                0x08002fac                decodeNEC
 .text.decodePanasonic
                0x0800306c       0x96 Src\ir_Panasonic.o
                0x0800306c                decodePanasonic
 .text.getRClevel
                0x08003102       0x88 Src\ir_RC5_RC6.o
                0x08003102                getRClevel
 *fill*         0x0800318a        0x2 
 .text.decodeRC5
                0x0800318c       0xac Src\ir_RC5_RC6.o
                0x0800318c                decodeRC5
 .text.decodeRC6
                0x08003238       0xf8 Src\ir_RC5_RC6.o
                0x08003238                decodeRC6
 .text.decodeSAMSUNG
                0x08003330       0xc0 Src\ir_Samsung.o
                0x08003330                decodeSAMSUNG
 .text.decodeSanyo
                0x080033f0       0xd4 Src\ir_Sanyo.o
                0x080033f0                decodeSanyo
 .text.decodeSony
                0x080034c4       0xc4 Src\ir_Sony.o
                0x080034c4                decodeSony
 .text.decodeWhynter
                0x08003588       0xcc Src\ir_Whynter.o
                0x08003588                decodeWhynter
 .text.TIM1_UP_IRQHandler
                0x08003654        0xc Src\main.o
                0x08003654                TIM1_UP_IRQHandler
 .text.I2C_WriteBuffer
                0x08003660       0x40 Src\main.o
                0x08003660                I2C_WriteBuffer
 .text.I2C_ReadBuffer
                0x080036a0       0x54 Src\main.o
                0x080036a0                I2C_ReadBuffer
 .text.MPU6050_Init
                0x080036f4       0x4a Src\main.o
                0x080036f4                MPU6050_Init
 .text.MPU6050_GetAllData
                0x0800373e       0x5c Src\main.o
                0x0800373e                MPU6050_GetAllData
 *fill*         0x0800379a        0x2 
 .text.MPU6050_Calibrate
                0x0800379c       0x80 Src\main.o
                0x0800379c                MPU6050_Calibrate
 .text.SystemClock_Config
                0x0800381c       0x54 Src\main.o
                0x0800381c                SystemClock_Config
 .text.startup.main
                0x08003870      0x268 Src\main.o
                0x08003870                main
 .text.HAL_MspInit
                0x08003ad8       0x44 Src\stm32f1xx_hal_msp.o
                0x08003ad8                HAL_MspInit
 .text.HAL_TIM_Base_MspInit
                0x08003b1c       0x6c Src\stm32f1xx_hal_msp.o
                0x08003b1c                HAL_TIM_Base_MspInit
 .text.HAL_I2C_MspInit
                0x08003b88       0x64 Src\stm32f1xx_hal_msp.o
                0x08003b88                HAL_I2C_MspInit
 .text.HAL_TIM_MspPostInit
                0x08003bec       0x4c Src\stm32f1xx_hal_msp.o
                0x08003bec                HAL_TIM_MspPostInit
 .text.HAL_TIM_Base_MspDeInit
                0x08003c38       0x48 Src\stm32f1xx_hal_msp.o
                0x08003c38                HAL_TIM_Base_MspDeInit
 .text.HAL_UART_MspInit
                0x08003c80       0x78 Src\stm32f1xx_hal_msp.o
                0x08003c80                HAL_UART_MspInit
 .text.NMI_Handler
                0x08003cf8        0x2 Src\stm32f1xx_it.o
                0x08003cf8                NMI_Handler
 .text.HardFault_Handler
                0x08003cfa        0x2 Src\stm32f1xx_it.o
                0x08003cfa                HardFault_Handler
 .text.MemManage_Handler
                0x08003cfc        0x2 Src\stm32f1xx_it.o
                0x08003cfc                MemManage_Handler
 .text.BusFault_Handler
                0x08003cfe        0x2 Src\stm32f1xx_it.o
                0x08003cfe                BusFault_Handler
 .text.UsageFault_Handler
                0x08003d00        0x2 Src\stm32f1xx_it.o
                0x08003d00                UsageFault_Handler
 .text.SVC_Handler
                0x08003d02        0x2 Src\stm32f1xx_it.o
                0x08003d02                SVC_Handler
 .text.DebugMon_Handler
                0x08003d04        0x2 Src\stm32f1xx_it.o
                0x08003d04                DebugMon_Handler
 .text.PendSV_Handler
                0x08003d06        0x2 Src\stm32f1xx_it.o
                0x08003d06                PendSV_Handler
 .text.SysTick_Handler
                0x08003d08        0x4 Src\stm32f1xx_it.o
                0x08003d08                SysTick_Handler
 .text.TIM4_IRQHandler
                0x08003d0c        0xc Src\stm32f1xx_it.o
                0x08003d0c                TIM4_IRQHandler
 .text._sbrk    0x08003d18       0x34 Src\syscalls.o
                0x08003d18                _sbrk
 .text.SystemInit
                0x08003d4c       0x4c Src\system_stm32f1xx.o
                0x08003d4c                SystemInit
 .text.Reset_Handler
                0x08003d98       0x48 startup\startup_stm32f103xb.o
                0x08003d98                Reset_Handler
 .text.Default_Handler
                0x08003de0        0x2 startup\startup_stm32f103xb.o
                0x08003de0                RTC_Alarm_IRQHandler
                0x08003de0                EXTI2_IRQHandler
                0x08003de0                TIM1_CC_IRQHandler
                0x08003de0                PVD_IRQHandler
                0x08003de0                EXTI3_IRQHandler
                0x08003de0                EXTI0_IRQHandler
                0x08003de0                I2C2_EV_IRQHandler
                0x08003de0                ADC1_2_IRQHandler
                0x08003de0                SPI1_IRQHandler
                0x08003de0                TAMPER_IRQHandler
                0x08003de0                DMA1_Channel4_IRQHandler
                0x08003de0                USART3_IRQHandler
                0x08003de0                RTC_IRQHandler
                0x08003de0                DMA1_Channel7_IRQHandler
                0x08003de0                CAN1_RX1_IRQHandler
                0x08003de0                I2C1_EV_IRQHandler
                0x08003de0                DMA1_Channel6_IRQHandler
                0x08003de0                TIM3_IRQHandler
                0x08003de0                RCC_IRQHandler
                0x08003de0                TIM1_TRG_COM_IRQHandler
                0x08003de0                DMA1_Channel1_IRQHandler
                0x08003de0                Default_Handler
                0x08003de0                EXTI15_10_IRQHandler
                0x08003de0                EXTI9_5_IRQHandler
                0x08003de0                SPI2_IRQHandler
                0x08003de0                DMA1_Channel5_IRQHandler
                0x08003de0                EXTI4_IRQHandler
                0x08003de0                USB_LP_CAN1_RX0_IRQHandler
                0x08003de0                USB_HP_CAN1_TX_IRQHandler
                0x08003de0                DMA1_Channel3_IRQHandler
                0x08003de0                WWDG_IRQHandler
                0x08003de0                TIM2_IRQHandler
                0x08003de0                TIM1_BRK_IRQHandler
                0x08003de0                EXTI1_IRQHandler
                0x08003de0                USART2_IRQHandler
                0x08003de0                I2C2_ER_IRQHandler
                0x08003de0                DMA1_Channel2_IRQHandler
                0x08003de0                CAN1_SCE_IRQHandler
                0x08003de0                FLASH_IRQHandler
                0x08003de0                USART1_IRQHandler
                0x08003de0                I2C1_ER_IRQHandler
                0x08003de0                USBWakeUp_IRQHandler
 *fill*         0x08003de2        0x2 
 .text.__errno  0x08003de4        0xc c:/program files (x86)/atollic/truestudio for stm32 9.3.0/armtools/bin/../lib/gcc/arm-atollic-eabi/6.3.1/../../../../arm-atollic-eabi/lib/armv7-m\libc_nano.a(lib_a-errno.o)
                0x08003de4                __errno
 .text.__libc_init_array
                0x08003df0       0x48 c:/program files (x86)/atollic/truestudio for stm32 9.3.0/armtools/bin/../lib/gcc/arm-atollic-eabi/6.3.1/../../../../arm-atollic-eabi/lib/armv7-m\libc_nano.a(lib_a-init.o)
                0x08003df0                __libc_init_array
 .text.memset   0x08003e38       0x10 c:/program files (x86)/atollic/truestudio for stm32 9.3.0/armtools/bin/../lib/gcc/arm-atollic-eabi/6.3.1/../../../../arm-atollic-eabi/lib/armv7-m\libc_nano.a(lib_a-memset.o)
                0x08003e38                memset
 .text.snprintf
                0x08003e48       0x68 c:/program files (x86)/atollic/truestudio for stm32 9.3.0/armtools/bin/../lib/gcc/arm-atollic-eabi/6.3.1/../../../../arm-atollic-eabi/lib/armv7-m\libc_nano.a(lib_a-snprintf.o)
                0x08003e48                sniprintf
                0x08003e48                snprintf
 .text.sprintf  0x08003eb0       0x48 c:/program files (x86)/atollic/truestudio for stm32 9.3.0/armtools/bin/../lib/gcc/arm-atollic-eabi/6.3.1/../../../../arm-atollic-eabi/lib/armv7-m\libc_nano.a(lib_a-sprintf.o)
                0x08003eb0                siprintf
                0x08003eb0                sprintf
 .text.strcpy   0x08003ef8       0x10 c:/program files (x86)/atollic/truestudio for stm32 9.3.0/armtools/bin/../lib/gcc/arm-atollic-eabi/6.3.1/../../../../arm-atollic-eabi/lib/armv7-m\libc_nano.a(lib_a-strcpy.o)
                0x08003ef8                strcpy
 .text.__ssputs_r
                0x08003f08       0xb6 c:/program files (x86)/atollic/truestudio for stm32 9.3.0/armtools/bin/../lib/gcc/arm-atollic-eabi/6.3.1/../../../../arm-atollic-eabi/lib/armv7-m\libc_nano.a(lib_a-nano-svfprintf.o)
                0x08003f08                __ssputs_r
 *fill*         0x08003fbe        0x2 
 .text._svfprintf_r
                0x08003fc0      0x1e8 c:/program files (x86)/atollic/truestudio for stm32 9.3.0/armtools/bin/../lib/gcc/arm-atollic-eabi/6.3.1/../../../../arm-atollic-eabi/lib/armv7-m\libc_nano.a(lib_a-nano-svfprintf.o)
                0x08003fc0                _svfiprintf_r
                0x08003fc0                _svfprintf_r
 .text._printf_common
                0x080041a8       0xee c:/program files (x86)/atollic/truestudio for stm32 9.3.0/armtools/bin/../lib/gcc/arm-atollic-eabi/6.3.1/../../../../arm-atollic-eabi/lib/armv7-m\libc_nano.a(lib_a-nano-vfprintf_i.o)
                0x080041a8                _printf_common
 *fill*         0x08004296        0x2 
 .text._printf_i
                0x08004298      0x240 c:/program files (x86)/atollic/truestudio for stm32 9.3.0/armtools/bin/../lib/gcc/arm-atollic-eabi/6.3.1/../../../../arm-atollic-eabi/lib/armv7-m\libc_nano.a(lib_a-nano-vfprintf_i.o)
                0x08004298                _printf_i
 .text.memchr   0x080044d8       0x1c c:/program files (x86)/atollic/truestudio for stm32 9.3.0/armtools/bin/../lib/gcc/arm-atollic-eabi/6.3.1/../../../../arm-atollic-eabi/lib/armv7-m\libc_nano.a(lib_a-memchr-stub.o)
                0x080044d8                memchr
 .text.memcpy   0x080044f4       0x16 c:/program files (x86)/atollic/truestudio for stm32 9.3.0/armtools/bin/../lib/gcc/arm-atollic-eabi/6.3.1/../../../../arm-atollic-eabi/lib/armv7-m\libc_nano.a(lib_a-memcpy-stub.o)
                0x080044f4                memcpy
 .text.memmove  0x0800450a       0x34 c:/program files (x86)/atollic/truestudio for stm32 9.3.0/armtools/bin/../lib/gcc/arm-atollic-eabi/6.3.1/../../../../arm-atollic-eabi/lib/armv7-m\libc_nano.a(lib_a-memmove.o)
                0x0800450a                memmove
 *fill*         0x0800453e        0x2 
 .text._free_r  0x08004540       0x98 c:/program files (x86)/atollic/truestudio for stm32 9.3.0/armtools/bin/../lib/gcc/arm-atollic-eabi/6.3.1/../../../../arm-atollic-eabi/lib/armv7-m\libc_nano.a(lib_a-nano-freer.o)
                0x08004540                _free_r
 .text._malloc_r
                0x080045d8       0xbc c:/program files (x86)/atollic/truestudio for stm32 9.3.0/armtools/bin/../lib/gcc/arm-atollic-eabi/6.3.1/../../../../arm-atollic-eabi/lib/armv7-m\libc_nano.a(lib_a-nano-mallocr.o)
                0x080045d8                _malloc_r
 .text._realloc_r
                0x08004694       0x4c c:/program files (x86)/atollic/truestudio for stm32 9.3.0/armtools/bin/../lib/gcc/arm-atollic-eabi/6.3.1/../../../../arm-atollic-eabi/lib/armv7-m\libc_nano.a(lib_a-nano-reallocr.o)
                0x08004694                _realloc_r
 .text._sbrk_r  0x080046e0       0x20 c:/program files (x86)/atollic/truestudio for stm32 9.3.0/armtools/bin/../lib/gcc/arm-atollic-eabi/6.3.1/../../../../arm-atollic-eabi/lib/armv7-m\libc_nano.a(lib_a-sbrkr.o)
                0x080046e0                _sbrk_r
 .text.__malloc_lock
                0x08004700        0x2 c:/program files (x86)/atollic/truestudio for stm32 9.3.0/armtools/bin/../lib/gcc/arm-atollic-eabi/6.3.1/../../../../arm-atollic-eabi/lib/armv7-m\libc_nano.a(lib_a-mlock.o)
                0x08004700                __malloc_lock
 .text.__malloc_unlock
                0x08004702        0x2 c:/program files (x86)/atollic/truestudio for stm32 9.3.0/armtools/bin/../lib/gcc/arm-atollic-eabi/6.3.1/../../../../arm-atollic-eabi/lib/armv7-m\libc_nano.a(lib_a-mlock.o)
                0x08004702                __malloc_unlock
 .text._malloc_usable_size_r
                0x08004704       0x12 c:/program files (x86)/atollic/truestudio for stm32 9.3.0/armtools/bin/../lib/gcc/arm-atollic-eabi/6.3.1/../../../../arm-atollic-eabi/lib/armv7-m\libc_nano.a(lib_a-nano-msizer.o)
                0x08004704                _malloc_usable_size_r
 *fill*         0x08004716        0x2 
 .text.floor    0x08004718      0x108 c:/program files (x86)/atollic/truestudio for stm32 9.3.0/armtools/bin/../lib/gcc/arm-atollic-eabi/6.3.1/../../../../arm-atollic-eabi/lib/armv7-m\libm.a(lib_a-s_floor.o)
                0x08004718                floor
 *(.glue_7)
 .glue_7        0x08004820        0x0 linker stubs
 *(.glue_7t)
 .glue_7t       0x08004820        0x0 linker stubs
 *(.eh_frame)
 .eh_frame      0x08004820        0x0 c:/program files (x86)/atollic/truestudio for stm32 9.3.0/armtools/bin/../lib/gcc/arm-atollic-eabi/6.3.1/armv7-m/crtbegin.o
 *(.init)
 .init          0x08004820        0x4 c:/program files (x86)/atollic/truestudio for stm32 9.3.0/armtools/bin/../lib/gcc/arm-atollic-eabi/6.3.1/armv7-m/crti.o
                0x08004820                _init
 .init          0x08004824        0x8 c:/program files (x86)/atollic/truestudio for stm32 9.3.0/armtools/bin/../lib/gcc/arm-atollic-eabi/6.3.1/armv7-m/crtn.o
 *(.fini)
 .fini          0x0800482c        0x4 c:/program files (x86)/atollic/truestudio for stm32 9.3.0/armtools/bin/../lib/gcc/arm-atollic-eabi/6.3.1/armv7-m/crti.o
                0x0800482c                _fini
 .fini          0x08004830        0x8 c:/program files (x86)/atollic/truestudio for stm32 9.3.0/armtools/bin/../lib/gcc/arm-atollic-eabi/6.3.1/armv7-m/crtn.o
                0x08004838                . = ALIGN (0x4)
                0x08004838                _etext = .

.vfp11_veneer   0x08004838        0x0
 .vfp11_veneer  0x08004838        0x0 linker stubs

.v4_bx          0x08004838        0x0
 .v4_bx         0x08004838        0x0 linker stubs

.iplt           0x08004838        0x0
 .iplt          0x08004838        0x0 c:/program files (x86)/atollic/truestudio for stm32 9.3.0/armtools/bin/../lib/gcc/arm-atollic-eabi/6.3.1/armv7-m/crtbegin.o

.rodata         0x08004838      0x188
                0x08004838                . = ALIGN (0x4)
 *(.rodata)
 .rodata        0x08004838       0x10 Drivers\STM32F1xx_HAL_Driver\Src\stm32f1xx_hal_rcc.o
 *(.rodata*)
 .rodata.decode_str.8456
                0x08004848       0x48 Src\main.o
 .rodata.main.str1.1
                0x08004890       0x6b Src\main.o
 .rodata.str1.1
                0x080048fb       0x77 Src\main.o
 .rodata.AHBPrescTable
                0x08004972       0x10 Src\system_stm32f1xx.o
                0x08004972                AHBPrescTable
 .rodata.APBPrescTable
                0x08004982        0x8 Src\system_stm32f1xx.o
                0x08004982                APBPrescTable
 .rodata._svfprintf_r.str1.1
                0x0800498a       0x11 c:/program files (x86)/atollic/truestudio for stm32 9.3.0/armtools/bin/../lib/gcc/arm-atollic-eabi/6.3.1/../../../../arm-atollic-eabi/lib/armv7-m\libc_nano.a(lib_a-nano-svfprintf.o)
 .rodata._printf_i.str1.1
                0x0800499b       0x22 c:/program files (x86)/atollic/truestudio for stm32 9.3.0/armtools/bin/../lib/gcc/arm-atollic-eabi/6.3.1/../../../../arm-atollic-eabi/lib/armv7-m\libc_nano.a(lib_a-nano-vfprintf_i.o)
                0x080049c0                . = ALIGN (0x4)
 *fill*         0x080049bd        0x3 

.rel.dyn        0x080049c0        0x0
 .rel.iplt      0x080049c0        0x0 c:/program files (x86)/atollic/truestudio for stm32 9.3.0/armtools/bin/../lib/gcc/arm-atollic-eabi/6.3.1/armv7-m/crtbegin.o

.ARM.extab
 *(.ARM.extab* .gnu.linkonce.armextab.*)

.ARM            0x080049c0        0x0
                0x080049c0                __exidx_start = .
 *(.ARM.exidx*)
                0x080049c0                __exidx_end = .

.preinit_array  0x080049c0        0x0
                0x080049c0                PROVIDE (__preinit_array_start, .)
 *(.preinit_array*)
                0x080049c0                PROVIDE (__preinit_array_end, .)

.init_array     0x080049c0        0x4
                0x080049c0                PROVIDE (__init_array_start, .)
 *(SORT(.init_array.*))
 *(.init_array*)
 .init_array    0x080049c0        0x4 c:/program files (x86)/atollic/truestudio for stm32 9.3.0/armtools/bin/../lib/gcc/arm-atollic-eabi/6.3.1/armv7-m/crtbegin.o
                0x080049c4                PROVIDE (__init_array_end, .)

.fini_array     0x080049c4        0x4
                [!provide]                PROVIDE (__fini_array_start, .)
 *(SORT(.fini_array.*))
 *(.fini_array*)
 .fini_array    0x080049c4        0x4 c:/program files (x86)/atollic/truestudio for stm32 9.3.0/armtools/bin/../lib/gcc/arm-atollic-eabi/6.3.1/armv7-m/crtbegin.o
                [!provide]                PROVIDE (__fini_array_end, .)
                0x080049c8                _sidata = LOADADDR (.data)

.data           0x20000000       0x70 load address 0x080049c8
                0x20000000                . = ALIGN (0x4)
                0x20000000                _sdata = .
 *(.data)
 *(.data*)
 .data.uwTickFreq
                0x20000000        0x1 Drivers\STM32F1xx_HAL_Driver\Src\stm32f1xx_hal.o
                0x20000000                uwTickFreq
 *fill*         0x20000001        0x3 
 .data.uwTickPrio
                0x20000004        0x4 Drivers\STM32F1xx_HAL_Driver\Src\stm32f1xx_hal.o
                0x20000004                uwTickPrio
 .data.SystemCoreClock
                0x20000008        0x4 Src\system_stm32f1xx.o
                0x20000008                SystemCoreClock
 .data._impure_ptr
                0x2000000c        0x4 c:/program files (x86)/atollic/truestudio for stm32 9.3.0/armtools/bin/../lib/gcc/arm-atollic-eabi/6.3.1/../../../../arm-atollic-eabi/lib/armv7-m\libc_nano.a(lib_a-impure.o)
                0x2000000c                _impure_ptr
 .data.impure_data
                0x20000010       0x60 c:/program files (x86)/atollic/truestudio for stm32 9.3.0/armtools/bin/../lib/gcc/arm-atollic-eabi/6.3.1/../../../../arm-atollic-eabi/lib/armv7-m\libc_nano.a(lib_a-impure.o)
                0x20000070                . = ALIGN (0x4)
                0x20000070                _edata = .

.igot.plt       0x20000070        0x0 load address 0x08004a38
 .igot.plt      0x20000070        0x0 c:/program files (x86)/atollic/truestudio for stm32 9.3.0/armtools/bin/../lib/gcc/arm-atollic-eabi/6.3.1/armv7-m/crtbegin.o
                0x20000070                . = ALIGN (0x4)

.bss            0x20000070      0xd18 load address 0x08004a38
                0x20000070                _sbss = .
                0x20000070                __bss_start__ = _sbss
 *(.bss)
 .bss           0x20000070       0x1c c:/program files (x86)/atollic/truestudio for stm32 9.3.0/armtools/bin/../lib/gcc/arm-atollic-eabi/6.3.1/armv7-m/crtbegin.o
 *(.bss*)
 .bss.heap_end.5887
                0x2000008c        0x4 Src\syscalls.o
 .bss.__malloc_free_list
                0x20000090        0x4 c:/program files (x86)/atollic/truestudio for stm32 9.3.0/armtools/bin/../lib/gcc/arm-atollic-eabi/6.3.1/../../../../arm-atollic-eabi/lib/armv7-m\libc_nano.a(lib_a-nano-mallocr.o)
                0x20000090                __malloc_free_list
 .bss.__malloc_sbrk_start
                0x20000094        0x4 c:/program files (x86)/atollic/truestudio for stm32 9.3.0/armtools/bin/../lib/gcc/arm-atollic-eabi/6.3.1/../../../../arm-atollic-eabi/lib/armv7-m\libc_nano.a(lib_a-nano-mallocr.o)
                0x20000094                __malloc_sbrk_start
 *(COMMON)
 COMMON         0x20000098        0x4 Drivers\STM32F1xx_HAL_Driver\Src\stm32f1xx_hal.o
                0x20000098                uwTick
 COMMON         0x2000009c      0x21c Src\IRremote.o
                0x2000009c                irparams
                0x200002a4                results
 COMMON         0x200002b8      0xacc Src\main.o
                0x200002b8                HMC5983_Data
                0x200002c4                htim4
                0x20000304                hi2c2
                0x20000358                temp_values
                0x200005b0                i2cBuff
                0x200005b8                fAY_Cal
                0x200005bc                az
                0x200005c0                fGZ_Cal
                0x200005c4                fGX_Cal
                0x200005c8                MPU6050_Data
                0x200005d4                fAZ_Cal
                0x200005d8                fGY_Cal
                0x200005dc                ax
                0x200005e0                CODE_TO_SEND
                0x200005e4                i
                0x200005e8                huart1
                0x20000628                incomingByte
                0x2000062c                htim1
                0x2000066c                var
                0x20000670                CODE_TO_REC
                0x20000674                ay
                0x20000678                fAX_Cal
                0x2000067c                master
 COMMON         0x20000d84        0x4 c:/program files (x86)/atollic/truestudio for stm32 9.3.0/armtools/bin/../lib/gcc/arm-atollic-eabi/6.3.1/../../../../arm-atollic-eabi/lib/armv7-m\libc_nano.a(lib_a-reent.o)
                0x20000d84                errno
                0x20000d88                . = ALIGN (0x4)
                0x20000d88                _ebss = .
                0x20000d88                __bss_end__ = _ebss

._user_heap_stack
                0x20000d88      0x600 load address 0x08004a38
                0x20000d88                . = ALIGN (0x4)
                0x20000d88                PROVIDE (end, .)
                [!provide]                PROVIDE (_end, .)
                0x20000f88                . = (. + _Min_Heap_Size)
 *fill*         0x20000d88      0x200 
                0x20001388                . = (. + _Min_Stack_Size)
 *fill*         0x20000f88      0x400 
                0x20001388                . = ALIGN (0x4)

/DISCARD/
 libc.a(*)
 libm.a(*)
 libgcc.a(*)

.ARM.attributes
                0x00000000       0x29
 *(.ARM.attributes)
 .ARM.attributes
                0x00000000       0x1d c:/program files (x86)/atollic/truestudio for stm32 9.3.0/armtools/bin/../lib/gcc/arm-atollic-eabi/6.3.1/armv7-m/crti.o
 .ARM.attributes
                0x0000001d       0x2d c:/program files (x86)/atollic/truestudio for stm32 9.3.0/armtools/bin/../lib/gcc/arm-atollic-eabi/6.3.1/armv7-m/crtbegin.o
 .ARM.attributes
                0x0000004a       0x33 Drivers\STM32F1xx_HAL_Driver\Src\stm32f1xx_hal.o
 .ARM.attributes
                0x0000007d       0x33 Drivers\STM32F1xx_HAL_Driver\Src\stm32f1xx_hal_cortex.o
 .ARM.attributes
                0x000000b0       0x33 Drivers\STM32F1xx_HAL_Driver\Src\stm32f1xx_hal_gpio.o
 .ARM.attributes
                0x000000e3       0x33 Drivers\STM32F1xx_HAL_Driver\Src\stm32f1xx_hal_i2c.o
 .ARM.attributes
                0x00000116       0x33 Drivers\STM32F1xx_HAL_Driver\Src\stm32f1xx_hal_rcc.o
 .ARM.attributes
                0x00000149       0x33 Drivers\STM32F1xx_HAL_Driver\Src\stm32f1xx_hal_tim.o
 .ARM.attributes
                0x0000017c       0x33 Drivers\STM32F1xx_HAL_Driver\Src\stm32f1xx_hal_tim_ex.o
 .ARM.attributes
                0x000001af       0x33 Drivers\STM32F1xx_HAL_Driver\Src\stm32f1xx_hal_uart.o
 .ARM.attributes
                0x000001e2       0x33 Src\IRremote.o
 .ARM.attributes
                0x00000215       0x33 Src\irSend.o
 .ARM.attributes
                0x00000248       0x33 Src\ir_Aiwa.o
 .ARM.attributes
                0x0000027b       0x33 Src\ir_Denon.o
 .ARM.attributes
                0x000002ae       0x33 Src\ir_JVC.o
 .ARM.attributes
                0x000002e1       0x33 Src\ir_LG.o
 .ARM.attributes
                0x00000314       0x33 Src\ir_Mitsubishi.o
 .ARM.attributes
                0x00000347       0x33 Src\ir_NEC.o
 .ARM.attributes
                0x0000037a       0x33 Src\ir_Panasonic.o
 .ARM.attributes
                0x000003ad       0x33 Src\ir_RC5_RC6.o
 .ARM.attributes
                0x000003e0       0x33 Src\ir_Samsung.o
 .ARM.attributes
                0x00000413       0x33 Src\ir_Sanyo.o
 .ARM.attributes
                0x00000446       0x33 Src\ir_Sony.o
 .ARM.attributes
                0x00000479       0x33 Src\ir_Whynter.o
 .ARM.attributes
                0x000004ac       0x33 Src\main.o
 .ARM.attributes
                0x000004df       0x33 Src\stm32f1xx_hal_msp.o
 .ARM.attributes
                0x00000512       0x33 Src\stm32f1xx_it.o
 .ARM.attributes
                0x00000545       0x33 Src\syscalls.o
 .ARM.attributes
                0x00000578       0x33 Src\system_stm32f1xx.o
 .ARM.attributes
                0x000005ab       0x21 startup\startup_stm32f103xb.o
 .ARM.attributes
                0x000005cc       0x2d c:/program files (x86)/atollic/truestudio for stm32 9.3.0/armtools/bin/../lib/gcc/arm-atollic-eabi/6.3.1/../../../../arm-atollic-eabi/lib/armv7-m\libc_nano.a(lib_a-errno.o)
 .ARM.attributes
                0x000005f9       0x2d c:/program files (x86)/atollic/truestudio for stm32 9.3.0/armtools/bin/../lib/gcc/arm-atollic-eabi/6.3.1/../../../../arm-atollic-eabi/lib/armv7-m\libc_nano.a(lib_a-impure.o)
 .ARM.attributes
                0x00000626       0x2d c:/program files (x86)/atollic/truestudio for stm32 9.3.0/armtools/bin/../lib/gcc/arm-atollic-eabi/6.3.1/../../../../arm-atollic-eabi/lib/armv7-m\libc_nano.a(lib_a-init.o)
 .ARM.attributes
                0x00000653       0x2d c:/program files (x86)/atollic/truestudio for stm32 9.3.0/armtools/bin/../lib/gcc/arm-atollic-eabi/6.3.1/../../../../arm-atollic-eabi/lib/armv7-m\libc_nano.a(lib_a-memset.o)
 .ARM.attributes
                0x00000680       0x2d c:/program files (x86)/atollic/truestudio for stm32 9.3.0/armtools/bin/../lib/gcc/arm-atollic-eabi/6.3.1/../../../../arm-atollic-eabi/lib/armv7-m\libc_nano.a(lib_a-snprintf.o)
 .ARM.attributes
                0x000006ad       0x2d c:/program files (x86)/atollic/truestudio for stm32 9.3.0/armtools/bin/../lib/gcc/arm-atollic-eabi/6.3.1/../../../../arm-atollic-eabi/lib/armv7-m\libc_nano.a(lib_a-sprintf.o)
 .ARM.attributes
                0x000006da       0x2d c:/program files (x86)/atollic/truestudio for stm32 9.3.0/armtools/bin/../lib/gcc/arm-atollic-eabi/6.3.1/../../../../arm-atollic-eabi/lib/armv7-m\libc_nano.a(lib_a-strcpy.o)
 .ARM.attributes
                0x00000707       0x17 c:/program files (x86)/atollic/truestudio for stm32 9.3.0/armtools/bin/../lib/gcc/arm-atollic-eabi/6.3.1/../../../../arm-atollic-eabi/lib/armv7-m\libc_nano.a(lib_a-strlen.o)
 .ARM.attributes
                0x0000071e       0x2d c:/program files (x86)/atollic/truestudio for stm32 9.3.0/armtools/bin/../lib/gcc/arm-atollic-eabi/6.3.1/../../../../arm-atollic-eabi/lib/armv7-m\libc_nano.a(lib_a-nano-svfprintf.o)
 .ARM.attributes
                0x0000074b       0x2d c:/program files (x86)/atollic/truestudio for stm32 9.3.0/armtools/bin/../lib/gcc/arm-atollic-eabi/6.3.1/../../../../arm-atollic-eabi/lib/armv7-m\libc_nano.a(lib_a-nano-vfprintf_i.o)
 .ARM.attributes
                0x00000778       0x2d c:/program files (x86)/atollic/truestudio for stm32 9.3.0/armtools/bin/../lib/gcc/arm-atollic-eabi/6.3.1/../../../../arm-atollic-eabi/lib/armv7-m\libc_nano.a(lib_a-memchr-stub.o)
 .ARM.attributes
                0x000007a5       0x2d c:/program files (x86)/atollic/truestudio for stm32 9.3.0/armtools/bin/../lib/gcc/arm-atollic-eabi/6.3.1/../../../../arm-atollic-eabi/lib/armv7-m\libc_nano.a(lib_a-memcpy-stub.o)
 .ARM.attributes
                0x000007d2       0x2d c:/program files (x86)/atollic/truestudio for stm32 9.3.0/armtools/bin/../lib/gcc/arm-atollic-eabi/6.3.1/../../../../arm-atollic-eabi/lib/armv7-m\libc_nano.a(lib_a-memmove.o)
 .ARM.attributes
                0x000007ff       0x2d c:/program files (x86)/atollic/truestudio for stm32 9.3.0/armtools/bin/../lib/gcc/arm-atollic-eabi/6.3.1/../../../../arm-atollic-eabi/lib/armv7-m\libc_nano.a(lib_a-nano-freer.o)
 .ARM.attributes
                0x0000082c       0x2d c:/program files (x86)/atollic/truestudio for stm32 9.3.0/armtools/bin/../lib/gcc/arm-atollic-eabi/6.3.1/../../../../arm-atollic-eabi/lib/armv7-m\libc_nano.a(lib_a-nano-mallocr.o)
 .ARM.attributes
                0x00000859       0x2d c:/program files (x86)/atollic/truestudio for stm32 9.3.0/armtools/bin/../lib/gcc/arm-atollic-eabi/6.3.1/../../../../arm-atollic-eabi/lib/armv7-m\libc_nano.a(lib_a-nano-reallocr.o)
 .ARM.attributes
                0x00000886       0x2d c:/program files (x86)/atollic/truestudio for stm32 9.3.0/armtools/bin/../lib/gcc/arm-atollic-eabi/6.3.1/../../../../arm-atollic-eabi/lib/armv7-m\libc_nano.a(lib_a-sbrkr.o)
 .ARM.attributes
                0x000008b3       0x2d c:/program files (x86)/atollic/truestudio for stm32 9.3.0/armtools/bin/../lib/gcc/arm-atollic-eabi/6.3.1/../../../../arm-atollic-eabi/lib/armv7-m\libc_nano.a(lib_a-mlock.o)
 .ARM.attributes
                0x000008e0       0x2d c:/program files (x86)/atollic/truestudio for stm32 9.3.0/armtools/bin/../lib/gcc/arm-atollic-eabi/6.3.1/../../../../arm-atollic-eabi/lib/armv7-m\libc_nano.a(lib_a-nano-msizer.o)
 .ARM.attributes
                0x0000090d       0x2d c:/program files (x86)/atollic/truestudio for stm32 9.3.0/armtools/bin/../lib/gcc/arm-atollic-eabi/6.3.1/../../../../arm-atollic-eabi/lib/armv7-m\libc_nano.a(lib_a-reent.o)
 .ARM.attributes
                0x0000093a       0x2d c:/program files (x86)/atollic/truestudio for stm32 9.3.0/armtools/bin/../lib/gcc/arm-atollic-eabi/6.3.1/../../../../arm-atollic-eabi/lib/armv7-m\libm.a(lib_a-s_floor.o)
 .ARM.attributes
                0x00000967       0x1d c:/program files (x86)/atollic/truestudio for stm32 9.3.0/armtools/bin/../lib/gcc/arm-atollic-eabi/6.3.1/armv7-m\libgcc.a(_arm_addsubdf3.o)
 .ARM.attributes
                0x00000984       0x1d c:/program files (x86)/atollic/truestudio for stm32 9.3.0/armtools/bin/../lib/gcc/arm-atollic-eabi/6.3.1/armv7-m\libgcc.a(_arm_muldivdf3.o)
 .ARM.attributes
                0x000009a1       0x1d c:/program files (x86)/atollic/truestudio for stm32 9.3.0/armtools/bin/../lib/gcc/arm-atollic-eabi/6.3.1/armv7-m\libgcc.a(_arm_cmpdf2.o)
 .ARM.attributes
                0x000009be       0x1d c:/program files (x86)/atollic/truestudio for stm32 9.3.0/armtools/bin/../lib/gcc/arm-atollic-eabi/6.3.1/armv7-m\libgcc.a(_arm_fixdfsi.o)
 .ARM.attributes
                0x000009db       0x1d c:/program files (x86)/atollic/truestudio for stm32 9.3.0/armtools/bin/../lib/gcc/arm-atollic-eabi/6.3.1/armv7-m\libgcc.a(_arm_addsubsf3.o)
 .ARM.attributes
                0x000009f8       0x1d c:/program files (x86)/atollic/truestudio for stm32 9.3.0/armtools/bin/../lib/gcc/arm-atollic-eabi/6.3.1/armv7-m\libgcc.a(_arm_muldivsf3.o)
 .ARM.attributes
                0x00000a15       0x1d c:/program files (x86)/atollic/truestudio for stm32 9.3.0/armtools/bin/../lib/gcc/arm-atollic-eabi/6.3.1/armv7-m/crtn.o
OUTPUT(magic.elf elf32-littlearm)

.comment        0x00000000       0x7c
 .comment       0x00000000       0x7c Drivers\STM32F1xx_HAL_Driver\Src\stm32f1xx_hal.o
                                 0x7d (size before relaxing)
 .comment       0x0000007c       0x7d Drivers\STM32F1xx_HAL_Driver\Src\stm32f1xx_hal_cortex.o
 .comment       0x0000007c       0x7d Drivers\STM32F1xx_HAL_Driver\Src\stm32f1xx_hal_gpio.o
 .comment       0x0000007c       0x7d Drivers\STM32F1xx_HAL_Driver\Src\stm32f1xx_hal_i2c.o
 .comment       0x0000007c       0x7d Drivers\STM32F1xx_HAL_Driver\Src\stm32f1xx_hal_rcc.o
 .comment       0x0000007c       0x7d Drivers\STM32F1xx_HAL_Driver\Src\stm32f1xx_hal_tim.o
 .comment       0x0000007c       0x7d Drivers\STM32F1xx_HAL_Driver\Src\stm32f1xx_hal_tim_ex.o
 .comment       0x0000007c       0x7d Drivers\STM32F1xx_HAL_Driver\Src\stm32f1xx_hal_uart.o
 .comment       0x0000007c       0x7d Src\IRremote.o
 .comment       0x0000007c       0x7d Src\irSend.o
 .comment       0x0000007c       0x7d Src\ir_Aiwa.o
 .comment       0x0000007c       0x7d Src\ir_Denon.o
 .comment       0x0000007c       0x7d Src\ir_JVC.o
 .comment       0x0000007c       0x7d Src\ir_LG.o
 .comment       0x0000007c       0x7d Src\ir_Mitsubishi.o
 .comment       0x0000007c       0x7d Src\ir_NEC.o
 .comment       0x0000007c       0x7d Src\ir_Panasonic.o
 .comment       0x0000007c       0x7d Src\ir_RC5_RC6.o
 .comment       0x0000007c       0x7d Src\ir_Samsung.o
 .comment       0x0000007c       0x7d Src\ir_Sanyo.o
 .comment       0x0000007c       0x7d Src\ir_Sony.o
 .comment       0x0000007c       0x7d Src\ir_Whynter.o
 .comment       0x0000007c       0x7d Src\main.o
 .comment       0x0000007c       0x7d Src\stm32f1xx_hal_msp.o
 .comment       0x0000007c       0x7d Src\stm32f1xx_it.o
 .comment       0x0000007c       0x7d Src\syscalls.o
 .comment       0x0000007c       0x7d Src\system_stm32f1xx.o

.debug_frame    0x00000000      0x6f4
 .debug_frame   0x00000000       0x20 c:/program files (x86)/atollic/truestudio for stm32 9.3.0/armtools/bin/../lib/gcc/arm-atollic-eabi/6.3.1/../../../../arm-atollic-eabi/lib/armv7-m\libc_nano.a(lib_a-errno.o)
 .debug_frame   0x00000020       0x2c c:/program files (x86)/atollic/truestudio for stm32 9.3.0/armtools/bin/../lib/gcc/arm-atollic-eabi/6.3.1/../../../../arm-atollic-eabi/lib/armv7-m\libc_nano.a(lib_a-init.o)
 .debug_frame   0x0000004c       0x20 c:/program files (x86)/atollic/truestudio for stm32 9.3.0/armtools/bin/../lib/gcc/arm-atollic-eabi/6.3.1/../../../../arm-atollic-eabi/lib/armv7-m\libc_nano.a(lib_a-memset.o)
 .debug_frame   0x0000006c       0x7c c:/program files (x86)/atollic/truestudio for stm32 9.3.0/armtools/bin/../lib/gcc/arm-atollic-eabi/6.3.1/../../../../arm-atollic-eabi/lib/armv7-m\libc_nano.a(lib_a-snprintf.o)
 .debug_frame   0x000000e8       0x70 c:/program files (x86)/atollic/truestudio for stm32 9.3.0/armtools/bin/../lib/gcc/arm-atollic-eabi/6.3.1/../../../../arm-atollic-eabi/lib/armv7-m\libc_nano.a(lib_a-sprintf.o)
 .debug_frame   0x00000158       0x20 c:/program files (x86)/atollic/truestudio for stm32 9.3.0/armtools/bin/../lib/gcc/arm-atollic-eabi/6.3.1/../../../../arm-atollic-eabi/lib/armv7-m\libc_nano.a(lib_a-strcpy.o)
 .debug_frame   0x00000178       0x90 c:/program files (x86)/atollic/truestudio for stm32 9.3.0/armtools/bin/../lib/gcc/arm-atollic-eabi/6.3.1/../../../../arm-atollic-eabi/lib/armv7-m\libc_nano.a(lib_a-nano-svfprintf.o)
 .debug_frame   0x00000208       0x60 c:/program files (x86)/atollic/truestudio for stm32 9.3.0/armtools/bin/../lib/gcc/arm-atollic-eabi/6.3.1/../../../../arm-atollic-eabi/lib/armv7-m\libc_nano.a(lib_a-nano-vfprintf_i.o)
 .debug_frame   0x00000268       0x28 c:/program files (x86)/atollic/truestudio for stm32 9.3.0/armtools/bin/../lib/gcc/arm-atollic-eabi/6.3.1/../../../../arm-atollic-eabi/lib/armv7-m\libc_nano.a(lib_a-memchr-stub.o)
 .debug_frame   0x00000290       0x28 c:/program files (x86)/atollic/truestudio for stm32 9.3.0/armtools/bin/../lib/gcc/arm-atollic-eabi/6.3.1/../../../../arm-atollic-eabi/lib/armv7-m\libc_nano.a(lib_a-memcpy-stub.o)
 .debug_frame   0x000002b8       0x28 c:/program files (x86)/atollic/truestudio for stm32 9.3.0/armtools/bin/../lib/gcc/arm-atollic-eabi/6.3.1/../../../../arm-atollic-eabi/lib/armv7-m\libc_nano.a(lib_a-memmove.o)
 .debug_frame   0x000002e0       0x38 c:/program files (x86)/atollic/truestudio for stm32 9.3.0/armtools/bin/../lib/gcc/arm-atollic-eabi/6.3.1/../../../../arm-atollic-eabi/lib/armv7-m\libc_nano.a(lib_a-nano-freer.o)
 .debug_frame   0x00000318       0x2c c:/program files (x86)/atollic/truestudio for stm32 9.3.0/armtools/bin/../lib/gcc/arm-atollic-eabi/6.3.1/../../../../arm-atollic-eabi/lib/armv7-m\libc_nano.a(lib_a-nano-mallocr.o)
 .debug_frame   0x00000344       0x3c c:/program files (x86)/atollic/truestudio for stm32 9.3.0/armtools/bin/../lib/gcc/arm-atollic-eabi/6.3.1/../../../../arm-atollic-eabi/lib/armv7-m\libc_nano.a(lib_a-nano-reallocr.o)
 .debug_frame   0x00000380       0x2c c:/program files (x86)/atollic/truestudio for stm32 9.3.0/armtools/bin/../lib/gcc/arm-atollic-eabi/6.3.1/../../../../arm-atollic-eabi/lib/armv7-m\libc_nano.a(lib_a-sbrkr.o)
 .debug_frame   0x000003ac       0x30 c:/program files (x86)/atollic/truestudio for stm32 9.3.0/armtools/bin/../lib/gcc/arm-atollic-eabi/6.3.1/../../../../arm-atollic-eabi/lib/armv7-m\libc_nano.a(lib_a-mlock.o)
 .debug_frame   0x000003dc       0x20 c:/program files (x86)/atollic/truestudio for stm32 9.3.0/armtools/bin/../lib/gcc/arm-atollic-eabi/6.3.1/../../../../arm-atollic-eabi/lib/armv7-m\libc_nano.a(lib_a-nano-msizer.o)
 .debug_frame   0x000003fc       0x5c c:/program files (x86)/atollic/truestudio for stm32 9.3.0/armtools/bin/../lib/gcc/arm-atollic-eabi/6.3.1/../../../../arm-atollic-eabi/lib/armv7-m\libc_nano.a(lib_a-reent.o)
 .debug_frame   0x00000458       0x34 c:/program files (x86)/atollic/truestudio for stm32 9.3.0/armtools/bin/../lib/gcc/arm-atollic-eabi/6.3.1/../../../../arm-atollic-eabi/lib/armv7-m\libm.a(lib_a-s_floor.o)
 .debug_frame   0x0000048c       0xac c:/program files (x86)/atollic/truestudio for stm32 9.3.0/armtools/bin/../lib/gcc/arm-atollic-eabi/6.3.1/armv7-m\libgcc.a(_arm_addsubdf3.o)
 .debug_frame   0x00000538       0x50 c:/program files (x86)/atollic/truestudio for stm32 9.3.0/armtools/bin/../lib/gcc/arm-atollic-eabi/6.3.1/armv7-m\libgcc.a(_arm_muldivdf3.o)
 .debug_frame   0x00000588       0xc4 c:/program files (x86)/atollic/truestudio for stm32 9.3.0/armtools/bin/../lib/gcc/arm-atollic-eabi/6.3.1/armv7-m\libgcc.a(_arm_cmpdf2.o)
 .debug_frame   0x0000064c       0x24 c:/program files (x86)/atollic/truestudio for stm32 9.3.0/armtools/bin/../lib/gcc/arm-atollic-eabi/6.3.1/armv7-m\libgcc.a(_arm_fixdfsi.o)
 .debug_frame   0x00000670       0x4c c:/program files (x86)/atollic/truestudio for stm32 9.3.0/armtools/bin/../lib/gcc/arm-atollic-eabi/6.3.1/armv7-m\libgcc.a(_arm_addsubsf3.o)
 .debug_frame   0x000006bc       0x38 c:/program files (x86)/atollic/truestudio for stm32 9.3.0/armtools/bin/../lib/gcc/arm-atollic-eabi/6.3.1/armv7-m\libgcc.a(_arm_muldivsf3.o)
