main.c:487:5:expect_arcade	0	static
main.c:517:5:expect_fading	0	static
main.c:543:5:expect_magic	8	static
main.c:573:5:expect_gesture	0	static
main.c:685:6:EEPROM_write	64	static
main.c:591:6:lcd_menu	32	static
main.c:747:6:EEPROM_read	64	static
main.c:770:5:abs_sub	0	static
main.c:777:5:Min	0	static
main.c:786:5:calc_DTW_score	10488	dynamic,bounded
main.c:857:6:TIM1_UP_IRQHandler	8	static
main.c:875:6:I2C_WriteBuffer	32	static
main.c:890:6:I2C_ReadBuffer	40	static
main.c:906:6:MPU6050_Init	16	static
main.c:943:6:MPU6050_GetAllData	24	static
main.c:926:6:MPU6050_Calibrate	40	static
main.c:965:6:IMU_CalculateAll_Data	56	static
main.c:1012:6:SystemClock_Config	72	static
main.c:109:5:main	128	static
main.c:1271:6:Error_Handler	0	static
