main.c:511:6:expect_arcade	0	static
main.c:545:6:expect_fading	0	static
main.c:572:6:expect_magic	8	static
main.c:605:5:expect_gesture	0	static
main.c:697:6:EEPROM_write	72	static
main.c:624:6:menu	48	static
main.c:754:6:EEPROM_read	64	static
main.c:777:5:abs_sub	0	static
main.c:784:5:Min	0	static
main.c:793:5:calc_DTW_score	10488	dynamic,bounded
main.c:864:6:TIM1_UP_IRQHandler	8	static
main.c:882:6:I2C_WriteBuffer	32	static
main.c:897:6:I2C_ReadBuffer	40	static
main.c:913:6:MPU6050_Init	16	static
main.c:950:6:MPU6050_GetAllData	24	static
main.c:933:6:MPU6050_Calibrate	40	static
main.c:972:6:IMU_CalculateAll_Data	56	static
main.c:1017:5:mapcalc	8	static
main.c:1025:6:SystemClock_Config	72	static
main.c:100:5:main	128	static
main.c:1284:6:Error_Handler	0	static
