MPU6050.c:49:6:MPU6050_setAddress	0	static
MPU6050.c:85:9:MPU6050_getAuxVDDIOLevel	16	static
MPU6050.c:95:6:MPU6050_setAuxVDDIOLevel	0	static
MPU6050.c:122:9:MPU6050_getRate	8	static
MPU6050.c:131:6:MPU6050_setRate	0	static
MPU6050.c:164:9:MPU6050_getExternalFrameSync	16	static
MPU6050.c:173:6:MPU6050_setExternalFrameSync	16	static
MPU6050.c:204:9:MPU6050_getDLPFMode	16	static
MPU6050.c:216:6:MPU6050_setDLPFMode	16	static
MPU6050.c:239:9:MPU6050_getFullScaleGyroRange	16	static
MPU6050.c:251:6:MPU6050_setFullScaleGyroRange	16	static
MPU6050.c:261:6:MPU6050_getAccelXSelfTest	16	static
MPU6050.c:269:6:MPU6050_setAccelXSelfTest	0	static
MPU6050.c:276:6:MPU6050_getAccelYSelfTest	16	static
MPU6050.c:284:6:MPU6050_setAccelYSelfTest	0	static
MPU6050.c:291:6:MPU6050_getAccelZSelfTest	16	static
MPU6050.c:299:6:MPU6050_setAccelZSelfTest	0	static
MPU6050.c:319:9:MPU6050_getFullScaleAccelRange	16	static
MPU6050.c:327:6:MPU6050_setFullScaleAccelRange	16	static
MPU6050.c:365:9:MPU6050_getDHPFMode	16	static
MPU6050.c:375:6:MPU6050_setDHPFMode	16	static
MPU6050.c:396:9:MPU6050_getFreefallDetectionThreshold	8	static
MPU6050.c:405:6:MPU6050_setFreefallDetectionThreshold	0	static
MPU6050.c:428:9:MPU6050_getFreefallDetectionDuration	8	static
MPU6050.c:437:6:MPU6050_setFreefallDetectionDuration	0	static
MPU6050.c:462:9:MPU6050_getMotionDetectionThreshold	8	static
MPU6050.c:471:6:MPU6050_setMotionDetectionThreshold	0	static
MPU6050.c:492:9:MPU6050_getMotionDetectionDuration	8	static
MPU6050.c:501:6:MPU6050_setMotionDetectionDuration	0	static
MPU6050.c:532:9:MPU6050_getZeroMotionDetectionThreshold	8	static
MPU6050.c:541:6:MPU6050_setZeroMotionDetectionThreshold	0	static
MPU6050.c:563:9:MPU6050_getZeroMotionDetectionDuration	8	static
MPU6050.c:572:6:MPU6050_setZeroMotionDetectionDuration	0	static
MPU6050.c:584:6:MPU6050_getTempFIFOEnabled	16	static
MPU6050.c:593:6:MPU6050_setTempFIFOEnabled	0	static
MPU6050.c:602:6:MPU6050_getXGyroFIFOEnabled	16	static
MPU6050.c:611:6:MPU6050_setXGyroFIFOEnabled	0	static
MPU6050.c:620:6:MPU6050_getYGyroFIFOEnabled	16	static
MPU6050.c:629:6:MPU6050_setYGyroFIFOEnabled	0	static
MPU6050.c:638:6:MPU6050_getZGyroFIFOEnabled	16	static
MPU6050.c:647:6:MPU6050_setZGyroFIFOEnabled	0	static
MPU6050.c:657:6:MPU6050_getAccelFIFOEnabled	16	static
MPU6050.c:666:6:MPU6050_setAccelFIFOEnabled	0	static
MPU6050.c:675:6:MPU6050_getSlave2FIFOEnabled	16	static
MPU6050.c:684:6:MPU6050_setSlave2FIFOEnabled	0	static
MPU6050.c:693:6:MPU6050_getSlave1FIFOEnabled	16	static
MPU6050.c:702:6:MPU6050_setSlave1FIFOEnabled	0	static
MPU6050.c:711:6:MPU6050_getSlave0FIFOEnabled	16	static
MPU6050.c:720:6:MPU6050_setSlave0FIFOEnabled	0	static
MPU6050.c:741:6:MPU6050_getMultiMasterEnabled	16	static
MPU6050.c:750:6:MPU6050_setMultiMasterEnabled	0	static
MPU6050.c:764:6:MPU6050_getWaitForExternalSensorEnabled	16	static
MPU6050.c:773:6:MPU6050_setWaitForExternalSensorEnabled	0	static
MPU6050.c:782:6:MPU6050_getSlave3FIFOEnabled	16	static
MPU6050.c:791:6:MPU6050_setSlave3FIFOEnabled	0	static
MPU6050.c:804:6:MPU6050_getSlaveReadWriteTransitionEnabled	16	static
MPU6050.c:813:6:MPU6050_setSlaveReadWriteTransitionEnabled	0	static
MPU6050.c:845:9:MPU6050_getMasterClockSpeed	16	static
MPU6050.c:853:6:MPU6050_setMasterClockSpeed	16	static
MPU6050.c:900:9:MPU6050_getSlaveAddress	8	static
MPU6050.c:911:6:MPU6050_setSlaveAddress	0	static
MPU6050.c:926:9:MPU6050_getSlaveRegister	8	static
MPU6050.c:937:6:MPU6050_setSlaveRegister	0	static
MPU6050.c:948:6:MPU6050_getSlaveEnabled	16	static
MPU6050.c:959:6:MPU6050_setSlaveEnabled	0	static
MPU6050.c:974:6:MPU6050_getSlaveWordByteSwap	16	static
MPU6050.c:985:6:MPU6050_setSlaveWordByteSwap	0	static
MPU6050.c:999:6:MPU6050_getSlaveWriteMode	16	static
MPU6050.c:1010:6:MPU6050_setSlaveWriteMode	0	static
MPU6050.c:1025:6:MPU6050_getSlaveWordGroupOffset	16	static
MPU6050.c:1036:6:MPU6050_setSlaveWordGroupOffset	0	static
MPU6050.c:1047:9:MPU6050_getSlaveDataLength	16	static
MPU6050.c:1058:6:MPU6050_setSlaveDataLength	16	static
MPU6050.c:1074:9:MPU6050_getSlave4Address	8	static
MPU6050.c:1083:6:MPU6050_setSlave4Address	0	static
MPU6050.c:1093:9:MPU6050_getSlave4Register	8	static
MPU6050.c:1102:6:MPU6050_setSlave4Register	0	static
MPU6050.c:1111:6:MPU6050_setSlave4OutputByte	0	static
MPU6050.c:1120:6:MPU6050_getSlave4Enabled	16	static
MPU6050.c:1129:6:MPU6050_setSlave4Enabled	0	static
MPU6050.c:1141:6:MPU6050_getSlave4InterruptEnabled	16	static
MPU6050.c:1150:6:MPU6050_setSlave4InterruptEnabled	0	static
MPU6050.c:1162:6:MPU6050_getSlave4WriteMode	16	static
MPU6050.c:1171:6:MPU6050_setSlave4WriteMode	0	static
MPU6050.c:1189:9:MPU6050_getSlave4MasterDelay	16	static
MPU6050.c:1198:6:MPU6050_setSlave4MasterDelay	16	static
MPU6050.c:1207:9:MPU6050_getSlate4InputByte	8	static
MPU6050.c:1223:6:MPU6050_getPassthroughStatus	16	static
MPU6050.c:1235:6:MPU6050_getSlave4IsDone	16	static
MPU6050.c:1246:6:MPU6050_getLostArbitration	16	static
MPU6050.c:1257:6:MPU6050_getSlave4Nack	16	static
MPU6050.c:1268:6:MPU6050_getSlave3Nack	16	static
MPU6050.c:1279:6:MPU6050_getSlave2Nack	16	static
MPU6050.c:1290:6:MPU6050_getSlave1Nack	16	static
MPU6050.c:1301:6:MPU6050_getSlave0Nack	16	static
MPU6050.c:1314:6:MPU6050_getInterruptMode	16	static
MPU6050.c:1324:6:MPU6050_setInterruptMode	0	static
MPU6050.c:1333:6:MPU6050_getInterruptDrive	16	static
MPU6050.c:1343:6:MPU6050_setInterruptDrive	0	static
MPU6050.c:1352:6:MPU6050_getInterruptLatch	16	static
MPU6050.c:1362:6:MPU6050_setInterruptLatch	0	static
MPU6050.c:1371:6:MPU6050_getInterruptLatchClear	16	static
MPU6050.c:1381:6:MPU6050_setInterruptLatchClear	0	static
MPU6050.c:1390:6:MPU6050_getFSyncInterruptLevel	16	static
MPU6050.c:1400:6:MPU6050_setFSyncInterruptLevel	0	static
MPU6050.c:1409:6:MPU6050_getFSyncInterruptEnabled	16	static
MPU6050.c:1419:6:MPU6050_setFSyncInterruptEnabled	0	static
MPU6050.c:1433:6:MPU6050_getI2CBypassEnabled	16	static
MPU6050.c:1448:6:MPU6050_setI2CBypassEnabled	0	static
MPU6050.c:1460:6:MPU6050_getClockOutputEnabled	16	static
MPU6050.c:1473:6:MPU6050_setClockOutputEnabled	0	static
MPU6050.c:1486:9:MPU6050_getIntEnabled	8	static
MPU6050.c:1498:6:MPU6050_setIntEnabled	0	static
MPU6050.c:1507:6:MPU6050_getIntFreefallEnabled	16	static
MPU6050.c:1517:6:MPU6050_setIntFreefallEnabled	0	static
MPU6050.c:1526:6:MPU6050_getIntMotionEnabled	16	static
MPU6050.c:1536:6:MPU6050_setIntMotionEnabled	0	static
MPU6050.c:1545:6:MPU6050_getIntZeroMotionEnabled	16	static
MPU6050.c:1555:6:MPU6050_setIntZeroMotionEnabled	0	static
MPU6050.c:1564:6:MPU6050_getIntFIFOBufferOverflowEnabled	16	static
MPU6050.c:1574:6:MPU6050_setIntFIFOBufferOverflowEnabled	0	static
MPU6050.c:1584:6:MPU6050_getIntI2CMasterEnabled	16	static
MPU6050.c:1594:6:MPU6050_setIntI2CMasterEnabled	0	static
MPU6050.c:1604:6:MPU6050_getIntDataReadyEnabled	16	static
MPU6050.c:1614:6:MPU6050_setIntDataReadyEnabled	0	static
MPU6050.c:1627:9:MPU6050_getIntStatus	8	static
MPU6050.c:1638:6:MPU6050_getIntFreefallStatus	16	static
MPU6050.c:1649:6:MPU6050_getIntMotionStatus	16	static
MPU6050.c:1660:6:MPU6050_getIntZeroMotionStatus	16	static
MPU6050.c:1671:6:MPU6050_getIntFIFOBufferOverflowStatus	16	static
MPU6050.c:1683:6:MPU6050_getIntI2CMasterStatus	16	static
MPU6050.c:1694:6:MPU6050_getIntDataReadyStatus	16	static
MPU6050.c:1733:6:MPU6050_getMotion6	32	static
MPU6050.c:1717:6:MPU6050_getMotion9	4	static
MPU6050.c:1778:6:MPU6050_getAcceleration	32	static
MPU6050.c:1789:9:MPU6050_getAccelerationX	16	static
MPU6050.c:1798:9:MPU6050_getAccelerationY	16	static
MPU6050.c:1807:9:MPU6050_getAccelerationZ	16	static
MPU6050.c:1818:9:MPU6050_getTemperature	16	static
MPU6050.c:1857:6:MPU6050_getRotation	32	static
MPU6050.c:1868:9:MPU6050_getRotationX	16	static
MPU6050.c:1877:9:MPU6050_getRotationY	16	static
MPU6050.c:1886:9:MPU6050_getRotationZ	16	static
MPU6050.c:1967:9:MPU6050_getExternalSensorByte	8	static
MPU6050.c:1976:10:MPU6050_getExternalSensorWord	16	static
MPU6050.c:1985:10:MPU6050_getExternalSensorDWord	16	static
MPU6050.c:1996:9:MPU6050_getMotionStatus	8	static
MPU6050.c:2005:6:MPU6050_getXNegMotionDetected	16	static
MPU6050.c:2014:6:MPU6050_getXPosMotionDetected	16	static
MPU6050.c:2023:6:MPU6050_getYNegMotionDetected	16	static
MPU6050.c:2032:6:MPU6050_getYPosMotionDetected	16	static
MPU6050.c:2041:6:MPU6050_getZNegMotionDetected	16	static
MPU6050.c:2050:6:MPU6050_getZPosMotionDetected	16	static
MPU6050.c:2059:6:MPU6050_getZeroMotionDetected	16	static
MPU6050.c:2074:6:MPU6050_setSlaveOutputByte	0	static
MPU6050.c:2089:6:MPU6050_getExternalShadowDelayEnabled	16	static
MPU6050.c:2099:6:MPU6050_setExternalShadowDelayEnabled	0	static
MPU6050.c:2120:6:MPU6050_getSlaveDelayEnabled	16	static
MPU6050.c:2132:6:MPU6050_setSlaveDelayEnabled	0	static
MPU6050.c:2144:6:MPU6050_resetGyroscopePath	0	static
MPU6050.c:2153:6:MPU6050_resetAccelerometerPath	0	static
MPU6050.c:2162:6:MPU6050_resetTemperaturePath	0	static
MPU6050.c:2182:9:MPU6050_getAccelerometerPowerOnDelay	16	static
MPU6050.c:2192:6:MPU6050_setAccelerometerPowerOnDelay	16	static
MPU6050.c:2221:9:MPU6050_getFreefallDetectionCounterDecrement	16	static
MPU6050.c:2231:6:MPU6050_setFreefallDetectionCounterDecrement	16	static
MPU6050.c:2257:9:MPU6050_getMotionDetectionCounterDecrement	16	static
MPU6050.c:2267:6:MPU6050_setMotionDetectionCounterDecrement	16	static
MPU6050.c:2281:6:MPU6050_getFIFOEnabled	16	static
MPU6050.c:2291:6:MPU6050_setFIFOEnabled	0	static
MPU6050.c:2305:6:MPU6050_getI2CMasterModeEnabled	16	static
MPU6050.c:2315:6:MPU6050_setI2CMasterModeEnabled	0	static
MPU6050.c:2322:6:MPU6050_switchSPIEnabled	0	static
MPU6050.c:2331:6:MPU6050_resetFIFO	0	static
MPU6050.c:2340:6:MPU6050_resetI2CMaster	0	static
MPU6050.c:2355:6:MPU6050_resetSensors	0	static
MPU6050.c:2366:6:MPU6050_reset	0	static
MPU6050.c:2380:6:MPU6050_getSleepEnabled	16	static
MPU6050.c:2390:6:MPU6050_setSleepEnabled	0	static
MPU6050.c:2401:6:MPU6050_getWakeCycleEnabled	16	static
MPU6050.c:2411:6:MPU6050_setWakeCycleEnabled	0	static
MPU6050.c:2425:6:MPU6050_getTempSensorEnabled	16	static
MPU6050.c:2439:6:MPU6050_setTempSensorEnabled	0	static
MPU6050.c:2449:9:MPU6050_getClockSource	16	static
MPU6050.c:2483:6:MPU6050_setClockSource	16	static
MPU6050.c:61:6:MPU6050_initialize	8	static
MPU6050.c:2512:9:MPU6050_getWakeFrequency	16	static
MPU6050.c:2520:6:MPU6050_setWakeFrequency	16	static
MPU6050.c:2530:6:MPU6050_getStandbyXAccelEnabled	16	static
MPU6050.c:2540:6:MPU6050_setStandbyXAccelEnabled	0	static
MPU6050.c:2549:6:MPU6050_getStandbyYAccelEnabled	16	static
MPU6050.c:2559:6:MPU6050_setStandbyYAccelEnabled	0	static
MPU6050.c:2568:6:MPU6050_getStandbyZAccelEnabled	16	static
MPU6050.c:2578:6:MPU6050_setStandbyZAccelEnabled	0	static
MPU6050.c:2587:6:MPU6050_getStandbyXGyroEnabled	16	static
MPU6050.c:2597:6:MPU6050_setStandbyXGyroEnabled	0	static
MPU6050.c:2606:6:MPU6050_getStandbyYGyroEnabled	16	static
MPU6050.c:2616:6:MPU6050_setStandbyYGyroEnabled	0	static
MPU6050.c:2625:6:MPU6050_getStandbyZGyroEnabled	16	static
MPU6050.c:2635:6:MPU6050_setStandbyZGyroEnabled	0	static
MPU6050.c:2648:10:MPU6050_getFIFOCount	16	static
MPU6050.c:2680:9:MPU6050_getFIFOByte	8	static
MPU6050.c:2684:6:MPU6050_getFIFOBytes	16	static
MPU6050.c:2691:6:MPU6050_setFIFOByte	0	static
MPU6050.c:2704:9:MPU6050_getDeviceID	16	static
MPU6050.c:73:6:MPU6050_testConnection	8	static
MPU6050.c:2717:6:MPU6050_setDeviceID	16	static
MPU6050.c:2725:9:MPU6050_getOTPBankValid	16	static
MPU6050.c:2729:6:MPU6050_setOTPBankValid	0	static
MPU6050.c:2732:8:MPU6050_getXGyroOffsetTC	16	static
MPU6050.c:2736:6:MPU6050_setXGyroOffsetTC	16	static
MPU6050.c:2742:8:MPU6050_getYGyroOffsetTC	16	static
MPU6050.c:2746:6:MPU6050_setYGyroOffsetTC	16	static
MPU6050.c:2752:8:MPU6050_getZGyroOffsetTC	16	static
MPU6050.c:2756:6:MPU6050_setZGyroOffsetTC	16	static
MPU6050.c:2762:8:MPU6050_getXFineGain	8	static
MPU6050.c:2766:6:MPU6050_setXFineGain	0	static
MPU6050.c:2772:8:MPU6050_getYFineGain	8	static
MPU6050.c:2776:6:MPU6050_setYFineGain	0	static
MPU6050.c:2782:8:MPU6050_getZFineGain	8	static
MPU6050.c:2786:6:MPU6050_setZFineGain	0	static
MPU6050.c:2792:9:MPU6050_getXAccelOffset	16	static
MPU6050.c:2796:6:MPU6050_setXAccelOffset	0	static
MPU6050.c:2802:9:MPU6050_getYAccelOffset	16	static
MPU6050.c:2806:6:MPU6050_setYAccelOffset	0	static
MPU6050.c:2812:9:MPU6050_getZAccelOffset	16	static
MPU6050.c:2816:6:MPU6050_setZAccelOffset	0	static
MPU6050.c:2822:9:MPU6050_getXGyroOffset	16	static
MPU6050.c:2826:6:MPU6050_setXGyroOffset	0	static
MPU6050.c:2832:9:MPU6050_getYGyroOffset	16	static
MPU6050.c:2836:6:MPU6050_setYGyroOffset	0	static
MPU6050.c:2842:9:MPU6050_getZGyroOffset	16	static
MPU6050.c:2846:6:MPU6050_setZGyroOffset	0	static
MPU6050.c:2852:6:MPU6050_getIntPLLReadyEnabled	16	static
MPU6050.c:2856:6:MPU6050_setIntPLLReadyEnabled	0	static
MPU6050.c:2859:6:MPU6050_getIntDMPEnabled	16	static
MPU6050.c:2863:6:MPU6050_setIntDMPEnabled	0	static
MPU6050.c:2869:6:MPU6050_getDMPInt5Status	16	static
MPU6050.c:2873:6:MPU6050_getDMPInt4Status	16	static
MPU6050.c:2877:6:MPU6050_getDMPInt3Status	16	static
MPU6050.c:2881:6:MPU6050_getDMPInt2Status	16	static
MPU6050.c:2885:6:MPU6050_getDMPInt1Status	16	static
MPU6050.c:2889:6:MPU6050_getDMPInt0Status	16	static
MPU6050.c:2896:6:MPU6050_getIntPLLReadyStatus	16	static
MPU6050.c:2900:6:MPU6050_getIntDMPStatus	16	static
MPU6050.c:2907:6:MPU6050_getDMPEnabled	16	static
MPU6050.c:2911:6:MPU6050_setDMPEnabled	0	static
MPU6050.c:2914:6:MPU6050_resetDMP	0	static
MPU6050.c:2920:6:MPU6050_setMemoryBank	0	static
MPU6050.c:2929:6:MPU6050_setMemoryStartAddress	0	static
MPU6050.c:2935:9:MPU6050_readMemoryByte	8	static
MPU6050.c:2939:6:MPU6050_writeMemoryByte	0	static
MPU6050.c:2942:6:MPU6050_readMemoryBlock	48	static
MPU6050.c:2974:6:MPU6050_writeMemoryBlock	56	static
MPU6050.c:3050:6:MPU6050_writeProgMemoryBlock	16	static
MPU6050.c:3053:6:MPU6050_writeDMPConfigurationSet	56	static
MPU6050.c:3128:6:MPU6050_writeProgDMPConfigurationSet	0	static
MPU6050.c:3134:9:MPU6050_getDMPConfig1	8	static
MPU6050.c:3138:6:MPU6050_setDMPConfig1	0	static
MPU6050.c:3144:9:MPU6050_getDMPConfig2	8	static
MPU6050.c:3148:6:MPU6050_setDMPConfig2	0	static
